Archive member included to satisfy reference by file (symbol)

c:/st/stm32cubeide_1.7.0/stm32cubeide/plugins/com.st.stm32cube.ide.mcu.externaltools.gnu-tools-for-stm32.9-2020-q2-update.win32_2.0.0.202105311346/tools/bin/../lib/gcc/arm-none-eabi/9.3.1/../../../../arm-none-eabi/lib/thumb/v7e-m+fp/hard\libc_nano.a(lib_a-exit.o)
                              c:/st/stm32cubeide_1.7.0/stm32cubeide/plugins/com.st.stm32cube.ide.mcu.externaltools.gnu-tools-for-stm32.9-2020-q2-update.win32_2.0.0.202105311346/tools/bin/../lib/gcc/arm-none-eabi/9.3.1/../../../../arm-none-eabi/lib/thumb/v7e-m+fp/hard/crt0.o (exit)
c:/st/stm32cubeide_1.7.0/stm32cubeide/plugins/com.st.stm32cube.ide.mcu.externaltools.gnu-tools-for-stm32.9-2020-q2-update.win32_2.0.0.202105311346/tools/bin/../lib/gcc/arm-none-eabi/9.3.1/../../../../arm-none-eabi/lib/thumb/v7e-m+fp/hard\libc_nano.a(lib_a-impure.o)
                              c:/st/stm32cubeide_1.7.0/stm32cubeide/plugins/com.st.stm32cube.ide.mcu.externaltools.gnu-tools-for-stm32.9-2020-q2-update.win32_2.0.0.202105311346/tools/bin/../lib/gcc/arm-none-eabi/9.3.1/../../../../arm-none-eabi/lib/thumb/v7e-m+fp/hard\libc_nano.a(lib_a-exit.o) (_global_impure_ptr)
c:/st/stm32cubeide_1.7.0/stm32cubeide/plugins/com.st.stm32cube.ide.mcu.externaltools.gnu-tools-for-stm32.9-2020-q2-update.win32_2.0.0.202105311346/tools/bin/../lib/gcc/arm-none-eabi/9.3.1/../../../../arm-none-eabi/lib/thumb/v7e-m+fp/hard\libc_nano.a(lib_a-init.o)
                              c:/st/stm32cubeide_1.7.0/stm32cubeide/plugins/com.st.stm32cube.ide.mcu.externaltools.gnu-tools-for-stm32.9-2020-q2-update.win32_2.0.0.202105311346/tools/bin/../lib/gcc/arm-none-eabi/9.3.1/../../../../arm-none-eabi/lib/thumb/v7e-m+fp/hard/crt0.o (__libc_init_array)
c:/st/stm32cubeide_1.7.0/stm32cubeide/plugins/com.st.stm32cube.ide.mcu.externaltools.gnu-tools-for-stm32.9-2020-q2-update.win32_2.0.0.202105311346/tools/bin/../lib/gcc/arm-none-eabi/9.3.1/../../../../arm-none-eabi/lib/thumb/v7e-m+fp/hard\libc_nano.a(lib_a-memset.o)
                              c:/st/stm32cubeide_1.7.0/stm32cubeide/plugins/com.st.stm32cube.ide.mcu.externaltools.gnu-tools-for-stm32.9-2020-q2-update.win32_2.0.0.202105311346/tools/bin/../lib/gcc/arm-none-eabi/9.3.1/../../../../arm-none-eabi/lib/thumb/v7e-m+fp/hard/crt0.o (memset)
c:/st/stm32cubeide_1.7.0/stm32cubeide/plugins/com.st.stm32cube.ide.mcu.externaltools.gnu-tools-for-stm32.9-2020-q2-update.win32_2.0.0.202105311346/tools/bin/../lib/gcc/arm-none-eabi/9.3.1/../../../../arm-none-eabi/lib/thumb/v7e-m+fp/hard\libnosys.a(_exit.o)
                              c:/st/stm32cubeide_1.7.0/stm32cubeide/plugins/com.st.stm32cube.ide.mcu.externaltools.gnu-tools-for-stm32.9-2020-q2-update.win32_2.0.0.202105311346/tools/bin/../lib/gcc/arm-none-eabi/9.3.1/../../../../arm-none-eabi/lib/thumb/v7e-m+fp/hard\libc_nano.a(lib_a-exit.o) (_exit)

Discarded input sections

 .text          0x0000000000000000        0x0 c:/st/stm32cubeide_1.7.0/stm32cubeide/plugins/com.st.stm32cube.ide.mcu.externaltools.gnu-tools-for-stm32.9-2020-q2-update.win32_2.0.0.202105311346/tools/bin/../lib/gcc/arm-none-eabi/9.3.1/thumb/v7e-m+fp/hard/crti.o
 .data          0x0000000000000000        0x0 c:/st/stm32cubeide_1.7.0/stm32cubeide/plugins/com.st.stm32cube.ide.mcu.externaltools.gnu-tools-for-stm32.9-2020-q2-update.win32_2.0.0.202105311346/tools/bin/../lib/gcc/arm-none-eabi/9.3.1/thumb/v7e-m+fp/hard/crti.o
 .bss           0x0000000000000000        0x0 c:/st/stm32cubeide_1.7.0/stm32cubeide/plugins/com.st.stm32cube.ide.mcu.externaltools.gnu-tools-for-stm32.9-2020-q2-update.win32_2.0.0.202105311346/tools/bin/../lib/gcc/arm-none-eabi/9.3.1/thumb/v7e-m+fp/hard/crti.o
 .text          0x0000000000000000       0x40 c:/st/stm32cubeide_1.7.0/stm32cubeide/plugins/com.st.stm32cube.ide.mcu.externaltools.gnu-tools-for-stm32.9-2020-q2-update.win32_2.0.0.202105311346/tools/bin/../lib/gcc/arm-none-eabi/9.3.1/thumb/v7e-m+fp/hard/crtbegin.o
 .data          0x0000000000000000        0x4 c:/st/stm32cubeide_1.7.0/stm32cubeide/plugins/com.st.stm32cube.ide.mcu.externaltools.gnu-tools-for-stm32.9-2020-q2-update.win32_2.0.0.202105311346/tools/bin/../lib/gcc/arm-none-eabi/9.3.1/thumb/v7e-m+fp/hard/crtbegin.o
 .bss           0x0000000000000000       0x1c c:/st/stm32cubeide_1.7.0/stm32cubeide/plugins/com.st.stm32cube.ide.mcu.externaltools.gnu-tools-for-stm32.9-2020-q2-update.win32_2.0.0.202105311346/tools/bin/../lib/gcc/arm-none-eabi/9.3.1/thumb/v7e-m+fp/hard/crtbegin.o
 .init_array    0x0000000000000000        0x4 c:/st/stm32cubeide_1.7.0/stm32cubeide/plugins/com.st.stm32cube.ide.mcu.externaltools.gnu-tools-for-stm32.9-2020-q2-update.win32_2.0.0.202105311346/tools/bin/../lib/gcc/arm-none-eabi/9.3.1/thumb/v7e-m+fp/hard/crtbegin.o
 .fini_array    0x0000000000000000        0x4 c:/st/stm32cubeide_1.7.0/stm32cubeide/plugins/com.st.stm32cube.ide.mcu.externaltools.gnu-tools-for-stm32.9-2020-q2-update.win32_2.0.0.202105311346/tools/bin/../lib/gcc/arm-none-eabi/9.3.1/thumb/v7e-m+fp/hard/crtbegin.o
 .eh_frame      0x0000000000000000        0x0 c:/st/stm32cubeide_1.7.0/stm32cubeide/plugins/com.st.stm32cube.ide.mcu.externaltools.gnu-tools-for-stm32.9-2020-q2-update.win32_2.0.0.202105311346/tools/bin/../lib/gcc/arm-none-eabi/9.3.1/thumb/v7e-m+fp/hard/crtbegin.o
 .ARM.attributes
                0x0000000000000000       0x34 c:/st/stm32cubeide_1.7.0/stm32cubeide/plugins/com.st.stm32cube.ide.mcu.externaltools.gnu-tools-for-stm32.9-2020-q2-update.win32_2.0.0.202105311346/tools/bin/../lib/gcc/arm-none-eabi/9.3.1/thumb/v7e-m+fp/hard/crtbegin.o
 .text          0x0000000000000000       0x7c c:/st/stm32cubeide_1.7.0/stm32cubeide/plugins/com.st.stm32cube.ide.mcu.externaltools.gnu-tools-for-stm32.9-2020-q2-update.win32_2.0.0.202105311346/tools/bin/../lib/gcc/arm-none-eabi/9.3.1/../../../../arm-none-eabi/lib/thumb/v7e-m+fp/hard/crt0.o
 .data          0x0000000000000000        0x0 c:/st/stm32cubeide_1.7.0/stm32cubeide/plugins/com.st.stm32cube.ide.mcu.externaltools.gnu-tools-for-stm32.9-2020-q2-update.win32_2.0.0.202105311346/tools/bin/../lib/gcc/arm-none-eabi/9.3.1/../../../../arm-none-eabi/lib/thumb/v7e-m+fp/hard/crt0.o
 .bss           0x0000000000000000        0x0 c:/st/stm32cubeide_1.7.0/stm32cubeide/plugins/com.st.stm32cube.ide.mcu.externaltools.gnu-tools-for-stm32.9-2020-q2-update.win32_2.0.0.202105311346/tools/bin/../lib/gcc/arm-none-eabi/9.3.1/../../../../arm-none-eabi/lib/thumb/v7e-m+fp/hard/crt0.o
 .ARM.extab     0x0000000000000000        0x0 c:/st/stm32cubeide_1.7.0/stm32cubeide/plugins/com.st.stm32cube.ide.mcu.externaltools.gnu-tools-for-stm32.9-2020-q2-update.win32_2.0.0.202105311346/tools/bin/../lib/gcc/arm-none-eabi/9.3.1/../../../../arm-none-eabi/lib/thumb/v7e-m+fp/hard/crt0.o
 .ARM.exidx     0x0000000000000000       0x10 c:/st/stm32cubeide_1.7.0/stm32cubeide/plugins/com.st.stm32cube.ide.mcu.externaltools.gnu-tools-for-stm32.9-2020-q2-update.win32_2.0.0.202105311346/tools/bin/../lib/gcc/arm-none-eabi/9.3.1/../../../../arm-none-eabi/lib/thumb/v7e-m+fp/hard/crt0.o
 .ARM.attributes
                0x0000000000000000       0x1c c:/st/stm32cubeide_1.7.0/stm32cubeide/plugins/com.st.stm32cube.ide.mcu.externaltools.gnu-tools-for-stm32.9-2020-q2-update.win32_2.0.0.202105311346/tools/bin/../lib/gcc/arm-none-eabi/9.3.1/../../../../arm-none-eabi/lib/thumb/v7e-m+fp/hard/crt0.o
 .group         0x0000000000000000        0xc ./APP/BUTTON/Core/Button_core.o
 .group         0x0000000000000000        0xc ./APP/BUTTON/Core/Button_core.o
 .group         0x0000000000000000        0xc ./APP/BUTTON/Core/Button_core.o
 .group         0x0000000000000000        0xc ./APP/BUTTON/Core/Button_core.o
 .group         0x0000000000000000        0xc ./APP/BUTTON/Core/Button_core.o
 .group         0x0000000000000000        0xc ./APP/BUTTON/Core/Button_core.o
 .group         0x0000000000000000        0xc ./APP/BUTTON/Core/Button_core.o
 .group         0x0000000000000000        0xc ./APP/BUTTON/Core/Button_core.o
 .group         0x0000000000000000        0xc ./APP/BUTTON/Core/Button_core.o
 .group         0x0000000000000000        0xc ./APP/BUTTON/Core/Button_core.o
 .group         0x0000000000000000        0xc ./APP/BUTTON/Core/Button_core.o
 .group         0x0000000000000000        0xc ./APP/BUTTON/Core/Button_core.o
 .text          0x0000000000000000        0x0 ./APP/BUTTON/Core/Button_core.o
 .data          0x0000000000000000        0x0 ./APP/BUTTON/Core/Button_core.o
 .bss           0x0000000000000000        0x0 ./APP/BUTTON/Core/Button_core.o
 .text.BUTTON_PullUp_IsPushed
                0x0000000000000000       0x2c ./APP/BUTTON/Core/Button_core.o
 .group         0x0000000000000000        0xc ./APP/LED/Core/Led_core.o
 .group         0x0000000000000000        0xc ./APP/LED/Core/Led_core.o
 .group         0x0000000000000000        0xc ./APP/LED/Core/Led_core.o
 .group         0x0000000000000000        0xc ./APP/LED/Core/Led_core.o
 .group         0x0000000000000000        0xc ./APP/LED/Core/Led_core.o
 .group         0x0000000000000000        0xc ./APP/LED/Core/Led_core.o
 .group         0x0000000000000000        0xc ./APP/LED/Core/Led_core.o
 .group         0x0000000000000000        0xc ./APP/LED/Core/Led_core.o
 .group         0x0000000000000000        0xc ./APP/LED/Core/Led_core.o
 .group         0x0000000000000000        0xc ./APP/LED/Core/Led_core.o
 .group         0x0000000000000000        0xc ./APP/LED/Core/Led_core.o
 .text          0x0000000000000000        0x0 ./APP/LED/Core/Led_core.o
 .data          0x0000000000000000        0x0 ./APP/LED/Core/Led_core.o
 .bss           0x0000000000000000        0x0 ./APP/LED/Core/Led_core.o
 .text.LED_ON   0x0000000000000000       0x20 ./APP/LED/Core/Led_core.o
 .text.LED_OFF  0x0000000000000000       0x20 ./APP/LED/Core/Led_core.o
 .debug_macro   0x0000000000000000      0xa96 ./APP/LED/Core/Led_core.o
 .debug_macro   0x0000000000000000       0x22 ./APP/LED/Core/Led_core.o
 .debug_macro   0x0000000000000000       0x8e ./APP/LED/Core/Led_core.o
 .debug_macro   0x0000000000000000       0x51 ./APP/LED/Core/Led_core.o
 .debug_macro   0x0000000000000000      0x103 ./APP/LED/Core/Led_core.o
 .debug_macro   0x0000000000000000       0x6a ./APP/LED/Core/Led_core.o
 .debug_macro   0x0000000000000000      0x1df ./APP/LED/Core/Led_core.o
 .debug_macro   0x0000000000000000      0x736 ./APP/LED/Core/Led_core.o
 .debug_macro   0x0000000000000000      0x450 ./APP/LED/Core/Led_core.o
 .debug_macro   0x0000000000000000      0x1f0 ./APP/LED/Core/Led_core.o
 .group         0x0000000000000000        0xc ./MCAL/STM32F303RE_MCAL/BSW/Port/Core/Port_core.o
 .group         0x0000000000000000        0xc ./MCAL/STM32F303RE_MCAL/BSW/Port/Core/Port_core.o
 .group         0x0000000000000000        0xc ./MCAL/STM32F303RE_MCAL/BSW/Port/Core/Port_core.o
 .group         0x0000000000000000        0xc ./MCAL/STM32F303RE_MCAL/BSW/Port/Core/Port_core.o
 .group         0x0000000000000000        0xc ./MCAL/STM32F303RE_MCAL/BSW/Port/Core/Port_core.o
 .group         0x0000000000000000        0xc ./MCAL/STM32F303RE_MCAL/BSW/Port/Core/Port_core.o
 .group         0x0000000000000000        0xc ./MCAL/STM32F303RE_MCAL/BSW/Port/Core/Port_core.o
 .group         0x0000000000000000        0xc ./MCAL/STM32F303RE_MCAL/BSW/Port/Core/Port_core.o
 .group         0x0000000000000000        0xc ./MCAL/STM32F303RE_MCAL/BSW/Port/Core/Port_core.o
 .group         0x0000000000000000        0xc ./MCAL/STM32F303RE_MCAL/BSW/Port/Core/Port_core.o
 .text          0x0000000000000000        0x0 ./MCAL/STM32F303RE_MCAL/BSW/Port/Core/Port_core.o
 .data          0x0000000000000000        0x0 ./MCAL/STM32F303RE_MCAL/BSW/Port/Core/Port_core.o
 .bss           0x0000000000000000        0x0 ./MCAL/STM32F303RE_MCAL/BSW/Port/Core/Port_core.o
 .debug_macro   0x0000000000000000      0xa96 ./MCAL/STM32F303RE_MCAL/BSW/Port/Core/Port_core.o
 .debug_macro   0x0000000000000000       0x22 ./MCAL/STM32F303RE_MCAL/BSW/Port/Core/Port_core.o
 .debug_macro   0x0000000000000000       0x8e ./MCAL/STM32F303RE_MCAL/BSW/Port/Core/Port_core.o
 .debug_macro   0x0000000000000000       0x51 ./MCAL/STM32F303RE_MCAL/BSW/Port/Core/Port_core.o
 .debug_macro   0x0000000000000000      0x103 ./MCAL/STM32F303RE_MCAL/BSW/Port/Core/Port_core.o
 .debug_macro   0x0000000000000000       0x6a ./MCAL/STM32F303RE_MCAL/BSW/Port/Core/Port_core.o
 .debug_macro   0x0000000000000000      0x1df ./MCAL/STM32F303RE_MCAL/BSW/Port/Core/Port_core.o
 .debug_macro   0x0000000000000000      0x736 ./MCAL/STM32F303RE_MCAL/BSW/Port/Core/Port_core.o
 .debug_macro   0x0000000000000000      0x450 ./MCAL/STM32F303RE_MCAL/BSW/Port/Core/Port_core.o
 .debug_macro   0x0000000000000000      0x1f0 ./MCAL/STM32F303RE_MCAL/BSW/Port/Core/Port_core.o
 .group         0x0000000000000000        0xc ./Src/main.o
 .group         0x0000000000000000        0xc ./Src/main.o
 .group         0x0000000000000000        0xc ./Src/main.o
 .group         0x0000000000000000        0xc ./Src/main.o
 .group         0x0000000000000000        0xc ./Src/main.o
 .group         0x0000000000000000        0xc ./Src/main.o
 .group         0x0000000000000000        0xc ./Src/main.o
 .group         0x0000000000000000        0xc ./Src/main.o
 .group         0x0000000000000000        0xc ./Src/main.o
 .group         0x0000000000000000        0xc ./Src/main.o
 .group         0x0000000000000000        0xc ./Src/main.o
 .group         0x0000000000000000        0xc ./Src/main.o
 .group         0x0000000000000000        0xc ./Src/main.o
 .text          0x0000000000000000        0x0 ./Src/main.o
 .data          0x0000000000000000        0x0 ./Src/main.o
 .bss           0x0000000000000000        0x0 ./Src/main.o
 .debug_macro   0x0000000000000000      0xa96 ./Src/main.o
 .debug_macro   0x0000000000000000       0x22 ./Src/main.o
 .debug_macro   0x0000000000000000       0x8e ./Src/main.o
 .debug_macro   0x0000000000000000       0x51 ./Src/main.o
 .debug_macro   0x0000000000000000      0x103 ./Src/main.o
 .debug_macro   0x0000000000000000       0x6a ./Src/main.o
 .debug_macro   0x0000000000000000      0x1df ./Src/main.o
 .debug_macro   0x0000000000000000      0x1f0 ./Src/main.o
 .debug_macro   0x0000000000000000       0x22 ./Src/main.o
 .group         0x0000000000000000        0xc ./Startup/stm32f303x6_startup.o
 .group         0x0000000000000000        0xc ./Startup/stm32f303x6_startup.o
 .group         0x0000000000000000        0xc ./Startup/stm32f303x6_startup.o
 .group         0x0000000000000000        0xc ./Startup/stm32f303x6_startup.o
 .group         0x0000000000000000        0xc ./Startup/stm32f303x6_startup.o
 .group         0x0000000000000000        0xc ./Startup/stm32f303x6_startup.o
 .group         0x0000000000000000        0xc ./Startup/stm32f303x6_startup.o
 .text          0x0000000000000000        0x0 ./Startup/stm32f303x6_startup.o
 .data          0x0000000000000000        0x0 ./Startup/stm32f303x6_startup.o
 .bss           0x0000000000000000        0x0 ./Startup/stm32f303x6_startup.o
 .debug_macro   0x0000000000000000      0xa96 ./Startup/stm32f303x6_startup.o
 .debug_macro   0x0000000000000000       0x22 ./Startup/stm32f303x6_startup.o
 .debug_macro   0x0000000000000000       0x8e ./Startup/stm32f303x6_startup.o
 .debug_macro   0x0000000000000000       0x51 ./Startup/stm32f303x6_startup.o
 .debug_macro   0x0000000000000000      0x103 ./Startup/stm32f303x6_startup.o
 .debug_macro   0x0000000000000000       0x6a ./Startup/stm32f303x6_startup.o
 .debug_macro   0x0000000000000000      0x1df ./Startup/stm32f303x6_startup.o
 .text          0x0000000000000000        0x0 c:/st/stm32cubeide_1.7.0/stm32cubeide/plugins/com.st.stm32cube.ide.mcu.externaltools.gnu-tools-for-stm32.9-2020-q2-update.win32_2.0.0.202105311346/tools/bin/../lib/gcc/arm-none-eabi/9.3.1/../../../../arm-none-eabi/lib/thumb/v7e-m+fp/hard\libc_nano.a(lib_a-exit.o)
 .data          0x0000000000000000        0x0 c:/st/stm32cubeide_1.7.0/stm32cubeide/plugins/com.st.stm32cube.ide.mcu.externaltools.gnu-tools-for-stm32.9-2020-q2-update.win32_2.0.0.202105311346/tools/bin/../lib/gcc/arm-none-eabi/9.3.1/../../../../arm-none-eabi/lib/thumb/v7e-m+fp/hard\libc_nano.a(lib_a-exit.o)
 .bss           0x0000000000000000        0x0 c:/st/stm32cubeide_1.7.0/stm32cubeide/plugins/com.st.stm32cube.ide.mcu.externaltools.gnu-tools-for-stm32.9-2020-q2-update.win32_2.0.0.202105311346/tools/bin/../lib/gcc/arm-none-eabi/9.3.1/../../../../arm-none-eabi/lib/thumb/v7e-m+fp/hard\libc_nano.a(lib_a-exit.o)
 .text.exit     0x0000000000000000       0x28 c:/st/stm32cubeide_1.7.0/stm32cubeide/plugins/com.st.stm32cube.ide.mcu.externaltools.gnu-tools-for-stm32.9-2020-q2-update.win32_2.0.0.202105311346/tools/bin/../lib/gcc/arm-none-eabi/9.3.1/../../../../arm-none-eabi/lib/thumb/v7e-m+fp/hard\libc_nano.a(lib_a-exit.o)
 .debug_frame   0x0000000000000000       0x28 c:/st/stm32cubeide_1.7.0/stm32cubeide/plugins/com.st.stm32cube.ide.mcu.externaltools.gnu-tools-for-stm32.9-2020-q2-update.win32_2.0.0.202105311346/tools/bin/../lib/gcc/arm-none-eabi/9.3.1/../../../../arm-none-eabi/lib/thumb/v7e-m+fp/hard\libc_nano.a(lib_a-exit.o)
 .ARM.attributes
                0x0000000000000000       0x34 c:/st/stm32cubeide_1.7.0/stm32cubeide/plugins/com.st.stm32cube.ide.mcu.externaltools.gnu-tools-for-stm32.9-2020-q2-update.win32_2.0.0.202105311346/tools/bin/../lib/gcc/arm-none-eabi/9.3.1/../../../../arm-none-eabi/lib/thumb/v7e-m+fp/hard\libc_nano.a(lib_a-exit.o)
 .text          0x0000000000000000        0x0 c:/st/stm32cubeide_1.7.0/stm32cubeide/plugins/com.st.stm32cube.ide.mcu.externaltools.gnu-tools-for-stm32.9-2020-q2-update.win32_2.0.0.202105311346/tools/bin/../lib/gcc/arm-none-eabi/9.3.1/../../../../arm-none-eabi/lib/thumb/v7e-m+fp/hard\libc_nano.a(lib_a-impure.o)
 .data          0x0000000000000000        0x0 c:/st/stm32cubeide_1.7.0/stm32cubeide/plugins/com.st.stm32cube.ide.mcu.externaltools.gnu-tools-for-stm32.9-2020-q2-update.win32_2.0.0.202105311346/tools/bin/../lib/gcc/arm-none-eabi/9.3.1/../../../../arm-none-eabi/lib/thumb/v7e-m+fp/hard\libc_nano.a(lib_a-impure.o)
 .bss           0x0000000000000000        0x0 c:/st/stm32cubeide_1.7.0/stm32cubeide/plugins/com.st.stm32cube.ide.mcu.externaltools.gnu-tools-for-stm32.9-2020-q2-update.win32_2.0.0.202105311346/tools/bin/../lib/gcc/arm-none-eabi/9.3.1/../../../../arm-none-eabi/lib/thumb/v7e-m+fp/hard\libc_nano.a(lib_a-impure.o)
 .data._impure_ptr
                0x0000000000000000        0x4 c:/st/stm32cubeide_1.7.0/stm32cubeide/plugins/com.st.stm32cube.ide.mcu.externaltools.gnu-tools-for-stm32.9-2020-q2-update.win32_2.0.0.202105311346/tools/bin/../lib/gcc/arm-none-eabi/9.3.1/../../../../arm-none-eabi/lib/thumb/v7e-m+fp/hard\libc_nano.a(lib_a-impure.o)
 .data.impure_data
                0x0000000000000000       0x60 c:/st/stm32cubeide_1.7.0/stm32cubeide/plugins/com.st.stm32cube.ide.mcu.externaltools.gnu-tools-for-stm32.9-2020-q2-update.win32_2.0.0.202105311346/tools/bin/../lib/gcc/arm-none-eabi/9.3.1/../../../../arm-none-eabi/lib/thumb/v7e-m+fp/hard\libc_nano.a(lib_a-impure.o)
 .rodata._global_impure_ptr
                0x0000000000000000        0x4 c:/st/stm32cubeide_1.7.0/stm32cubeide/plugins/com.st.stm32cube.ide.mcu.externaltools.gnu-tools-for-stm32.9-2020-q2-update.win32_2.0.0.202105311346/tools/bin/../lib/gcc/arm-none-eabi/9.3.1/../../../../arm-none-eabi/lib/thumb/v7e-m+fp/hard\libc_nano.a(lib_a-impure.o)
 .ARM.attributes
                0x0000000000000000       0x32 c:/st/stm32cubeide_1.7.0/stm32cubeide/plugins/com.st.stm32cube.ide.mcu.externaltools.gnu-tools-for-stm32.9-2020-q2-update.win32_2.0.0.202105311346/tools/bin/../lib/gcc/arm-none-eabi/9.3.1/../../../../arm-none-eabi/lib/thumb/v7e-m+fp/hard\libc_nano.a(lib_a-impure.o)
 .text          0x0000000000000000        0x0 c:/st/stm32cubeide_1.7.0/stm32cubeide/plugins/com.st.stm32cube.ide.mcu.externaltools.gnu-tools-for-stm32.9-2020-q2-update.win32_2.0.0.202105311346/tools/bin/../lib/gcc/arm-none-eabi/9.3.1/../../../../arm-none-eabi/lib/thumb/v7e-m+fp/hard\libc_nano.a(lib_a-init.o)
 .data          0x0000000000000000        0x0 c:/st/stm32cubeide_1.7.0/stm32cubeide/plugins/com.st.stm32cube.ide.mcu.externaltools.gnu-tools-for-stm32.9-2020-q2-update.win32_2.0.0.202105311346/tools/bin/../lib/gcc/arm-none-eabi/9.3.1/../../../../arm-none-eabi/lib/thumb/v7e-m+fp/hard\libc_nano.a(lib_a-init.o)
 .bss           0x0000000000000000        0x0 c:/st/stm32cubeide_1.7.0/stm32cubeide/plugins/com.st.stm32cube.ide.mcu.externaltools.gnu-tools-for-stm32.9-2020-q2-update.win32_2.0.0.202105311346/tools/bin/../lib/gcc/arm-none-eabi/9.3.1/../../../../arm-none-eabi/lib/thumb/v7e-m+fp/hard\libc_nano.a(lib_a-init.o)
 .text.__libc_init_array
                0x0000000000000000       0x48 c:/st/stm32cubeide_1.7.0/stm32cubeide/plugins/com.st.stm32cube.ide.mcu.externaltools.gnu-tools-for-stm32.9-2020-q2-update.win32_2.0.0.202105311346/tools/bin/../lib/gcc/arm-none-eabi/9.3.1/../../../../arm-none-eabi/lib/thumb/v7e-m+fp/hard\libc_nano.a(lib_a-init.o)
 .debug_frame   0x0000000000000000       0x2c c:/st/stm32cubeide_1.7.0/stm32cubeide/plugins/com.st.stm32cube.ide.mcu.externaltools.gnu-tools-for-stm32.9-2020-q2-update.win32_2.0.0.202105311346/tools/bin/../lib/gcc/arm-none-eabi/9.3.1/../../../../arm-none-eabi/lib/thumb/v7e-m+fp/hard\libc_nano.a(lib_a-init.o)
 .ARM.attributes
                0x0000000000000000       0x34 c:/st/stm32cubeide_1.7.0/stm32cubeide/plugins/com.st.stm32cube.ide.mcu.externaltools.gnu-tools-for-stm32.9-2020-q2-update.win32_2.0.0.202105311346/tools/bin/../lib/gcc/arm-none-eabi/9.3.1/../../../../arm-none-eabi/lib/thumb/v7e-m+fp/hard\libc_nano.a(lib_a-init.o)
 .text          0x0000000000000000        0x0 c:/st/stm32cubeide_1.7.0/stm32cubeide/plugins/com.st.stm32cube.ide.mcu.externaltools.gnu-tools-for-stm32.9-2020-q2-update.win32_2.0.0.202105311346/tools/bin/../lib/gcc/arm-none-eabi/9.3.1/../../../../arm-none-eabi/lib/thumb/v7e-m+fp/hard\libc_nano.a(lib_a-memset.o)
 .data          0x0000000000000000        0x0 c:/st/stm32cubeide_1.7.0/stm32cubeide/plugins/com.st.stm32cube.ide.mcu.externaltools.gnu-tools-for-stm32.9-2020-q2-update.win32_2.0.0.202105311346/tools/bin/../lib/gcc/arm-none-eabi/9.3.1/../../../../arm-none-eabi/lib/thumb/v7e-m+fp/hard\libc_nano.a(lib_a-memset.o)
 .bss           0x0000000000000000        0x0 c:/st/stm32cubeide_1.7.0/stm32cubeide/plugins/com.st.stm32cube.ide.mcu.externaltools.gnu-tools-for-stm32.9-2020-q2-update.win32_2.0.0.202105311346/tools/bin/../lib/gcc/arm-none-eabi/9.3.1/../../../../arm-none-eabi/lib/thumb/v7e-m+fp/hard\libc_nano.a(lib_a-memset.o)
 .text.memset   0x0000000000000000       0x10 c:/st/stm32cubeide_1.7.0/stm32cubeide/plugins/com.st.stm32cube.ide.mcu.externaltools.gnu-tools-for-stm32.9-2020-q2-update.win32_2.0.0.202105311346/tools/bin/../lib/gcc/arm-none-eabi/9.3.1/../../../../arm-none-eabi/lib/thumb/v7e-m+fp/hard\libc_nano.a(lib_a-memset.o)
 .debug_frame   0x0000000000000000       0x20 c:/st/stm32cubeide_1.7.0/stm32cubeide/plugins/com.st.stm32cube.ide.mcu.externaltools.gnu-tools-for-stm32.9-2020-q2-update.win32_2.0.0.202105311346/tools/bin/../lib/gcc/arm-none-eabi/9.3.1/../../../../arm-none-eabi/lib/thumb/v7e-m+fp/hard\libc_nano.a(lib_a-memset.o)
 .ARM.attributes
                0x0000000000000000       0x34 c:/st/stm32cubeide_1.7.0/stm32cubeide/plugins/com.st.stm32cube.ide.mcu.externaltools.gnu-tools-for-stm32.9-2020-q2-update.win32_2.0.0.202105311346/tools/bin/../lib/gcc/arm-none-eabi/9.3.1/../../../../arm-none-eabi/lib/thumb/v7e-m+fp/hard\libc_nano.a(lib_a-memset.o)
 .text          0x0000000000000000        0x0 c:/st/stm32cubeide_1.7.0/stm32cubeide/plugins/com.st.stm32cube.ide.mcu.externaltools.gnu-tools-for-stm32.9-2020-q2-update.win32_2.0.0.202105311346/tools/bin/../lib/gcc/arm-none-eabi/9.3.1/../../../../arm-none-eabi/lib/thumb/v7e-m+fp/hard\libnosys.a(_exit.o)
 .data          0x0000000000000000        0x0 c:/st/stm32cubeide_1.7.0/stm32cubeide/plugins/com.st.stm32cube.ide.mcu.externaltools.gnu-tools-for-stm32.9-2020-q2-update.win32_2.0.0.202105311346/tools/bin/../lib/gcc/arm-none-eabi/9.3.1/../../../../arm-none-eabi/lib/thumb/v7e-m+fp/hard\libnosys.a(_exit.o)
 .bss           0x0000000000000000        0x0 c:/st/stm32cubeide_1.7.0/stm32cubeide/plugins/com.st.stm32cube.ide.mcu.externaltools.gnu-tools-for-stm32.9-2020-q2-update.win32_2.0.0.202105311346/tools/bin/../lib/gcc/arm-none-eabi/9.3.1/../../../../arm-none-eabi/lib/thumb/v7e-m+fp/hard\libnosys.a(_exit.o)
 .text._exit    0x0000000000000000        0x2 c:/st/stm32cubeide_1.7.0/stm32cubeide/plugins/com.st.stm32cube.ide.mcu.externaltools.gnu-tools-for-stm32.9-2020-q2-update.win32_2.0.0.202105311346/tools/bin/../lib/gcc/arm-none-eabi/9.3.1/../../../../arm-none-eabi/lib/thumb/v7e-m+fp/hard\libnosys.a(_exit.o)
 .debug_frame   0x0000000000000000       0x20 c:/st/stm32cubeide_1.7.0/stm32cubeide/plugins/com.st.stm32cube.ide.mcu.externaltools.gnu-tools-for-stm32.9-2020-q2-update.win32_2.0.0.202105311346/tools/bin/../lib/gcc/arm-none-eabi/9.3.1/../../../../arm-none-eabi/lib/thumb/v7e-m+fp/hard\libnosys.a(_exit.o)
 .ARM.attributes
                0x0000000000000000       0x34 c:/st/stm32cubeide_1.7.0/stm32cubeide/plugins/com.st.stm32cube.ide.mcu.externaltools.gnu-tools-for-stm32.9-2020-q2-update.win32_2.0.0.202105311346/tools/bin/../lib/gcc/arm-none-eabi/9.3.1/../../../../arm-none-eabi/lib/thumb/v7e-m+fp/hard\libnosys.a(_exit.o)
 .text          0x0000000000000000        0x0 c:/st/stm32cubeide_1.7.0/stm32cubeide/plugins/com.st.stm32cube.ide.mcu.externaltools.gnu-tools-for-stm32.9-2020-q2-update.win32_2.0.0.202105311346/tools/bin/../lib/gcc/arm-none-eabi/9.3.1/thumb/v7e-m+fp/hard/crtend.o
 .data          0x0000000000000000        0x0 c:/st/stm32cubeide_1.7.0/stm32cubeide/plugins/com.st.stm32cube.ide.mcu.externaltools.gnu-tools-for-stm32.9-2020-q2-update.win32_2.0.0.202105311346/tools/bin/../lib/gcc/arm-none-eabi/9.3.1/thumb/v7e-m+fp/hard/crtend.o
 .bss           0x0000000000000000        0x0 c:/st/stm32cubeide_1.7.0/stm32cubeide/plugins/com.st.stm32cube.ide.mcu.externaltools.gnu-tools-for-stm32.9-2020-q2-update.win32_2.0.0.202105311346/tools/bin/../lib/gcc/arm-none-eabi/9.3.1/thumb/v7e-m+fp/hard/crtend.o
 .eh_frame      0x0000000000000000        0x4 c:/st/stm32cubeide_1.7.0/stm32cubeide/plugins/com.st.stm32cube.ide.mcu.externaltools.gnu-tools-for-stm32.9-2020-q2-update.win32_2.0.0.202105311346/tools/bin/../lib/gcc/arm-none-eabi/9.3.1/thumb/v7e-m+fp/hard/crtend.o
 .ARM.attributes
                0x0000000000000000       0x32 c:/st/stm32cubeide_1.7.0/stm32cubeide/plugins/com.st.stm32cube.ide.mcu.externaltools.gnu-tools-for-stm32.9-2020-q2-update.win32_2.0.0.202105311346/tools/bin/../lib/gcc/arm-none-eabi/9.3.1/thumb/v7e-m+fp/hard/crtend.o
 .text          0x0000000000000000        0x0 c:/st/stm32cubeide_1.7.0/stm32cubeide/plugins/com.st.stm32cube.ide.mcu.externaltools.gnu-tools-for-stm32.9-2020-q2-update.win32_2.0.0.202105311346/tools/bin/../lib/gcc/arm-none-eabi/9.3.1/thumb/v7e-m+fp/hard/crtn.o
 .data          0x0000000000000000        0x0 c:/st/stm32cubeide_1.7.0/stm32cubeide/plugins/com.st.stm32cube.ide.mcu.externaltools.gnu-tools-for-stm32.9-2020-q2-update.win32_2.0.0.202105311346/tools/bin/../lib/gcc/arm-none-eabi/9.3.1/thumb/v7e-m+fp/hard/crtn.o
 .bss           0x0000000000000000        0x0 c:/st/stm32cubeide_1.7.0/stm32cubeide/plugins/com.st.stm32cube.ide.mcu.externaltools.gnu-tools-for-stm32.9-2020-q2-update.win32_2.0.0.202105311346/tools/bin/../lib/gcc/arm-none-eabi/9.3.1/thumb/v7e-m+fp/hard/crtn.o
 .init          0x0000000000000000        0x8 c:/st/stm32cubeide_1.7.0/stm32cubeide/plugins/com.st.stm32cube.ide.mcu.externaltools.gnu-tools-for-stm32.9-2020-q2-update.win32_2.0.0.202105311346/tools/bin/../lib/gcc/arm-none-eabi/9.3.1/thumb/v7e-m+fp/hard/crtn.o
 .fini          0x0000000000000000        0x8 c:/st/stm32cubeide_1.7.0/stm32cubeide/plugins/com.st.stm32cube.ide.mcu.externaltools.gnu-tools-for-stm32.9-2020-q2-update.win32_2.0.0.202105311346/tools/bin/../lib/gcc/arm-none-eabi/9.3.1/thumb/v7e-m+fp/hard/crtn.o
 .ARM.attributes
                0x0000000000000000       0x1e c:/st/stm32cubeide_1.7.0/stm32cubeide/plugins/com.st.stm32cube.ide.mcu.externaltools.gnu-tools-for-stm32.9-2020-q2-update.win32_2.0.0.202105311346/tools/bin/../lib/gcc/arm-none-eabi/9.3.1/thumb/v7e-m+fp/hard/crtn.o

Memory Configuration

Name             Origin             Length             Attributes
FLASH            0x0000000008000000 0x0000000000080000 xr
SRAM1            0x0000000010000000 0x0000000000004000 xrw
SRAM2            0x0000000020000000 0x0000000000010000 xrw
*default*        0x0000000000000000 0xffffffffffffffff

Linker script and memory map

LOAD c:/st/stm32cubeide_1.7.0/stm32cubeide/plugins/com.st.stm32cube.ide.mcu.externaltools.gnu-tools-for-stm32.9-2020-q2-update.win32_2.0.0.202105311346/tools/bin/../lib/gcc/arm-none-eabi/9.3.1/thumb/v7e-m+fp/hard/crti.o
LOAD c:/st/stm32cubeide_1.7.0/stm32cubeide/plugins/com.st.stm32cube.ide.mcu.externaltools.gnu-tools-for-stm32.9-2020-q2-update.win32_2.0.0.202105311346/tools/bin/../lib/gcc/arm-none-eabi/9.3.1/thumb/v7e-m+fp/hard/crtbegin.o
LOAD c:/st/stm32cubeide_1.7.0/stm32cubeide/plugins/com.st.stm32cube.ide.mcu.externaltools.gnu-tools-for-stm32.9-2020-q2-update.win32_2.0.0.202105311346/tools/bin/../lib/gcc/arm-none-eabi/9.3.1/../../../../arm-none-eabi/lib/thumb/v7e-m+fp/hard/crt0.o
LOAD ./APP/BUTTON/Core/Button_core.o
LOAD ./APP/LED/Core/Led_core.o
LOAD ./MCAL/STM32F303RE_MCAL/BSW/Port/Core/Port_core.o
LOAD ./Src/main.o
LOAD ./Startup/stm32f303x6_startup.o
START GROUP
LOAD c:/st/stm32cubeide_1.7.0/stm32cubeide/plugins/com.st.stm32cube.ide.mcu.externaltools.gnu-tools-for-stm32.9-2020-q2-update.win32_2.0.0.202105311346/tools/bin/../lib/gcc/arm-none-eabi/9.3.1/../../../../arm-none-eabi/lib/thumb/v7e-m+fp/hard\libc_nano.a
LOAD c:/st/stm32cubeide_1.7.0/stm32cubeide/plugins/com.st.stm32cube.ide.mcu.externaltools.gnu-tools-for-stm32.9-2020-q2-update.win32_2.0.0.202105311346/tools/bin/../lib/gcc/arm-none-eabi/9.3.1/../../../../arm-none-eabi/lib/thumb/v7e-m+fp/hard\libm.a
END GROUP
START GROUP
LOAD c:/st/stm32cubeide_1.7.0/stm32cubeide/plugins/com.st.stm32cube.ide.mcu.externaltools.gnu-tools-for-stm32.9-2020-q2-update.win32_2.0.0.202105311346/tools/bin/../lib/gcc/arm-none-eabi/9.3.1/thumb/v7e-m+fp/hard\libgcc.a
LOAD c:/st/stm32cubeide_1.7.0/stm32cubeide/plugins/com.st.stm32cube.ide.mcu.externaltools.gnu-tools-for-stm32.9-2020-q2-update.win32_2.0.0.202105311346/tools/bin/../lib/gcc/arm-none-eabi/9.3.1/../../../../arm-none-eabi/lib/thumb/v7e-m+fp/hard\libc_nano.a
END GROUP
START GROUP
LOAD c:/st/stm32cubeide_1.7.0/stm32cubeide/plugins/com.st.stm32cube.ide.mcu.externaltools.gnu-tools-for-stm32.9-2020-q2-update.win32_2.0.0.202105311346/tools/bin/../lib/gcc/arm-none-eabi/9.3.1/thumb/v7e-m+fp/hard\libgcc.a
LOAD c:/st/stm32cubeide_1.7.0/stm32cubeide/plugins/com.st.stm32cube.ide.mcu.externaltools.gnu-tools-for-stm32.9-2020-q2-update.win32_2.0.0.202105311346/tools/bin/../lib/gcc/arm-none-eabi/9.3.1/../../../../arm-none-eabi/lib/thumb/v7e-m+fp/hard\libc_nano.a
LOAD c:/st/stm32cubeide_1.7.0/stm32cubeide/plugins/com.st.stm32cube.ide.mcu.externaltools.gnu-tools-for-stm32.9-2020-q2-update.win32_2.0.0.202105311346/tools/bin/../lib/gcc/arm-none-eabi/9.3.1/../../../../arm-none-eabi/lib/thumb/v7e-m+fp/hard\libnosys.a
END GROUP
START GROUP
LOAD c:/st/stm32cubeide_1.7.0/stm32cubeide/plugins/com.st.stm32cube.ide.mcu.externaltools.gnu-tools-for-stm32.9-2020-q2-update.win32_2.0.0.202105311346/tools/bin/../lib/gcc/arm-none-eabi/9.3.1/thumb/v7e-m+fp/hard\libgcc.a
LOAD c:/st/stm32cubeide_1.7.0/stm32cubeide/plugins/com.st.stm32cube.ide.mcu.externaltools.gnu-tools-for-stm32.9-2020-q2-update.win32_2.0.0.202105311346/tools/bin/../lib/gcc/arm-none-eabi/9.3.1/../../../../arm-none-eabi/lib/thumb/v7e-m+fp/hard\libc_nano.a
LOAD c:/st/stm32cubeide_1.7.0/stm32cubeide/plugins/com.st.stm32cube.ide.mcu.externaltools.gnu-tools-for-stm32.9-2020-q2-update.win32_2.0.0.202105311346/tools/bin/../lib/gcc/arm-none-eabi/9.3.1/../../../../arm-none-eabi/lib/thumb/v7e-m+fp/hard\libnosys.a
END GROUP
LOAD c:/st/stm32cubeide_1.7.0/stm32cubeide/plugins/com.st.stm32cube.ide.mcu.externaltools.gnu-tools-for-stm32.9-2020-q2-update.win32_2.0.0.202105311346/tools/bin/../lib/gcc/arm-none-eabi/9.3.1/thumb/v7e-m+fp/hard/crtend.o
LOAD c:/st/stm32cubeide_1.7.0/stm32cubeide/plugins/com.st.stm32cube.ide.mcu.externaltools.gnu-tools-for-stm32.9-2020-q2-update.win32_2.0.0.202105311346/tools/bin/../lib/gcc/arm-none-eabi/9.3.1/thumb/v7e-m+fp/hard/crtn.o

.isr.text       0x0000000008000000      0x184
 *(.isr.text)
 .isr.text      0x0000000008000000      0x184 ./Startup/stm32f303x6_startup.o
                0x0000000008000000                vectors
 *(.isr.text)
                0x0000000008000184                . = ALIGN (0x4)

.text           0x0000000008000184      0x3cc
                0x0000000008000184                _stext = .
 *(.text)
 *(.text.*)
 .text.BUTTON_PullDown_IsPushed
                0x0000000008000184       0x2c ./APP/BUTTON/Core/Button_core.o
                0x0000000008000184                BUTTON_PullDown_IsPushed
 .text.LED_TOGGLE
                0x00000000080001b0       0x20 ./APP/LED/Core/Led_core.o
                0x00000000080001b0                LED_TOGGLE
 .text.LED_Init
                0x00000000080001d0       0x28 ./APP/LED/Core/Led_core.o
                0x00000000080001d0                LED_Init
 .text.PORT_Init
                0x00000000080001f8       0xbc ./MCAL/STM32F303RE_MCAL/BSW/Port/Core/Port_core.o
                0x00000000080001f8                PORT_Init
 .text.main     0x00000000080002b4       0x28 ./Src/main.o
                0x00000000080002b4                main
 .text.RESET_HANDLER
                0x00000000080002dc       0x80 ./Startup/stm32f303x6_startup.o
                0x00000000080002dc                RESET_HANDLER
 .text.NMI_HANDLER
                0x000000000800035c        0x6 ./Startup/stm32f303x6_startup.o
                0x000000000800035c                NMI_HANDLER
 .text.HARDFAULT_HANDLER
                0x0000000008000362        0x6 ./Startup/stm32f303x6_startup.o
                0x0000000008000362                HARDFAULT_HANDLER
 .text.MEMMANGE_HANDLER
                0x0000000008000368        0x6 ./Startup/stm32f303x6_startup.o
                0x0000000008000368                MEMMANGE_HANDLER
 .text.BUSFAULT_HANDLER
                0x000000000800036e        0x6 ./Startup/stm32f303x6_startup.o
                0x000000000800036e                BUSFAULT_HANDLER
 .text.USAGEFAULT_HANDLER
                0x0000000008000374        0x6 ./Startup/stm32f303x6_startup.o
                0x0000000008000374                USAGEFAULT_HANDLER
 .text.SVCALL_HANDLER
                0x000000000800037a        0x6 ./Startup/stm32f303x6_startup.o
                0x000000000800037a                SVCALL_HANDLER
 .text.PENDSV_HANDLER
                0x0000000008000380        0x6 ./Startup/stm32f303x6_startup.o
                0x0000000008000380                PENDSV_HANDLER
 .text.SYSTICK_HANDLER
                0x0000000008000386        0x6 ./Startup/stm32f303x6_startup.o
                0x0000000008000386                SYSTICK_HANDLER
 .text.WWDG_HANDLER
                0x000000000800038c        0x6 ./Startup/stm32f303x6_startup.o
                0x000000000800038c                WWDG_HANDLER
 .text.PVD_HANDLER
                0x0000000008000392        0x6 ./Startup/stm32f303x6_startup.o
                0x0000000008000392                PVD_HANDLER
 .text.TAMPER_STAMP_HANDLER
                0x0000000008000398        0x6 ./Startup/stm32f303x6_startup.o
                0x0000000008000398                TAMPER_STAMP_HANDLER
 .text.RTC_WKUP_HANDLER
                0x000000000800039e        0x6 ./Startup/stm32f303x6_startup.o
                0x000000000800039e                RTC_WKUP_HANDLER
 .text.FLASH_HANDLER
                0x00000000080003a4        0x6 ./Startup/stm32f303x6_startup.o
                0x00000000080003a4                FLASH_HANDLER
 .text.RCC_HANDLER
                0x00000000080003aa        0x6 ./Startup/stm32f303x6_startup.o
                0x00000000080003aa                RCC_HANDLER
 .text.EXTI0_HANDLER
                0x00000000080003b0        0x6 ./Startup/stm32f303x6_startup.o
                0x00000000080003b0                EXTI0_HANDLER
 .text.EXTI1_HANDLER
                0x00000000080003b6        0x6 ./Startup/stm32f303x6_startup.o
                0x00000000080003b6                EXTI1_HANDLER
 .text.EXTI2_TS_HANDLER
                0x00000000080003bc        0x6 ./Startup/stm32f303x6_startup.o
                0x00000000080003bc                EXTI2_TS_HANDLER
 .text.EXTI3_HANDLER
                0x00000000080003c2        0x6 ./Startup/stm32f303x6_startup.o
                0x00000000080003c2                EXTI3_HANDLER
 .text.EXTI4_HANDLER
                0x00000000080003c8        0x6 ./Startup/stm32f303x6_startup.o
                0x00000000080003c8                EXTI4_HANDLER
 .text.DMA1_CHANNEL1_HANDLER
                0x00000000080003ce        0x6 ./Startup/stm32f303x6_startup.o
                0x00000000080003ce                DMA1_CHANNEL1_HANDLER
 .text.DMA1_CHANNEL2_HANDLER
                0x00000000080003d4        0x6 ./Startup/stm32f303x6_startup.o
                0x00000000080003d4                DMA1_CHANNEL2_HANDLER
 .text.DMA1_CHANNEL3_HANDLER
                0x00000000080003da        0x6 ./Startup/stm32f303x6_startup.o
                0x00000000080003da                DMA1_CHANNEL3_HANDLER
 .text.DMA1_CHANNEL4_HANDLER
                0x00000000080003e0        0x6 ./Startup/stm32f303x6_startup.o
                0x00000000080003e0                DMA1_CHANNEL4_HANDLER
 .text.DMA1_CHANNEL5_HANDLER
                0x00000000080003e6        0x6 ./Startup/stm32f303x6_startup.o
                0x00000000080003e6                DMA1_CHANNEL5_HANDLER
 .text.DMA1_CHANNEL6_HANDLER
                0x00000000080003ec        0x6 ./Startup/stm32f303x6_startup.o
                0x00000000080003ec                DMA1_CHANNEL6_HANDLER
 .text.DMA1_CHANNEL7_HANDLER
                0x00000000080003f2        0x6 ./Startup/stm32f303x6_startup.o
                0x00000000080003f2                DMA1_CHANNEL7_HANDLER
 .text.ADC1_ADC2_GLOBAL_HANDLER
                0x00000000080003f8        0x6 ./Startup/stm32f303x6_startup.o
                0x00000000080003f8                ADC1_ADC2_GLOBAL_HANDLER
 .text.USB_HP_CAN_TX_HANDLER
                0x00000000080003fe        0x6 ./Startup/stm32f303x6_startup.o
                0x00000000080003fe                USB_HP_CAN_TX_HANDLER
 .text.USB_LP_CAN_RX0_HANDLER
                0x0000000008000404        0x6 ./Startup/stm32f303x6_startup.o
                0x0000000008000404                USB_LP_CAN_RX0_HANDLER
 .text.CAN_RX1_HANDLER
                0x000000000800040a        0x6 ./Startup/stm32f303x6_startup.o
                0x000000000800040a                CAN_RX1_HANDLER
 .text.CAN_SCE_HANDLER
                0x0000000008000410        0x6 ./Startup/stm32f303x6_startup.o
                0x0000000008000410                CAN_SCE_HANDLER
 .text.EXTI9_5_HANDLER
                0x0000000008000416        0x6 ./Startup/stm32f303x6_startup.o
                0x0000000008000416                EXTI9_5_HANDLER
 .text.TIM1_BRK_TIM15_HANDLER
                0x000000000800041c        0x6 ./Startup/stm32f303x6_startup.o
                0x000000000800041c                TIM1_BRK_TIM15_HANDLER
 .text.TIM1_UP_TIM16_HANDLER
                0x0000000008000422        0x6 ./Startup/stm32f303x6_startup.o
                0x0000000008000422                TIM1_UP_TIM16_HANDLER
 .text.TIM1_TRG_COM_TIM17_HANDLER
                0x0000000008000428        0x6 ./Startup/stm32f303x6_startup.o
                0x0000000008000428                TIM1_TRG_COM_TIM17_HANDLER
 .text.TIM1_CC_HANDLER
                0x000000000800042e        0x6 ./Startup/stm32f303x6_startup.o
                0x000000000800042e                TIM1_CC_HANDLER
 .text.TIM2_HANDLER
                0x0000000008000434        0x6 ./Startup/stm32f303x6_startup.o
                0x0000000008000434                TIM2_HANDLER
 .text.TIM3_HANDLER
                0x000000000800043a        0x6 ./Startup/stm32f303x6_startup.o
                0x000000000800043a                TIM3_HANDLER
 .text.TIM4_HANDLER
                0x0000000008000440        0x6 ./Startup/stm32f303x6_startup.o
                0x0000000008000440                TIM4_HANDLER
 .text.I2C1_EV_HANDLER
                0x0000000008000446        0x6 ./Startup/stm32f303x6_startup.o
                0x0000000008000446                I2C1_EV_HANDLER
 .text.I2C1_ER_HANDLER
                0x000000000800044c        0x6 ./Startup/stm32f303x6_startup.o
                0x000000000800044c                I2C1_ER_HANDLER
 .text.I2C2_EV_HANDLER
                0x0000000008000452        0x6 ./Startup/stm32f303x6_startup.o
                0x0000000008000452                I2C2_EV_HANDLER
 .text.I2C2_ER_HANDLER
                0x0000000008000458        0x6 ./Startup/stm32f303x6_startup.o
                0x0000000008000458                I2C2_ER_HANDLER
 .text.SPI1_HANDLER
                0x000000000800045e        0x6 ./Startup/stm32f303x6_startup.o
                0x000000000800045e                SPI1_HANDLER
 .text.SPI2_HANDLER
                0x0000000008000464        0x6 ./Startup/stm32f303x6_startup.o
                0x0000000008000464                SPI2_HANDLER
 .text.USART1_HANDLER
                0x000000000800046a        0x6 ./Startup/stm32f303x6_startup.o
                0x000000000800046a                USART1_HANDLER
 .text.USART2_HANDLER
                0x0000000008000470        0x6 ./Startup/stm32f303x6_startup.o
                0x0000000008000470                USART2_HANDLER
 .text.USART3_HANDLER
                0x0000000008000476        0x6 ./Startup/stm32f303x6_startup.o
                0x0000000008000476                USART3_HANDLER
 .text.EXTI15_10_HANDLER
                0x000000000800047c        0x6 ./Startup/stm32f303x6_startup.o
                0x000000000800047c                EXTI15_10_HANDLER
 .text.RTC_ALARM_HANDLER
                0x0000000008000482        0x6 ./Startup/stm32f303x6_startup.o
                0x0000000008000482                RTC_ALARM_HANDLER
 .text.USB_WAKEUP_HANDLER
                0x0000000008000488        0x6 ./Startup/stm32f303x6_startup.o
                0x0000000008000488                USB_WAKEUP_HANDLER
 .text.TIM8_BRK_HANDLER
                0x000000000800048e        0x6 ./Startup/stm32f303x6_startup.o
                0x000000000800048e                TIM8_BRK_HANDLER
 .text.TIM8_UP_HANDLER
                0x0000000008000494        0x6 ./Startup/stm32f303x6_startup.o
                0x0000000008000494                TIM8_UP_HANDLER
 .text.TIM8_TRG_COM_HANDLER
                0x000000000800049a        0x6 ./Startup/stm32f303x6_startup.o
                0x000000000800049a                TIM8_TRG_COM_HANDLER
 .text.TIM8_CC_HANDLER
                0x00000000080004a0        0x6 ./Startup/stm32f303x6_startup.o
                0x00000000080004a0                TIM8_CC_HANDLER
 .text.ADC3_HANDLER
                0x00000000080004a6        0x6 ./Startup/stm32f303x6_startup.o
                0x00000000080004a6                ADC3_HANDLER
 .text.FMC_HANDLER
                0x00000000080004ac        0x6 ./Startup/stm32f303x6_startup.o
                0x00000000080004ac                FMC_HANDLER
 .text.SPI3_HANDLER
                0x00000000080004b2        0x6 ./Startup/stm32f303x6_startup.o
                0x00000000080004b2                SPI3_HANDLER
 .text.UART4_HANDLER
                0x00000000080004b8        0x6 ./Startup/stm32f303x6_startup.o
                0x00000000080004b8                UART4_HANDLER
 .text.UART5_HANDLER
                0x00000000080004be        0x6 ./Startup/stm32f303x6_startup.o
                0x00000000080004be                UART5_HANDLER
 .text.TIM6_DAC_HANDLER
                0x00000000080004c4        0x6 ./Startup/stm32f303x6_startup.o
                0x00000000080004c4                TIM6_DAC_HANDLER
 .text.TIM7_HANDLER
                0x00000000080004ca        0x6 ./Startup/stm32f303x6_startup.o
                0x00000000080004ca                TIM7_HANDLER
 .text.DMA2_CHANNEL1_HANDLER
                0x00000000080004d0        0x6 ./Startup/stm32f303x6_startup.o
                0x00000000080004d0                DMA2_CHANNEL1_HANDLER
 .text.DMA2_CHANNEL2_HANDLER
                0x00000000080004d6        0x6 ./Startup/stm32f303x6_startup.o
                0x00000000080004d6                DMA2_CHANNEL2_HANDLER
 .text.DMA2_CHANNEL3_HANDLER
                0x00000000080004dc        0x6 ./Startup/stm32f303x6_startup.o
                0x00000000080004dc                DMA2_CHANNEL3_HANDLER
 .text.DMA2_CHANNEL4_HANDLER
                0x00000000080004e2        0x6 ./Startup/stm32f303x6_startup.o
                0x00000000080004e2                DMA2_CHANNEL4_HANDLER
 .text.DMA2_CHANNEL5_HANDLER
                0x00000000080004e8        0x6 ./Startup/stm32f303x6_startup.o
                0x00000000080004e8                DMA2_CHANNEL5_HANDLER
 .text.ADC4_HANDLER
                0x00000000080004ee        0x6 ./Startup/stm32f303x6_startup.o
                0x00000000080004ee                ADC4_HANDLER
 .text.COMP1_COMP2_COMP3_HANDLER
                0x00000000080004f4        0x6 ./Startup/stm32f303x6_startup.o
                0x00000000080004f4                COMP1_COMP2_COMP3_HANDLER
 .text.COMP4_COMP5_COMP6_HANDLER
                0x00000000080004fa        0x6 ./Startup/stm32f303x6_startup.o
                0x00000000080004fa                COMP4_COMP5_COMP6_HANDLER
 .text.COMP7_HANDLER
                0x0000000008000500        0x6 ./Startup/stm32f303x6_startup.o
                0x0000000008000500                COMP7_HANDLER
 .text.I2C3_EV_HANDLER
                0x0000000008000506        0x6 ./Startup/stm32f303x6_startup.o
                0x0000000008000506                I2C3_EV_HANDLER
 .text.I2C3_ER_HANDLER
                0x000000000800050c        0x6 ./Startup/stm32f303x6_startup.o
                0x000000000800050c                I2C3_ER_HANDLER
 .text.USB_HP_HANDLER
                0x0000000008000512        0x6 ./Startup/stm32f303x6_startup.o
                0x0000000008000512                USB_HP_HANDLER
 .text.USB_HL_HANDLER
                0x0000000008000518        0x6 ./Startup/stm32f303x6_startup.o
                0x0000000008000518                USB_HL_HANDLER
 .text.USB_WAKEUP_RMP_HANDLER
                0x000000000800051e        0x6 ./Startup/stm32f303x6_startup.o
                0x000000000800051e                USB_WAKEUP_RMP_HANDLER
 .text.TIM20_BRK_HANDLER
                0x0000000008000524        0x6 ./Startup/stm32f303x6_startup.o
                0x0000000008000524                TIM20_BRK_HANDLER
 .text.TIM20_UP_HANDLER
                0x000000000800052a        0x6 ./Startup/stm32f303x6_startup.o
                0x000000000800052a                TIM20_UP_HANDLER
 .text.TIM20_TRG_COM_HANDLER
                0x0000000008000530        0x6 ./Startup/stm32f303x6_startup.o
                0x0000000008000530                TIM20_TRG_COM_HANDLER
 .text.TIM20_CC_HANDLER
                0x0000000008000536        0x6 ./Startup/stm32f303x6_startup.o
                0x0000000008000536                TIM20_CC_HANDLER
 .text.FPU_HANDLER
                0x000000000800053c        0x6 ./Startup/stm32f303x6_startup.o
                0x000000000800053c                FPU_HANDLER
 .text.SPI4_HANDLER
                0x0000000008000542        0x6 ./Startup/stm32f303x6_startup.o
                0x0000000008000542                SPI4_HANDLER
 *(.init)
 .init          0x0000000008000548        0x4 c:/st/stm32cubeide_1.7.0/stm32cubeide/plugins/com.st.stm32cube.ide.mcu.externaltools.gnu-tools-for-stm32.9-2020-q2-update.win32_2.0.0.202105311346/tools/bin/../lib/gcc/arm-none-eabi/9.3.1/thumb/v7e-m+fp/hard/crti.o
                0x0000000008000548                _init
 *(.fini)
 .fini          0x000000000800054c        0x4 c:/st/stm32cubeide_1.7.0/stm32cubeide/plugins/com.st.stm32cube.ide.mcu.externaltools.gnu-tools-for-stm32.9-2020-q2-update.win32_2.0.0.202105311346/tools/bin/../lib/gcc/arm-none-eabi/9.3.1/thumb/v7e-m+fp/hard/crti.o
                0x000000000800054c                _fini
 *(.rodata)
 *(.rodata.*)
 *(.glue_7)
 .glue_7        0x0000000008000550        0x0 linker stubs
 *(.glue_7t)
 .glue_7t       0x0000000008000550        0x0 linker stubs
 *(.eh_frame)
                0x0000000008000550                . = ALIGN (0x4)
                0x0000000008000550                _etext = .

.vfp11_veneer   0x0000000008000550        0x0
 .vfp11_veneer  0x0000000008000550        0x0 linker stubs

.v4_bx          0x0000000008000550        0x0
 .v4_bx         0x0000000008000550        0x0 linker stubs

.iplt           0x0000000008000550        0x0
 .iplt          0x0000000008000550        0x0 ./APP/BUTTON/Core/Button_core.o

.rel.dyn        0x0000000008000550        0x0
 .rel.iplt      0x0000000008000550        0x0 ./APP/BUTTON/Core/Button_core.o

.data           0x0000000020000000        0x0 load address 0x0000000008000550
                0x0000000020000000                _sdata = .
 *(.data)
 *(.data.*)
                0x0000000020000000                . = ALIGN (0x4)
                0x0000000020000000                _edata = .

.igot.plt       0x0000000020000000        0x0 load address 0x0000000008000550
 .igot.plt      0x0000000020000000        0x0 ./APP/BUTTON/Core/Button_core.o

.bss            0x0000000020000000        0x0 load address 0x0000000008000550
                0x0000000020000000                _sbss = .
 *(.bss)
 *(.bss.*)
 *(COMMON)
                0x0000000020000000                . = ALIGN (0x4)
                0x0000000020000000                _ebss = .
OUTPUT(NucleoF303RE.elf elf32-littlearm)
LOAD linker stubs

.ARM.attributes
                0x0000000000000000       0x30
 .ARM.attributes
                0x0000000000000000       0x1e c:/st/stm32cubeide_1.7.0/stm32cubeide/plugins/com.st.stm32cube.ide.mcu.externaltools.gnu-tools-for-stm32.9-2020-q2-update.win32_2.0.0.202105311346/tools/bin/../lib/gcc/arm-none-eabi/9.3.1/thumb/v7e-m+fp/hard/crti.o
 .ARM.attributes
                0x000000000000001e       0x34 ./APP/BUTTON/Core/Button_core.o
 .ARM.attributes
                0x0000000000000052       0x34 ./APP/LED/Core/Led_core.o
 .ARM.attributes
                0x0000000000000086       0x34 ./MCAL/STM32F303RE_MCAL/BSW/Port/Core/Port_core.o
 .ARM.attributes
                0x00000000000000ba       0x34 ./Src/main.o
 .ARM.attributes
                0x00000000000000ee       0x34 ./Startup/stm32f303x6_startup.o

.comment        0x0000000000000000       0x53
 .comment       0x0000000000000000       0x53 ./APP/BUTTON/Core/Button_core.o
                                         0x54 (size before relaxing)
 .comment       0x0000000000000053       0x54 ./APP/LED/Core/Led_core.o
 .comment       0x0000000000000053       0x54 ./MCAL/STM32F303RE_MCAL/BSW/Port/Core/Port_core.o
 .comment       0x0000000000000053       0x54 ./Src/main.o
 .comment       0x0000000000000053       0x54 ./Startup/stm32f303x6_startup.o

.debug_info     0x0000000000000000      0xa51
 .debug_info    0x0000000000000000       0xdf ./APP/BUTTON/Core/Button_core.o
 .debug_info    0x00000000000000df       0xd0 ./APP/LED/Core/Led_core.o
 .debug_info    0x00000000000001af       0x9a ./MCAL/STM32F303RE_MCAL/BSW/Port/Core/Port_core.o
 .debug_info    0x0000000000000249       0x86 ./Src/main.o
 .debug_info    0x00000000000002cf      0x782 ./Startup/stm32f303x6_startup.o

.debug_abbrev   0x0000000000000000      0x250
 .debug_abbrev  0x0000000000000000       0x83 ./APP/BUTTON/Core/Button_core.o
 .debug_abbrev  0x0000000000000083       0x54 ./APP/LED/Core/Led_core.o
 .debug_abbrev  0x00000000000000d7       0x54 ./MCAL/STM32F303RE_MCAL/BSW/Port/Core/Port_core.o
 .debug_abbrev  0x000000000000012b       0x49 ./Src/main.o
 .debug_abbrev  0x0000000000000174       0xdc ./Startup/stm32f303x6_startup.o

.debug_aranges  0x0000000000000000      0x350
 .debug_aranges
                0x0000000000000000       0x28 ./APP/BUTTON/Core/Button_core.o
 .debug_aranges
                0x0000000000000028       0x38 ./APP/LED/Core/Led_core.o
 .debug_aranges
                0x0000000000000060       0x20 ./MCAL/STM32F303RE_MCAL/BSW/Port/Core/Port_core.o
 .debug_aranges
                0x0000000000000080       0x20 ./Src/main.o
 .debug_aranges
                0x00000000000000a0      0x2b0 ./Startup/stm32f303x6_startup.o

.debug_ranges   0x0000000000000000      0x300
 .debug_ranges  0x0000000000000000       0x18 ./APP/BUTTON/Core/Button_core.o
 .debug_ranges  0x0000000000000018       0x28 ./APP/LED/Core/Led_core.o
 .debug_ranges  0x0000000000000040       0x10 ./MCAL/STM32F303RE_MCAL/BSW/Port/Core/Port_core.o
 .debug_ranges  0x0000000000000050       0x10 ./Src/main.o
 .debug_ranges  0x0000000000000060      0x2a0 ./Startup/stm32f303x6_startup.o

.debug_macro    0x0000000000000000     0x2ba2
 .debug_macro   0x0000000000000000       0xb6 ./APP/BUTTON/Core/Button_core.o
 .debug_macro   0x00000000000000b6      0xa96 ./APP/BUTTON/Core/Button_core.o
 .debug_macro   0x0000000000000b4c       0x22 ./APP/BUTTON/Core/Button_core.o
 .debug_macro   0x0000000000000b6e       0x8e ./APP/BUTTON/Core/Button_core.o
 .debug_macro   0x0000000000000bfc       0x51 ./APP/BUTTON/Core/Button_core.o
 .debug_macro   0x0000000000000c4d      0x103 ./APP/BUTTON/Core/Button_core.o
 .debug_macro   0x0000000000000d50       0x6a ./APP/BUTTON/Core/Button_core.o
 .debug_macro   0x0000000000000dba      0x1df ./APP/BUTTON/Core/Button_core.o
 .debug_macro   0x0000000000000f99      0x736 ./APP/BUTTON/Core/Button_core.o
 .debug_macro   0x00000000000016cf      0x450 ./APP/BUTTON/Core/Button_core.o
 .debug_macro   0x0000000000001b1f      0x1f0 ./APP/BUTTON/Core/Button_core.o
 .debug_macro   0x0000000000001d0f       0x10 ./APP/BUTTON/Core/Button_core.o
 .debug_macro   0x0000000000001d1f       0x22 ./APP/BUTTON/Core/Button_core.o
 .debug_macro   0x0000000000001d41       0xb7 ./APP/LED/Core/Led_core.o
 .debug_macro   0x0000000000001df8       0x16 ./APP/LED/Core/Led_core.o
 .debug_macro   0x0000000000001e0e       0x8a ./MCAL/STM32F303RE_MCAL/BSW/Port/Core/Port_core.o
 .debug_macro   0x0000000000001e98       0xd7 ./Src/main.o
 .debug_macro   0x0000000000001f6f      0x730 ./Src/main.o
 .debug_macro   0x000000000000269f      0x456 ./Src/main.o
 .debug_macro   0x0000000000002af5       0x1c ./Src/main.o
 .debug_macro   0x0000000000002b11       0x16 ./Src/main.o
 .debug_macro   0x0000000000002b27       0x7b ./Startup/stm32f303x6_startup.o

.debug_line     0x0000000000000000     0x25b7
 .debug_line    0x0000000000000000      0x626 ./APP/BUTTON/Core/Button_core.o
 .debug_line    0x0000000000000626      0x6b9 ./APP/LED/Core/Led_core.o
 .debug_line    0x0000000000000cdf      0x51a ./MCAL/STM32F303RE_MCAL/BSW/Port/Core/Port_core.o
 .debug_line    0x00000000000011f9      0x7b9 ./Src/main.o
 .debug_line    0x00000000000019b2      0xc05 ./Startup/stm32f303x6_startup.o

.debug_str      0x0000000000000000     0xba67
 .debug_str     0x0000000000000000     0xb248 ./APP/BUTTON/Core/Button_core.o
                                       0xb3b2 (size before relaxing)
 .debug_str     0x000000000000b248      0x10c ./APP/LED/Core/Led_core.o
                                       0xb3a5 (size before relaxing)
 .debug_str     0x000000000000b354       0x3d ./MCAL/STM32F303RE_MCAL/BSW/Port/Core/Port_core.o
                                       0xb2cd (size before relaxing)
 .debug_str     0x000000000000b391       0x1f ./Src/main.o
                                       0xb422 (size before relaxing)
 .debug_str     0x000000000000b3b0      0x6b7 ./Startup/stm32f303x6_startup.o
                                       0x436e (size before relaxing)

.debug_frame    0x0000000000000000      0x92c
 .debug_frame   0x0000000000000000       0x60 ./APP/BUTTON/Core/Button_core.o
 .debug_frame   0x0000000000000060       0x90 ./APP/LED/Core/Led_core.o
 .debug_frame   0x00000000000000f0       0x30 ./MCAL/STM32F303RE_MCAL/BSW/Port/Core/Port_core.o
 .debug_frame   0x0000000000000120       0x2c ./Src/main.o
 .debug_frame   0x000000000000014c      0x7e0 ./Startup/stm32f303x6_startup.o
