Archive member included to satisfy reference by file (symbol)

c:/st/stm32cubeide_1.7.0/stm32cubeide/plugins/com.st.stm32cube.ide.mcu.externaltools.gnu-tools-for-stm32.9-2020-q2-update.win32_2.0.0.202105311346/tools/bin/../lib/gcc/arm-none-eabi/9.3.1/../../../../arm-none-eabi/lib/thumb/v7e-m+fp/hard\libc_nano.a(lib_a-exit.o)
                              c:/st/stm32cubeide_1.7.0/stm32cubeide/plugins/com.st.stm32cube.ide.mcu.externaltools.gnu-tools-for-stm32.9-2020-q2-update.win32_2.0.0.202105311346/tools/bin/../lib/gcc/arm-none-eabi/9.3.1/../../../../arm-none-eabi/lib/thumb/v7e-m+fp/hard/crt0.o (exit)
c:/st/stm32cubeide_1.7.0/stm32cubeide/plugins/com.st.stm32cube.ide.mcu.externaltools.gnu-tools-for-stm32.9-2020-q2-update.win32_2.0.0.202105311346/tools/bin/../lib/gcc/arm-none-eabi/9.3.1/../../../../arm-none-eabi/lib/thumb/v7e-m+fp/hard\libc_nano.a(lib_a-impure.o)
                              c:/st/stm32cubeide_1.7.0/stm32cubeide/plugins/com.st.stm32cube.ide.mcu.externaltools.gnu-tools-for-stm32.9-2020-q2-update.win32_2.0.0.202105311346/tools/bin/../lib/gcc/arm-none-eabi/9.3.1/../../../../arm-none-eabi/lib/thumb/v7e-m+fp/hard\libc_nano.a(lib_a-exit.o) (_global_impure_ptr)
c:/st/stm32cubeide_1.7.0/stm32cubeide/plugins/com.st.stm32cube.ide.mcu.externaltools.gnu-tools-for-stm32.9-2020-q2-update.win32_2.0.0.202105311346/tools/bin/../lib/gcc/arm-none-eabi/9.3.1/../../../../arm-none-eabi/lib/thumb/v7e-m+fp/hard\libc_nano.a(lib_a-init.o)
                              c:/st/stm32cubeide_1.7.0/stm32cubeide/plugins/com.st.stm32cube.ide.mcu.externaltools.gnu-tools-for-stm32.9-2020-q2-update.win32_2.0.0.202105311346/tools/bin/../lib/gcc/arm-none-eabi/9.3.1/../../../../arm-none-eabi/lib/thumb/v7e-m+fp/hard/crt0.o (__libc_init_array)
c:/st/stm32cubeide_1.7.0/stm32cubeide/plugins/com.st.stm32cube.ide.mcu.externaltools.gnu-tools-for-stm32.9-2020-q2-update.win32_2.0.0.202105311346/tools/bin/../lib/gcc/arm-none-eabi/9.3.1/../../../../arm-none-eabi/lib/thumb/v7e-m+fp/hard\libc_nano.a(lib_a-memset.o)
                              c:/st/stm32cubeide_1.7.0/stm32cubeide/plugins/com.st.stm32cube.ide.mcu.externaltools.gnu-tools-for-stm32.9-2020-q2-update.win32_2.0.0.202105311346/tools/bin/../lib/gcc/arm-none-eabi/9.3.1/../../../../arm-none-eabi/lib/thumb/v7e-m+fp/hard/crt0.o (memset)
c:/st/stm32cubeide_1.7.0/stm32cubeide/plugins/com.st.stm32cube.ide.mcu.externaltools.gnu-tools-for-stm32.9-2020-q2-update.win32_2.0.0.202105311346/tools/bin/../lib/gcc/arm-none-eabi/9.3.1/../../../../arm-none-eabi/lib/thumb/v7e-m+fp/hard\libnosys.a(_exit.o)
                              c:/st/stm32cubeide_1.7.0/stm32cubeide/plugins/com.st.stm32cube.ide.mcu.externaltools.gnu-tools-for-stm32.9-2020-q2-update.win32_2.0.0.202105311346/tools/bin/../lib/gcc/arm-none-eabi/9.3.1/../../../../arm-none-eabi/lib/thumb/v7e-m+fp/hard\libc_nano.a(lib_a-exit.o) (_exit)

Discarded input sections

 .text          0x0000000000000000        0x0 c:/st/stm32cubeide_1.7.0/stm32cubeide/plugins/com.st.stm32cube.ide.mcu.externaltools.gnu-tools-for-stm32.9-2020-q2-update.win32_2.0.0.202105311346/tools/bin/../lib/gcc/arm-none-eabi/9.3.1/thumb/v7e-m+fp/hard/crti.o
 .data          0x0000000000000000        0x0 c:/st/stm32cubeide_1.7.0/stm32cubeide/plugins/com.st.stm32cube.ide.mcu.externaltools.gnu-tools-for-stm32.9-2020-q2-update.win32_2.0.0.202105311346/tools/bin/../lib/gcc/arm-none-eabi/9.3.1/thumb/v7e-m+fp/hard/crti.o
 .bss           0x0000000000000000        0x0 c:/st/stm32cubeide_1.7.0/stm32cubeide/plugins/com.st.stm32cube.ide.mcu.externaltools.gnu-tools-for-stm32.9-2020-q2-update.win32_2.0.0.202105311346/tools/bin/../lib/gcc/arm-none-eabi/9.3.1/thumb/v7e-m+fp/hard/crti.o
 .text          0x0000000000000000       0x40 c:/st/stm32cubeide_1.7.0/stm32cubeide/plugins/com.st.stm32cube.ide.mcu.externaltools.gnu-tools-for-stm32.9-2020-q2-update.win32_2.0.0.202105311346/tools/bin/../lib/gcc/arm-none-eabi/9.3.1/thumb/v7e-m+fp/hard/crtbegin.o
 .data          0x0000000000000000        0x4 c:/st/stm32cubeide_1.7.0/stm32cubeide/plugins/com.st.stm32cube.ide.mcu.externaltools.gnu-tools-for-stm32.9-2020-q2-update.win32_2.0.0.202105311346/tools/bin/../lib/gcc/arm-none-eabi/9.3.1/thumb/v7e-m+fp/hard/crtbegin.o
 .bss           0x0000000000000000       0x1c c:/st/stm32cubeide_1.7.0/stm32cubeide/plugins/com.st.stm32cube.ide.mcu.externaltools.gnu-tools-for-stm32.9-2020-q2-update.win32_2.0.0.202105311346/tools/bin/../lib/gcc/arm-none-eabi/9.3.1/thumb/v7e-m+fp/hard/crtbegin.o
 .init_array    0x0000000000000000        0x4 c:/st/stm32cubeide_1.7.0/stm32cubeide/plugins/com.st.stm32cube.ide.mcu.externaltools.gnu-tools-for-stm32.9-2020-q2-update.win32_2.0.0.202105311346/tools/bin/../lib/gcc/arm-none-eabi/9.3.1/thumb/v7e-m+fp/hard/crtbegin.o
 .fini_array    0x0000000000000000        0x4 c:/st/stm32cubeide_1.7.0/stm32cubeide/plugins/com.st.stm32cube.ide.mcu.externaltools.gnu-tools-for-stm32.9-2020-q2-update.win32_2.0.0.202105311346/tools/bin/../lib/gcc/arm-none-eabi/9.3.1/thumb/v7e-m+fp/hard/crtbegin.o
 .eh_frame      0x0000000000000000        0x0 c:/st/stm32cubeide_1.7.0/stm32cubeide/plugins/com.st.stm32cube.ide.mcu.externaltools.gnu-tools-for-stm32.9-2020-q2-update.win32_2.0.0.202105311346/tools/bin/../lib/gcc/arm-none-eabi/9.3.1/thumb/v7e-m+fp/hard/crtbegin.o
 .ARM.attributes
                0x0000000000000000       0x34 c:/st/stm32cubeide_1.7.0/stm32cubeide/plugins/com.st.stm32cube.ide.mcu.externaltools.gnu-tools-for-stm32.9-2020-q2-update.win32_2.0.0.202105311346/tools/bin/../lib/gcc/arm-none-eabi/9.3.1/thumb/v7e-m+fp/hard/crtbegin.o
 .text          0x0000000000000000       0x7c c:/st/stm32cubeide_1.7.0/stm32cubeide/plugins/com.st.stm32cube.ide.mcu.externaltools.gnu-tools-for-stm32.9-2020-q2-update.win32_2.0.0.202105311346/tools/bin/../lib/gcc/arm-none-eabi/9.3.1/../../../../arm-none-eabi/lib/thumb/v7e-m+fp/hard/crt0.o
 .data          0x0000000000000000        0x0 c:/st/stm32cubeide_1.7.0/stm32cubeide/plugins/com.st.stm32cube.ide.mcu.externaltools.gnu-tools-for-stm32.9-2020-q2-update.win32_2.0.0.202105311346/tools/bin/../lib/gcc/arm-none-eabi/9.3.1/../../../../arm-none-eabi/lib/thumb/v7e-m+fp/hard/crt0.o
 .bss           0x0000000000000000        0x0 c:/st/stm32cubeide_1.7.0/stm32cubeide/plugins/com.st.stm32cube.ide.mcu.externaltools.gnu-tools-for-stm32.9-2020-q2-update.win32_2.0.0.202105311346/tools/bin/../lib/gcc/arm-none-eabi/9.3.1/../../../../arm-none-eabi/lib/thumb/v7e-m+fp/hard/crt0.o
 .ARM.extab     0x0000000000000000        0x0 c:/st/stm32cubeide_1.7.0/stm32cubeide/plugins/com.st.stm32cube.ide.mcu.externaltools.gnu-tools-for-stm32.9-2020-q2-update.win32_2.0.0.202105311346/tools/bin/../lib/gcc/arm-none-eabi/9.3.1/../../../../arm-none-eabi/lib/thumb/v7e-m+fp/hard/crt0.o
 .ARM.exidx     0x0000000000000000       0x10 c:/st/stm32cubeide_1.7.0/stm32cubeide/plugins/com.st.stm32cube.ide.mcu.externaltools.gnu-tools-for-stm32.9-2020-q2-update.win32_2.0.0.202105311346/tools/bin/../lib/gcc/arm-none-eabi/9.3.1/../../../../arm-none-eabi/lib/thumb/v7e-m+fp/hard/crt0.o
 .ARM.attributes
                0x0000000000000000       0x1c c:/st/stm32cubeide_1.7.0/stm32cubeide/plugins/com.st.stm32cube.ide.mcu.externaltools.gnu-tools-for-stm32.9-2020-q2-update.win32_2.0.0.202105311346/tools/bin/../lib/gcc/arm-none-eabi/9.3.1/../../../../arm-none-eabi/lib/thumb/v7e-m+fp/hard/crt0.o
 .group         0x0000000000000000        0xc ./Src/main.o
 .text          0x0000000000000000        0x0 ./Src/main.o
 .data          0x0000000000000000        0x0 ./Src/main.o
 .bss           0x0000000000000000        0x0 ./Src/main.o
 .group         0x0000000000000000        0xc ./Startup/stm32f303x6_startup.o
 .group         0x0000000000000000        0xc ./Startup/stm32f303x6_startup.o
 .group         0x0000000000000000        0xc ./Startup/stm32f303x6_startup.o
 .group         0x0000000000000000        0xc ./Startup/stm32f303x6_startup.o
 .group         0x0000000000000000        0xc ./Startup/stm32f303x6_startup.o
 .group         0x0000000000000000        0xc ./Startup/stm32f303x6_startup.o
 .group         0x0000000000000000        0xc ./Startup/stm32f303x6_startup.o
 .text          0x0000000000000000        0x0 ./Startup/stm32f303x6_startup.o
 .data          0x0000000000000000        0x0 ./Startup/stm32f303x6_startup.o
 .bss           0x0000000000000000        0x0 ./Startup/stm32f303x6_startup.o
 .debug_macro   0x0000000000000000      0xaae ./Startup/stm32f303x6_startup.o
 .text          0x0000000000000000        0x0 c:/st/stm32cubeide_1.7.0/stm32cubeide/plugins/com.st.stm32cube.ide.mcu.externaltools.gnu-tools-for-stm32.9-2020-q2-update.win32_2.0.0.202105311346/tools/bin/../lib/gcc/arm-none-eabi/9.3.1/../../../../arm-none-eabi/lib/thumb/v7e-m+fp/hard\libc_nano.a(lib_a-exit.o)
 .data          0x0000000000000000        0x0 c:/st/stm32cubeide_1.7.0/stm32cubeide/plugins/com.st.stm32cube.ide.mcu.externaltools.gnu-tools-for-stm32.9-2020-q2-update.win32_2.0.0.202105311346/tools/bin/../lib/gcc/arm-none-eabi/9.3.1/../../../../arm-none-eabi/lib/thumb/v7e-m+fp/hard\libc_nano.a(lib_a-exit.o)
 .bss           0x0000000000000000        0x0 c:/st/stm32cubeide_1.7.0/stm32cubeide/plugins/com.st.stm32cube.ide.mcu.externaltools.gnu-tools-for-stm32.9-2020-q2-update.win32_2.0.0.202105311346/tools/bin/../lib/gcc/arm-none-eabi/9.3.1/../../../../arm-none-eabi/lib/thumb/v7e-m+fp/hard\libc_nano.a(lib_a-exit.o)
 .text.exit     0x0000000000000000       0x28 c:/st/stm32cubeide_1.7.0/stm32cubeide/plugins/com.st.stm32cube.ide.mcu.externaltools.gnu-tools-for-stm32.9-2020-q2-update.win32_2.0.0.202105311346/tools/bin/../lib/gcc/arm-none-eabi/9.3.1/../../../../arm-none-eabi/lib/thumb/v7e-m+fp/hard\libc_nano.a(lib_a-exit.o)
 .debug_frame   0x0000000000000000       0x28 c:/st/stm32cubeide_1.7.0/stm32cubeide/plugins/com.st.stm32cube.ide.mcu.externaltools.gnu-tools-for-stm32.9-2020-q2-update.win32_2.0.0.202105311346/tools/bin/../lib/gcc/arm-none-eabi/9.3.1/../../../../arm-none-eabi/lib/thumb/v7e-m+fp/hard\libc_nano.a(lib_a-exit.o)
 .ARM.attributes
                0x0000000000000000       0x34 c:/st/stm32cubeide_1.7.0/stm32cubeide/plugins/com.st.stm32cube.ide.mcu.externaltools.gnu-tools-for-stm32.9-2020-q2-update.win32_2.0.0.202105311346/tools/bin/../lib/gcc/arm-none-eabi/9.3.1/../../../../arm-none-eabi/lib/thumb/v7e-m+fp/hard\libc_nano.a(lib_a-exit.o)
 .text          0x0000000000000000        0x0 c:/st/stm32cubeide_1.7.0/stm32cubeide/plugins/com.st.stm32cube.ide.mcu.externaltools.gnu-tools-for-stm32.9-2020-q2-update.win32_2.0.0.202105311346/tools/bin/../lib/gcc/arm-none-eabi/9.3.1/../../../../arm-none-eabi/lib/thumb/v7e-m+fp/hard\libc_nano.a(lib_a-impure.o)
 .data          0x0000000000000000        0x0 c:/st/stm32cubeide_1.7.0/stm32cubeide/plugins/com.st.stm32cube.ide.mcu.externaltools.gnu-tools-for-stm32.9-2020-q2-update.win32_2.0.0.202105311346/tools/bin/../lib/gcc/arm-none-eabi/9.3.1/../../../../arm-none-eabi/lib/thumb/v7e-m+fp/hard\libc_nano.a(lib_a-impure.o)
 .bss           0x0000000000000000        0x0 c:/st/stm32cubeide_1.7.0/stm32cubeide/plugins/com.st.stm32cube.ide.mcu.externaltools.gnu-tools-for-stm32.9-2020-q2-update.win32_2.0.0.202105311346/tools/bin/../lib/gcc/arm-none-eabi/9.3.1/../../../../arm-none-eabi/lib/thumb/v7e-m+fp/hard\libc_nano.a(lib_a-impure.o)
 .data._impure_ptr
                0x0000000000000000        0x4 c:/st/stm32cubeide_1.7.0/stm32cubeide/plugins/com.st.stm32cube.ide.mcu.externaltools.gnu-tools-for-stm32.9-2020-q2-update.win32_2.0.0.202105311346/tools/bin/../lib/gcc/arm-none-eabi/9.3.1/../../../../arm-none-eabi/lib/thumb/v7e-m+fp/hard\libc_nano.a(lib_a-impure.o)
 .data.impure_data
                0x0000000000000000       0x60 c:/st/stm32cubeide_1.7.0/stm32cubeide/plugins/com.st.stm32cube.ide.mcu.externaltools.gnu-tools-for-stm32.9-2020-q2-update.win32_2.0.0.202105311346/tools/bin/../lib/gcc/arm-none-eabi/9.3.1/../../../../arm-none-eabi/lib/thumb/v7e-m+fp/hard\libc_nano.a(lib_a-impure.o)
 .rodata._global_impure_ptr
                0x0000000000000000        0x4 c:/st/stm32cubeide_1.7.0/stm32cubeide/plugins/com.st.stm32cube.ide.mcu.externaltools.gnu-tools-for-stm32.9-2020-q2-update.win32_2.0.0.202105311346/tools/bin/../lib/gcc/arm-none-eabi/9.3.1/../../../../arm-none-eabi/lib/thumb/v7e-m+fp/hard\libc_nano.a(lib_a-impure.o)
 .ARM.attributes
                0x0000000000000000       0x32 c:/st/stm32cubeide_1.7.0/stm32cubeide/plugins/com.st.stm32cube.ide.mcu.externaltools.gnu-tools-for-stm32.9-2020-q2-update.win32_2.0.0.202105311346/tools/bin/../lib/gcc/arm-none-eabi/9.3.1/../../../../arm-none-eabi/lib/thumb/v7e-m+fp/hard\libc_nano.a(lib_a-impure.o)
 .text          0x0000000000000000        0x0 c:/st/stm32cubeide_1.7.0/stm32cubeide/plugins/com.st.stm32cube.ide.mcu.externaltools.gnu-tools-for-stm32.9-2020-q2-update.win32_2.0.0.202105311346/tools/bin/../lib/gcc/arm-none-eabi/9.3.1/../../../../arm-none-eabi/lib/thumb/v7e-m+fp/hard\libc_nano.a(lib_a-init.o)
 .data          0x0000000000000000        0x0 c:/st/stm32cubeide_1.7.0/stm32cubeide/plugins/com.st.stm32cube.ide.mcu.externaltools.gnu-tools-for-stm32.9-2020-q2-update.win32_2.0.0.202105311346/tools/bin/../lib/gcc/arm-none-eabi/9.3.1/../../../../arm-none-eabi/lib/thumb/v7e-m+fp/hard\libc_nano.a(lib_a-init.o)
 .bss           0x0000000000000000        0x0 c:/st/stm32cubeide_1.7.0/stm32cubeide/plugins/com.st.stm32cube.ide.mcu.externaltools.gnu-tools-for-stm32.9-2020-q2-update.win32_2.0.0.202105311346/tools/bin/../lib/gcc/arm-none-eabi/9.3.1/../../../../arm-none-eabi/lib/thumb/v7e-m+fp/hard\libc_nano.a(lib_a-init.o)
 .text.__libc_init_array
                0x0000000000000000       0x48 c:/st/stm32cubeide_1.7.0/stm32cubeide/plugins/com.st.stm32cube.ide.mcu.externaltools.gnu-tools-for-stm32.9-2020-q2-update.win32_2.0.0.202105311346/tools/bin/../lib/gcc/arm-none-eabi/9.3.1/../../../../arm-none-eabi/lib/thumb/v7e-m+fp/hard\libc_nano.a(lib_a-init.o)
 .debug_frame   0x0000000000000000       0x2c c:/st/stm32cubeide_1.7.0/stm32cubeide/plugins/com.st.stm32cube.ide.mcu.externaltools.gnu-tools-for-stm32.9-2020-q2-update.win32_2.0.0.202105311346/tools/bin/../lib/gcc/arm-none-eabi/9.3.1/../../../../arm-none-eabi/lib/thumb/v7e-m+fp/hard\libc_nano.a(lib_a-init.o)
 .ARM.attributes
                0x0000000000000000       0x34 c:/st/stm32cubeide_1.7.0/stm32cubeide/plugins/com.st.stm32cube.ide.mcu.externaltools.gnu-tools-for-stm32.9-2020-q2-update.win32_2.0.0.202105311346/tools/bin/../lib/gcc/arm-none-eabi/9.3.1/../../../../arm-none-eabi/lib/thumb/v7e-m+fp/hard\libc_nano.a(lib_a-init.o)
 .text          0x0000000000000000        0x0 c:/st/stm32cubeide_1.7.0/stm32cubeide/plugins/com.st.stm32cube.ide.mcu.externaltools.gnu-tools-for-stm32.9-2020-q2-update.win32_2.0.0.202105311346/tools/bin/../lib/gcc/arm-none-eabi/9.3.1/../../../../arm-none-eabi/lib/thumb/v7e-m+fp/hard\libc_nano.a(lib_a-memset.o)
 .data          0x0000000000000000        0x0 c:/st/stm32cubeide_1.7.0/stm32cubeide/plugins/com.st.stm32cube.ide.mcu.externaltools.gnu-tools-for-stm32.9-2020-q2-update.win32_2.0.0.202105311346/tools/bin/../lib/gcc/arm-none-eabi/9.3.1/../../../../arm-none-eabi/lib/thumb/v7e-m+fp/hard\libc_nano.a(lib_a-memset.o)
 .bss           0x0000000000000000        0x0 c:/st/stm32cubeide_1.7.0/stm32cubeide/plugins/com.st.stm32cube.ide.mcu.externaltools.gnu-tools-for-stm32.9-2020-q2-update.win32_2.0.0.202105311346/tools/bin/../lib/gcc/arm-none-eabi/9.3.1/../../../../arm-none-eabi/lib/thumb/v7e-m+fp/hard\libc_nano.a(lib_a-memset.o)
 .text.memset   0x0000000000000000       0x10 c:/st/stm32cubeide_1.7.0/stm32cubeide/plugins/com.st.stm32cube.ide.mcu.externaltools.gnu-tools-for-stm32.9-2020-q2-update.win32_2.0.0.202105311346/tools/bin/../lib/gcc/arm-none-eabi/9.3.1/../../../../arm-none-eabi/lib/thumb/v7e-m+fp/hard\libc_nano.a(lib_a-memset.o)
 .debug_frame   0x0000000000000000       0x20 c:/st/stm32cubeide_1.7.0/stm32cubeide/plugins/com.st.stm32cube.ide.mcu.externaltools.gnu-tools-for-stm32.9-2020-q2-update.win32_2.0.0.202105311346/tools/bin/../lib/gcc/arm-none-eabi/9.3.1/../../../../arm-none-eabi/lib/thumb/v7e-m+fp/hard\libc_nano.a(lib_a-memset.o)
 .ARM.attributes
                0x0000000000000000       0x34 c:/st/stm32cubeide_1.7.0/stm32cubeide/plugins/com.st.stm32cube.ide.mcu.externaltools.gnu-tools-for-stm32.9-2020-q2-update.win32_2.0.0.202105311346/tools/bin/../lib/gcc/arm-none-eabi/9.3.1/../../../../arm-none-eabi/lib/thumb/v7e-m+fp/hard\libc_nano.a(lib_a-memset.o)
 .text          0x0000000000000000        0x0 c:/st/stm32cubeide_1.7.0/stm32cubeide/plugins/com.st.stm32cube.ide.mcu.externaltools.gnu-tools-for-stm32.9-2020-q2-update.win32_2.0.0.202105311346/tools/bin/../lib/gcc/arm-none-eabi/9.3.1/../../../../arm-none-eabi/lib/thumb/v7e-m+fp/hard\libnosys.a(_exit.o)
 .data          0x0000000000000000        0x0 c:/st/stm32cubeide_1.7.0/stm32cubeide/plugins/com.st.stm32cube.ide.mcu.externaltools.gnu-tools-for-stm32.9-2020-q2-update.win32_2.0.0.202105311346/tools/bin/../lib/gcc/arm-none-eabi/9.3.1/../../../../arm-none-eabi/lib/thumb/v7e-m+fp/hard\libnosys.a(_exit.o)
 .bss           0x0000000000000000        0x0 c:/st/stm32cubeide_1.7.0/stm32cubeide/plugins/com.st.stm32cube.ide.mcu.externaltools.gnu-tools-for-stm32.9-2020-q2-update.win32_2.0.0.202105311346/tools/bin/../lib/gcc/arm-none-eabi/9.3.1/../../../../arm-none-eabi/lib/thumb/v7e-m+fp/hard\libnosys.a(_exit.o)
 .text._exit    0x0000000000000000        0x2 c:/st/stm32cubeide_1.7.0/stm32cubeide/plugins/com.st.stm32cube.ide.mcu.externaltools.gnu-tools-for-stm32.9-2020-q2-update.win32_2.0.0.202105311346/tools/bin/../lib/gcc/arm-none-eabi/9.3.1/../../../../arm-none-eabi/lib/thumb/v7e-m+fp/hard\libnosys.a(_exit.o)
 .debug_frame   0x0000000000000000       0x20 c:/st/stm32cubeide_1.7.0/stm32cubeide/plugins/com.st.stm32cube.ide.mcu.externaltools.gnu-tools-for-stm32.9-2020-q2-update.win32_2.0.0.202105311346/tools/bin/../lib/gcc/arm-none-eabi/9.3.1/../../../../arm-none-eabi/lib/thumb/v7e-m+fp/hard\libnosys.a(_exit.o)
 .ARM.attributes
                0x0000000000000000       0x34 c:/st/stm32cubeide_1.7.0/stm32cubeide/plugins/com.st.stm32cube.ide.mcu.externaltools.gnu-tools-for-stm32.9-2020-q2-update.win32_2.0.0.202105311346/tools/bin/../lib/gcc/arm-none-eabi/9.3.1/../../../../arm-none-eabi/lib/thumb/v7e-m+fp/hard\libnosys.a(_exit.o)
 .text          0x0000000000000000        0x0 c:/st/stm32cubeide_1.7.0/stm32cubeide/plugins/com.st.stm32cube.ide.mcu.externaltools.gnu-tools-for-stm32.9-2020-q2-update.win32_2.0.0.202105311346/tools/bin/../lib/gcc/arm-none-eabi/9.3.1/thumb/v7e-m+fp/hard/crtend.o
 .data          0x0000000000000000        0x0 c:/st/stm32cubeide_1.7.0/stm32cubeide/plugins/com.st.stm32cube.ide.mcu.externaltools.gnu-tools-for-stm32.9-2020-q2-update.win32_2.0.0.202105311346/tools/bin/../lib/gcc/arm-none-eabi/9.3.1/thumb/v7e-m+fp/hard/crtend.o
 .bss           0x0000000000000000        0x0 c:/st/stm32cubeide_1.7.0/stm32cubeide/plugins/com.st.stm32cube.ide.mcu.externaltools.gnu-tools-for-stm32.9-2020-q2-update.win32_2.0.0.202105311346/tools/bin/../lib/gcc/arm-none-eabi/9.3.1/thumb/v7e-m+fp/hard/crtend.o
 .eh_frame      0x0000000000000000        0x4 c:/st/stm32cubeide_1.7.0/stm32cubeide/plugins/com.st.stm32cube.ide.mcu.externaltools.gnu-tools-for-stm32.9-2020-q2-update.win32_2.0.0.202105311346/tools/bin/../lib/gcc/arm-none-eabi/9.3.1/thumb/v7e-m+fp/hard/crtend.o
 .ARM.attributes
                0x0000000000000000       0x32 c:/st/stm32cubeide_1.7.0/stm32cubeide/plugins/com.st.stm32cube.ide.mcu.externaltools.gnu-tools-for-stm32.9-2020-q2-update.win32_2.0.0.202105311346/tools/bin/../lib/gcc/arm-none-eabi/9.3.1/thumb/v7e-m+fp/hard/crtend.o
 .text          0x0000000000000000        0x0 c:/st/stm32cubeide_1.7.0/stm32cubeide/plugins/com.st.stm32cube.ide.mcu.externaltools.gnu-tools-for-stm32.9-2020-q2-update.win32_2.0.0.202105311346/tools/bin/../lib/gcc/arm-none-eabi/9.3.1/thumb/v7e-m+fp/hard/crtn.o
 .data          0x0000000000000000        0x0 c:/st/stm32cubeide_1.7.0/stm32cubeide/plugins/com.st.stm32cube.ide.mcu.externaltools.gnu-tools-for-stm32.9-2020-q2-update.win32_2.0.0.202105311346/tools/bin/../lib/gcc/arm-none-eabi/9.3.1/thumb/v7e-m+fp/hard/crtn.o
 .bss           0x0000000000000000        0x0 c:/st/stm32cubeide_1.7.0/stm32cubeide/plugins/com.st.stm32cube.ide.mcu.externaltools.gnu-tools-for-stm32.9-2020-q2-update.win32_2.0.0.202105311346/tools/bin/../lib/gcc/arm-none-eabi/9.3.1/thumb/v7e-m+fp/hard/crtn.o
 .init          0x0000000000000000        0x8 c:/st/stm32cubeide_1.7.0/stm32cubeide/plugins/com.st.stm32cube.ide.mcu.externaltools.gnu-tools-for-stm32.9-2020-q2-update.win32_2.0.0.202105311346/tools/bin/../lib/gcc/arm-none-eabi/9.3.1/thumb/v7e-m+fp/hard/crtn.o
 .fini          0x0000000000000000        0x8 c:/st/stm32cubeide_1.7.0/stm32cubeide/plugins/com.st.stm32cube.ide.mcu.externaltools.gnu-tools-for-stm32.9-2020-q2-update.win32_2.0.0.202105311346/tools/bin/../lib/gcc/arm-none-eabi/9.3.1/thumb/v7e-m+fp/hard/crtn.o
 .ARM.attributes
                0x0000000000000000       0x1e c:/st/stm32cubeide_1.7.0/stm32cubeide/plugins/com.st.stm32cube.ide.mcu.externaltools.gnu-tools-for-stm32.9-2020-q2-update.win32_2.0.0.202105311346/tools/bin/../lib/gcc/arm-none-eabi/9.3.1/thumb/v7e-m+fp/hard/crtn.o

Memory Configuration

Name             Origin             Length             Attributes
FLASH            0x0000000008000000 0x0000000000080000 xr
SRAM1            0x0000000010000000 0x0000000000004000 xrw
SRAM2            0x0000000020000000 0x0000000000010000 xrw
*default*        0x0000000000000000 0xffffffffffffffff

Linker script and memory map

LOAD c:/st/stm32cubeide_1.7.0/stm32cubeide/plugins/com.st.stm32cube.ide.mcu.externaltools.gnu-tools-for-stm32.9-2020-q2-update.win32_2.0.0.202105311346/tools/bin/../lib/gcc/arm-none-eabi/9.3.1/thumb/v7e-m+fp/hard/crti.o
LOAD c:/st/stm32cubeide_1.7.0/stm32cubeide/plugins/com.st.stm32cube.ide.mcu.externaltools.gnu-tools-for-stm32.9-2020-q2-update.win32_2.0.0.202105311346/tools/bin/../lib/gcc/arm-none-eabi/9.3.1/thumb/v7e-m+fp/hard/crtbegin.o
LOAD c:/st/stm32cubeide_1.7.0/stm32cubeide/plugins/com.st.stm32cube.ide.mcu.externaltools.gnu-tools-for-stm32.9-2020-q2-update.win32_2.0.0.202105311346/tools/bin/../lib/gcc/arm-none-eabi/9.3.1/../../../../arm-none-eabi/lib/thumb/v7e-m+fp/hard/crt0.o
LOAD ./Src/main.o
LOAD ./Startup/stm32f303x6_startup.o
START GROUP
LOAD c:/st/stm32cubeide_1.7.0/stm32cubeide/plugins/com.st.stm32cube.ide.mcu.externaltools.gnu-tools-for-stm32.9-2020-q2-update.win32_2.0.0.202105311346/tools/bin/../lib/gcc/arm-none-eabi/9.3.1/../../../../arm-none-eabi/lib/thumb/v7e-m+fp/hard\libc_nano.a
LOAD c:/st/stm32cubeide_1.7.0/stm32cubeide/plugins/com.st.stm32cube.ide.mcu.externaltools.gnu-tools-for-stm32.9-2020-q2-update.win32_2.0.0.202105311346/tools/bin/../lib/gcc/arm-none-eabi/9.3.1/../../../../arm-none-eabi/lib/thumb/v7e-m+fp/hard\libm.a
END GROUP
START GROUP
LOAD c:/st/stm32cubeide_1.7.0/stm32cubeide/plugins/com.st.stm32cube.ide.mcu.externaltools.gnu-tools-for-stm32.9-2020-q2-update.win32_2.0.0.202105311346/tools/bin/../lib/gcc/arm-none-eabi/9.3.1/thumb/v7e-m+fp/hard\libgcc.a
LOAD c:/st/stm32cubeide_1.7.0/stm32cubeide/plugins/com.st.stm32cube.ide.mcu.externaltools.gnu-tools-for-stm32.9-2020-q2-update.win32_2.0.0.202105311346/tools/bin/../lib/gcc/arm-none-eabi/9.3.1/../../../../arm-none-eabi/lib/thumb/v7e-m+fp/hard\libc_nano.a
END GROUP
START GROUP
LOAD c:/st/stm32cubeide_1.7.0/stm32cubeide/plugins/com.st.stm32cube.ide.mcu.externaltools.gnu-tools-for-stm32.9-2020-q2-update.win32_2.0.0.202105311346/tools/bin/../lib/gcc/arm-none-eabi/9.3.1/thumb/v7e-m+fp/hard\libgcc.a
LOAD c:/st/stm32cubeide_1.7.0/stm32cubeide/plugins/com.st.stm32cube.ide.mcu.externaltools.gnu-tools-for-stm32.9-2020-q2-update.win32_2.0.0.202105311346/tools/bin/../lib/gcc/arm-none-eabi/9.3.1/../../../../arm-none-eabi/lib/thumb/v7e-m+fp/hard\libc_nano.a
LOAD c:/st/stm32cubeide_1.7.0/stm32cubeide/plugins/com.st.stm32cube.ide.mcu.externaltools.gnu-tools-for-stm32.9-2020-q2-update.win32_2.0.0.202105311346/tools/bin/../lib/gcc/arm-none-eabi/9.3.1/../../../../arm-none-eabi/lib/thumb/v7e-m+fp/hard\libnosys.a
END GROUP
START GROUP
LOAD c:/st/stm32cubeide_1.7.0/stm32cubeide/plugins/com.st.stm32cube.ide.mcu.externaltools.gnu-tools-for-stm32.9-2020-q2-update.win32_2.0.0.202105311346/tools/bin/../lib/gcc/arm-none-eabi/9.3.1/thumb/v7e-m+fp/hard\libgcc.a
LOAD c:/st/stm32cubeide_1.7.0/stm32cubeide/plugins/com.st.stm32cube.ide.mcu.externaltools.gnu-tools-for-stm32.9-2020-q2-update.win32_2.0.0.202105311346/tools/bin/../lib/gcc/arm-none-eabi/9.3.1/../../../../arm-none-eabi/lib/thumb/v7e-m+fp/hard\libc_nano.a
LOAD c:/st/stm32cubeide_1.7.0/stm32cubeide/plugins/com.st.stm32cube.ide.mcu.externaltools.gnu-tools-for-stm32.9-2020-q2-update.win32_2.0.0.202105311346/tools/bin/../lib/gcc/arm-none-eabi/9.3.1/../../../../arm-none-eabi/lib/thumb/v7e-m+fp/hard\libnosys.a
END GROUP
LOAD c:/st/stm32cubeide_1.7.0/stm32cubeide/plugins/com.st.stm32cube.ide.mcu.externaltools.gnu-tools-for-stm32.9-2020-q2-update.win32_2.0.0.202105311346/tools/bin/../lib/gcc/arm-none-eabi/9.3.1/thumb/v7e-m+fp/hard/crtend.o
LOAD c:/st/stm32cubeide_1.7.0/stm32cubeide/plugins/com.st.stm32cube.ide.mcu.externaltools.gnu-tools-for-stm32.9-2020-q2-update.win32_2.0.0.202105311346/tools/bin/../lib/gcc/arm-none-eabi/9.3.1/thumb/v7e-m+fp/hard/crtn.o

.isr.text       0x0000000008000000      0x184
 *(.isr.text)
 .isr.text      0x0000000008000000      0x184 ./Startup/stm32f303x6_startup.o
                0x0000000008000000                vectors
 *(.isr.text)
                0x0000000008000184                . = ALIGN (0x4)

.text           0x0000000008000184      0x27c
                0x0000000008000184                _stext = .
 *(.text)
 *(.text.*)
 .text.main     0x0000000008000184        0x6 ./Src/main.o
                0x0000000008000184                main
 *fill*         0x000000000800018a        0x2 
 .text.RESET_HANDLER
                0x000000000800018c       0x80 ./Startup/stm32f303x6_startup.o
                0x000000000800018c                RESET_HANDLER
 .text.NMI_HANDLER
                0x000000000800020c        0x6 ./Startup/stm32f303x6_startup.o
                0x000000000800020c                NMI_HANDLER
 .text.HARDFAULT_HANDLER
                0x0000000008000212        0x6 ./Startup/stm32f303x6_startup.o
                0x0000000008000212                HARDFAULT_HANDLER
 .text.MEMMANGE_HANDLER
                0x0000000008000218        0x6 ./Startup/stm32f303x6_startup.o
                0x0000000008000218                MEMMANGE_HANDLER
 .text.BUSFAULT_HANDLER
                0x000000000800021e        0x6 ./Startup/stm32f303x6_startup.o
                0x000000000800021e                BUSFAULT_HANDLER
 .text.USAGEFAULT_HANDLER
                0x0000000008000224        0x6 ./Startup/stm32f303x6_startup.o
                0x0000000008000224                USAGEFAULT_HANDLER
 .text.SVCALL_HANDLER
                0x000000000800022a        0x6 ./Startup/stm32f303x6_startup.o
                0x000000000800022a                SVCALL_HANDLER
 .text.PENDSV_HANDLER
                0x0000000008000230        0x6 ./Startup/stm32f303x6_startup.o
                0x0000000008000230                PENDSV_HANDLER
 .text.SYSTICK_HANDLER
                0x0000000008000236        0x6 ./Startup/stm32f303x6_startup.o
                0x0000000008000236                SYSTICK_HANDLER
 .text.WWDG_HANDLER
                0x000000000800023c        0x6 ./Startup/stm32f303x6_startup.o
                0x000000000800023c                WWDG_HANDLER
 .text.PVD_HANDLER
                0x0000000008000242        0x6 ./Startup/stm32f303x6_startup.o
                0x0000000008000242                PVD_HANDLER
 .text.TAMPER_STAMP_HANDLER
                0x0000000008000248        0x6 ./Startup/stm32f303x6_startup.o
                0x0000000008000248                TAMPER_STAMP_HANDLER
 .text.RTC_WKUP_HANDLER
                0x000000000800024e        0x6 ./Startup/stm32f303x6_startup.o
                0x000000000800024e                RTC_WKUP_HANDLER
 .text.FLASH_HANDLER
                0x0000000008000254        0x6 ./Startup/stm32f303x6_startup.o
                0x0000000008000254                FLASH_HANDLER
 .text.RCC_HANDLER
                0x000000000800025a        0x6 ./Startup/stm32f303x6_startup.o
                0x000000000800025a                RCC_HANDLER
 .text.EXTI0_HANDLER
                0x0000000008000260        0x6 ./Startup/stm32f303x6_startup.o
                0x0000000008000260                EXTI0_HANDLER
 .text.EXTI1_HANDLER
                0x0000000008000266        0x6 ./Startup/stm32f303x6_startup.o
                0x0000000008000266                EXTI1_HANDLER
 .text.EXTI2_TS_HANDLER
                0x000000000800026c        0x6 ./Startup/stm32f303x6_startup.o
                0x000000000800026c                EXTI2_TS_HANDLER
 .text.EXTI3_HANDLER
                0x0000000008000272        0x6 ./Startup/stm32f303x6_startup.o
                0x0000000008000272                EXTI3_HANDLER
 .text.EXTI4_HANDLER
                0x0000000008000278        0x6 ./Startup/stm32f303x6_startup.o
                0x0000000008000278                EXTI4_HANDLER
 .text.DMA1_CHANNEL1_HANDLER
                0x000000000800027e        0x6 ./Startup/stm32f303x6_startup.o
                0x000000000800027e                DMA1_CHANNEL1_HANDLER
 .text.DMA1_CHANNEL2_HANDLER
                0x0000000008000284        0x6 ./Startup/stm32f303x6_startup.o
                0x0000000008000284                DMA1_CHANNEL2_HANDLER
 .text.DMA1_CHANNEL3_HANDLER
                0x000000000800028a        0x6 ./Startup/stm32f303x6_startup.o
                0x000000000800028a                DMA1_CHANNEL3_HANDLER
 .text.DMA1_CHANNEL4_HANDLER
                0x0000000008000290        0x6 ./Startup/stm32f303x6_startup.o
                0x0000000008000290                DMA1_CHANNEL4_HANDLER
 .text.DMA1_CHANNEL5_HANDLER
                0x0000000008000296        0x6 ./Startup/stm32f303x6_startup.o
                0x0000000008000296                DMA1_CHANNEL5_HANDLER
 .text.DMA1_CHANNEL6_HANDLER
                0x000000000800029c        0x6 ./Startup/stm32f303x6_startup.o
                0x000000000800029c                DMA1_CHANNEL6_HANDLER
 .text.DMA1_CHANNEL7_HANDLER
                0x00000000080002a2        0x6 ./Startup/stm32f303x6_startup.o
                0x00000000080002a2                DMA1_CHANNEL7_HANDLER
 .text.ADC1_ADC2_GLOBAL_HANDLER
                0x00000000080002a8        0x6 ./Startup/stm32f303x6_startup.o
                0x00000000080002a8                ADC1_ADC2_GLOBAL_HANDLER
 .text.USB_HP_CAN_TX_HANDLER
                0x00000000080002ae        0x6 ./Startup/stm32f303x6_startup.o
                0x00000000080002ae                USB_HP_CAN_TX_HANDLER
 .text.USB_LP_CAN_RX0_HANDLER
                0x00000000080002b4        0x6 ./Startup/stm32f303x6_startup.o
                0x00000000080002b4                USB_LP_CAN_RX0_HANDLER
 .text.CAN_RX1_HANDLER
                0x00000000080002ba        0x6 ./Startup/stm32f303x6_startup.o
                0x00000000080002ba                CAN_RX1_HANDLER
 .text.CAN_SCE_HANDLER
                0x00000000080002c0        0x6 ./Startup/stm32f303x6_startup.o
                0x00000000080002c0                CAN_SCE_HANDLER
 .text.EXTI9_5_HANDLER
                0x00000000080002c6        0x6 ./Startup/stm32f303x6_startup.o
                0x00000000080002c6                EXTI9_5_HANDLER
 .text.TIM1_BRK_TIM15_HANDLER
                0x00000000080002cc        0x6 ./Startup/stm32f303x6_startup.o
                0x00000000080002cc                TIM1_BRK_TIM15_HANDLER
 .text.TIM1_UP_TIM16_HANDLER
                0x00000000080002d2        0x6 ./Startup/stm32f303x6_startup.o
                0x00000000080002d2                TIM1_UP_TIM16_HANDLER
 .text.TIM1_TRG_COM_TIM17_HANDLER
                0x00000000080002d8        0x6 ./Startup/stm32f303x6_startup.o
                0x00000000080002d8                TIM1_TRG_COM_TIM17_HANDLER
 .text.TIM1_CC_HANDLER
                0x00000000080002de        0x6 ./Startup/stm32f303x6_startup.o
                0x00000000080002de                TIM1_CC_HANDLER
 .text.TIM2_HANDLER
                0x00000000080002e4        0x6 ./Startup/stm32f303x6_startup.o
                0x00000000080002e4                TIM2_HANDLER
 .text.TIM3_HANDLER
                0x00000000080002ea        0x6 ./Startup/stm32f303x6_startup.o
                0x00000000080002ea                TIM3_HANDLER
 .text.TIM4_HANDLER
                0x00000000080002f0        0x6 ./Startup/stm32f303x6_startup.o
                0x00000000080002f0                TIM4_HANDLER
 .text.I2C1_EV_HANDLER
                0x00000000080002f6        0x6 ./Startup/stm32f303x6_startup.o
                0x00000000080002f6                I2C1_EV_HANDLER
 .text.I2C1_ER_HANDLER
                0x00000000080002fc        0x6 ./Startup/stm32f303x6_startup.o
                0x00000000080002fc                I2C1_ER_HANDLER
 .text.I2C2_EV_HANDLER
                0x0000000008000302        0x6 ./Startup/stm32f303x6_startup.o
                0x0000000008000302                I2C2_EV_HANDLER
 .text.I2C2_ER_HANDLER
                0x0000000008000308        0x6 ./Startup/stm32f303x6_startup.o
                0x0000000008000308                I2C2_ER_HANDLER
 .text.SPI1_HANDLER
                0x000000000800030e        0x6 ./Startup/stm32f303x6_startup.o
                0x000000000800030e                SPI1_HANDLER
 .text.SPI2_HANDLER
                0x0000000008000314        0x6 ./Startup/stm32f303x6_startup.o
                0x0000000008000314                SPI2_HANDLER
 .text.USART1_HANDLER
                0x000000000800031a        0x6 ./Startup/stm32f303x6_startup.o
                0x000000000800031a                USART1_HANDLER
 .text.USART2_HANDLER
                0x0000000008000320        0x6 ./Startup/stm32f303x6_startup.o
                0x0000000008000320                USART2_HANDLER
 .text.USART3_HANDLER
                0x0000000008000326        0x6 ./Startup/stm32f303x6_startup.o
                0x0000000008000326                USART3_HANDLER
 .text.EXTI15_10_HANDLER
                0x000000000800032c        0x6 ./Startup/stm32f303x6_startup.o
                0x000000000800032c                EXTI15_10_HANDLER
 .text.RTC_ALARM_HANDLER
                0x0000000008000332        0x6 ./Startup/stm32f303x6_startup.o
                0x0000000008000332                RTC_ALARM_HANDLER
 .text.USB_WAKEUP_HANDLER
                0x0000000008000338        0x6 ./Startup/stm32f303x6_startup.o
                0x0000000008000338                USB_WAKEUP_HANDLER
 .text.TIM8_BRK_HANDLER
                0x000000000800033e        0x6 ./Startup/stm32f303x6_startup.o
                0x000000000800033e                TIM8_BRK_HANDLER
 .text.TIM8_UP_HANDLER
                0x0000000008000344        0x6 ./Startup/stm32f303x6_startup.o
                0x0000000008000344                TIM8_UP_HANDLER
 .text.TIM8_TRG_COM_HANDLER
                0x000000000800034a        0x6 ./Startup/stm32f303x6_startup.o
                0x000000000800034a                TIM8_TRG_COM_HANDLER
 .text.TIM8_CC_HANDLER
                0x0000000008000350        0x6 ./Startup/stm32f303x6_startup.o
                0x0000000008000350                TIM8_CC_HANDLER
 .text.ADC3_HANDLER
                0x0000000008000356        0x6 ./Startup/stm32f303x6_startup.o
                0x0000000008000356                ADC3_HANDLER
 .text.FMC_HANDLER
                0x000000000800035c        0x6 ./Startup/stm32f303x6_startup.o
                0x000000000800035c                FMC_HANDLER
 .text.SPI3_HANDLER
                0x0000000008000362        0x6 ./Startup/stm32f303x6_startup.o
                0x0000000008000362                SPI3_HANDLER
 .text.UART4_HANDLER
                0x0000000008000368        0x6 ./Startup/stm32f303x6_startup.o
                0x0000000008000368                UART4_HANDLER
 .text.UART5_HANDLER
                0x000000000800036e        0x6 ./Startup/stm32f303x6_startup.o
                0x000000000800036e                UART5_HANDLER
 .text.TIM6_DAC_HANDLER
                0x0000000008000374        0x6 ./Startup/stm32f303x6_startup.o
                0x0000000008000374                TIM6_DAC_HANDLER
 .text.TIM7_HANDLER
                0x000000000800037a        0x6 ./Startup/stm32f303x6_startup.o
                0x000000000800037a                TIM7_HANDLER
 .text.DMA2_CHANNEL1_HANDLER
                0x0000000008000380        0x6 ./Startup/stm32f303x6_startup.o
                0x0000000008000380                DMA2_CHANNEL1_HANDLER
 .text.DMA2_CHANNEL2_HANDLER
                0x0000000008000386        0x6 ./Startup/stm32f303x6_startup.o
                0x0000000008000386                DMA2_CHANNEL2_HANDLER
 .text.DMA2_CHANNEL3_HANDLER
                0x000000000800038c        0x6 ./Startup/stm32f303x6_startup.o
                0x000000000800038c                DMA2_CHANNEL3_HANDLER
 .text.DMA2_CHANNEL4_HANDLER
                0x0000000008000392        0x6 ./Startup/stm32f303x6_startup.o
                0x0000000008000392                DMA2_CHANNEL4_HANDLER
 .text.DMA2_CHANNEL5_HANDLER
                0x0000000008000398        0x6 ./Startup/stm32f303x6_startup.o
                0x0000000008000398                DMA2_CHANNEL5_HANDLER
 .text.ADC4_HANDLER
                0x000000000800039e        0x6 ./Startup/stm32f303x6_startup.o
                0x000000000800039e                ADC4_HANDLER
 .text.COMP1_COMP2_COMP3_HANDLER
                0x00000000080003a4        0x6 ./Startup/stm32f303x6_startup.o
                0x00000000080003a4                COMP1_COMP2_COMP3_HANDLER
 .text.COMP4_COMP5_COMP6_HANDLER
                0x00000000080003aa        0x6 ./Startup/stm32f303x6_startup.o
                0x00000000080003aa                COMP4_COMP5_COMP6_HANDLER
 .text.COMP7_HANDLER
                0x00000000080003b0        0x6 ./Startup/stm32f303x6_startup.o
                0x00000000080003b0                COMP7_HANDLER
 .text.I2C3_EV_HANDLER
                0x00000000080003b6        0x6 ./Startup/stm32f303x6_startup.o
                0x00000000080003b6                I2C3_EV_HANDLER
 .text.I2C3_ER_HANDLER
                0x00000000080003bc        0x6 ./Startup/stm32f303x6_startup.o
                0x00000000080003bc                I2C3_ER_HANDLER
 .text.USB_HP_HANDLER
                0x00000000080003c2        0x6 ./Startup/stm32f303x6_startup.o
                0x00000000080003c2                USB_HP_HANDLER
 .text.USB_HL_HANDLER
                0x00000000080003c8        0x6 ./Startup/stm32f303x6_startup.o
                0x00000000080003c8                USB_HL_HANDLER
 .text.USB_WAKEUP_RMP_HANDLER
                0x00000000080003ce        0x6 ./Startup/stm32f303x6_startup.o
                0x00000000080003ce                USB_WAKEUP_RMP_HANDLER
 .text.TIM20_BRK_HANDLER
                0x00000000080003d4        0x6 ./Startup/stm32f303x6_startup.o
                0x00000000080003d4                TIM20_BRK_HANDLER
 .text.TIM20_UP_HANDLER
                0x00000000080003da        0x6 ./Startup/stm32f303x6_startup.o
                0x00000000080003da                TIM20_UP_HANDLER
 .text.TIM20_TRG_COM_HANDLER
                0x00000000080003e0        0x6 ./Startup/stm32f303x6_startup.o
                0x00000000080003e0                TIM20_TRG_COM_HANDLER
 .text.TIM20_CC_HANDLER
                0x00000000080003e6        0x6 ./Startup/stm32f303x6_startup.o
                0x00000000080003e6                TIM20_CC_HANDLER
 .text.FPU_HANDLER
                0x00000000080003ec        0x6 ./Startup/stm32f303x6_startup.o
                0x00000000080003ec                FPU_HANDLER
 .text.SPI4_HANDLER
                0x00000000080003f2        0x6 ./Startup/stm32f303x6_startup.o
                0x00000000080003f2                SPI4_HANDLER
 *(.init)
 .init          0x00000000080003f8        0x4 c:/st/stm32cubeide_1.7.0/stm32cubeide/plugins/com.st.stm32cube.ide.mcu.externaltools.gnu-tools-for-stm32.9-2020-q2-update.win32_2.0.0.202105311346/tools/bin/../lib/gcc/arm-none-eabi/9.3.1/thumb/v7e-m+fp/hard/crti.o
                0x00000000080003f8                _init
 *(.fini)
 .fini          0x00000000080003fc        0x4 c:/st/stm32cubeide_1.7.0/stm32cubeide/plugins/com.st.stm32cube.ide.mcu.externaltools.gnu-tools-for-stm32.9-2020-q2-update.win32_2.0.0.202105311346/tools/bin/../lib/gcc/arm-none-eabi/9.3.1/thumb/v7e-m+fp/hard/crti.o
                0x00000000080003fc                _fini
 *(.rodata)
 *(.rodata.*)
 *(.glue_7)
 .glue_7        0x0000000008000400        0x0 linker stubs
 *(.glue_7t)
 .glue_7t       0x0000000008000400        0x0 linker stubs
 *(.eh_frame)
                0x0000000008000400                . = ALIGN (0x4)
                0x0000000008000400                _etext = .

.vfp11_veneer   0x0000000008000400        0x0
 .vfp11_veneer  0x0000000008000400        0x0 linker stubs

.v4_bx          0x0000000008000400        0x0
 .v4_bx         0x0000000008000400        0x0 linker stubs

.iplt           0x0000000008000400        0x0
 .iplt          0x0000000008000400        0x0 ./Src/main.o

.rel.dyn        0x0000000008000400        0x0
 .rel.iplt      0x0000000008000400        0x0 ./Src/main.o

.data           0x0000000020000000        0x0 load address 0x0000000008000400
                0x0000000020000000                _sdata = .
 *(.data)
 *(.data.*)
                0x0000000020000000                . = ALIGN (0x4)
                0x0000000020000000                _edata = .

.igot.plt       0x0000000020000000        0x0 load address 0x0000000008000400
 .igot.plt      0x0000000020000000        0x0 ./Src/main.o

.bss            0x0000000020000000        0x0 load address 0x0000000008000400
                0x0000000020000000                _sbss = .
 *(.bss)
 *(.bss.*)
 *(COMMON)
                0x0000000020000000                . = ALIGN (0x4)
                0x0000000020000000                _ebss = .
OUTPUT(NucleoF303RE.elf elf32-littlearm)
LOAD linker stubs

.ARM.attributes
                0x0000000000000000       0x30
 .ARM.attributes
                0x0000000000000000       0x1e c:/st/stm32cubeide_1.7.0/stm32cubeide/plugins/com.st.stm32cube.ide.mcu.externaltools.gnu-tools-for-stm32.9-2020-q2-update.win32_2.0.0.202105311346/tools/bin/../lib/gcc/arm-none-eabi/9.3.1/thumb/v7e-m+fp/hard/crti.o
 .ARM.attributes
                0x000000000000001e       0x34 ./Src/main.o
 .ARM.attributes
                0x0000000000000052       0x34 ./Startup/stm32f303x6_startup.o

.comment        0x0000000000000000       0x53
 .comment       0x0000000000000000       0x53 ./Src/main.o
                                         0x54 (size before relaxing)
 .comment       0x0000000000000053       0x54 ./Startup/stm32f303x6_startup.o

.debug_info     0x0000000000000000      0x7c9
 .debug_info    0x0000000000000000       0x47 ./Src/main.o
 .debug_info    0x0000000000000047      0x782 ./Startup/stm32f303x6_startup.o

.debug_abbrev   0x0000000000000000      0x11a
 .debug_abbrev  0x0000000000000000       0x3e ./Src/main.o
 .debug_abbrev  0x000000000000003e       0xdc ./Startup/stm32f303x6_startup.o

.debug_aranges  0x0000000000000000      0x2d0
 .debug_aranges
                0x0000000000000000       0x20 ./Src/main.o
 .debug_aranges
                0x0000000000000020      0x2b0 ./Startup/stm32f303x6_startup.o

.debug_ranges   0x0000000000000000      0x2b0
 .debug_ranges  0x0000000000000000       0x10 ./Src/main.o
 .debug_ranges  0x0000000000000010      0x2a0 ./Startup/stm32f303x6_startup.o

.debug_macro    0x0000000000000000      0xf87
 .debug_macro   0x0000000000000000       0x11 ./Src/main.o
 .debug_macro   0x0000000000000011      0xaae ./Src/main.o
 .debug_macro   0x0000000000000abf       0x7b ./Startup/stm32f303x6_startup.o
 .debug_macro   0x0000000000000b3a       0x22 ./Startup/stm32f303x6_startup.o
 .debug_macro   0x0000000000000b5c       0x8e ./Startup/stm32f303x6_startup.o
 .debug_macro   0x0000000000000bea       0x51 ./Startup/stm32f303x6_startup.o
 .debug_macro   0x0000000000000c3b      0x103 ./Startup/stm32f303x6_startup.o
 .debug_macro   0x0000000000000d3e       0x6a ./Startup/stm32f303x6_startup.o
 .debug_macro   0x0000000000000da8      0x1df ./Startup/stm32f303x6_startup.o

.debug_line     0x0000000000000000      0xc4b
 .debug_line    0x0000000000000000       0x46 ./Src/main.o
 .debug_line    0x0000000000000046      0xc05 ./Startup/stm32f303x6_startup.o

.debug_str      0x0000000000000000     0x423f
 .debug_str     0x0000000000000000     0x2dc0 ./Src/main.o
 .debug_str     0x0000000000002dc0     0x147f ./Startup/stm32f303x6_startup.o
                                       0x4398 (size before relaxing)

.debug_frame    0x0000000000000000      0x808
 .debug_frame   0x0000000000000000       0x28 ./Src/main.o
 .debug_frame   0x0000000000000028      0x7e0 ./Startup/stm32f303x6_startup.o
