Archive member included to satisfy reference by file (symbol)

c:/st/stm32cubeide_1.7.0/stm32cubeide/plugins/com.st.stm32cube.ide.mcu.externaltools.gnu-tools-for-stm32.9-2020-q2-update.win32_2.0.0.202105311346/tools/bin/../lib/gcc/arm-none-eabi/9.3.1/../../../../arm-none-eabi/lib/thumb/v7e-m+fp/hard\libc_nano.a(lib_a-exit.o)
                              c:/st/stm32cubeide_1.7.0/stm32cubeide/plugins/com.st.stm32cube.ide.mcu.externaltools.gnu-tools-for-stm32.9-2020-q2-update.win32_2.0.0.202105311346/tools/bin/../lib/gcc/arm-none-eabi/9.3.1/../../../../arm-none-eabi/lib/thumb/v7e-m+fp/hard/crt0.o (exit)
c:/st/stm32cubeide_1.7.0/stm32cubeide/plugins/com.st.stm32cube.ide.mcu.externaltools.gnu-tools-for-stm32.9-2020-q2-update.win32_2.0.0.202105311346/tools/bin/../lib/gcc/arm-none-eabi/9.3.1/../../../../arm-none-eabi/lib/thumb/v7e-m+fp/hard\libc_nano.a(lib_a-impure.o)
                              c:/st/stm32cubeide_1.7.0/stm32cubeide/plugins/com.st.stm32cube.ide.mcu.externaltools.gnu-tools-for-stm32.9-2020-q2-update.win32_2.0.0.202105311346/tools/bin/../lib/gcc/arm-none-eabi/9.3.1/../../../../arm-none-eabi/lib/thumb/v7e-m+fp/hard\libc_nano.a(lib_a-exit.o) (_global_impure_ptr)
c:/st/stm32cubeide_1.7.0/stm32cubeide/plugins/com.st.stm32cube.ide.mcu.externaltools.gnu-tools-for-stm32.9-2020-q2-update.win32_2.0.0.202105311346/tools/bin/../lib/gcc/arm-none-eabi/9.3.1/../../../../arm-none-eabi/lib/thumb/v7e-m+fp/hard\libc_nano.a(lib_a-init.o)
                              c:/st/stm32cubeide_1.7.0/stm32cubeide/plugins/com.st.stm32cube.ide.mcu.externaltools.gnu-tools-for-stm32.9-2020-q2-update.win32_2.0.0.202105311346/tools/bin/../lib/gcc/arm-none-eabi/9.3.1/../../../../arm-none-eabi/lib/thumb/v7e-m+fp/hard/crt0.o (__libc_init_array)
c:/st/stm32cubeide_1.7.0/stm32cubeide/plugins/com.st.stm32cube.ide.mcu.externaltools.gnu-tools-for-stm32.9-2020-q2-update.win32_2.0.0.202105311346/tools/bin/../lib/gcc/arm-none-eabi/9.3.1/../../../../arm-none-eabi/lib/thumb/v7e-m+fp/hard\libc_nano.a(lib_a-memset.o)
                              c:/st/stm32cubeide_1.7.0/stm32cubeide/plugins/com.st.stm32cube.ide.mcu.externaltools.gnu-tools-for-stm32.9-2020-q2-update.win32_2.0.0.202105311346/tools/bin/../lib/gcc/arm-none-eabi/9.3.1/../../../../arm-none-eabi/lib/thumb/v7e-m+fp/hard/crt0.o (memset)
c:/st/stm32cubeide_1.7.0/stm32cubeide/plugins/com.st.stm32cube.ide.mcu.externaltools.gnu-tools-for-stm32.9-2020-q2-update.win32_2.0.0.202105311346/tools/bin/../lib/gcc/arm-none-eabi/9.3.1/../../../../arm-none-eabi/lib/thumb/v7e-m+fp/hard\libnosys.a(_exit.o)
                              c:/st/stm32cubeide_1.7.0/stm32cubeide/plugins/com.st.stm32cube.ide.mcu.externaltools.gnu-tools-for-stm32.9-2020-q2-update.win32_2.0.0.202105311346/tools/bin/../lib/gcc/arm-none-eabi/9.3.1/../../../../arm-none-eabi/lib/thumb/v7e-m+fp/hard\libc_nano.a(lib_a-exit.o) (_exit)

Discarded input sections

 .text          0x0000000000000000        0x0 c:/st/stm32cubeide_1.7.0/stm32cubeide/plugins/com.st.stm32cube.ide.mcu.externaltools.gnu-tools-for-stm32.9-2020-q2-update.win32_2.0.0.202105311346/tools/bin/../lib/gcc/arm-none-eabi/9.3.1/thumb/v7e-m+fp/hard/crti.o
 .data          0x0000000000000000        0x0 c:/st/stm32cubeide_1.7.0/stm32cubeide/plugins/com.st.stm32cube.ide.mcu.externaltools.gnu-tools-for-stm32.9-2020-q2-update.win32_2.0.0.202105311346/tools/bin/../lib/gcc/arm-none-eabi/9.3.1/thumb/v7e-m+fp/hard/crti.o
 .bss           0x0000000000000000        0x0 c:/st/stm32cubeide_1.7.0/stm32cubeide/plugins/com.st.stm32cube.ide.mcu.externaltools.gnu-tools-for-stm32.9-2020-q2-update.win32_2.0.0.202105311346/tools/bin/../lib/gcc/arm-none-eabi/9.3.1/thumb/v7e-m+fp/hard/crti.o
 .text          0x0000000000000000       0x40 c:/st/stm32cubeide_1.7.0/stm32cubeide/plugins/com.st.stm32cube.ide.mcu.externaltools.gnu-tools-for-stm32.9-2020-q2-update.win32_2.0.0.202105311346/tools/bin/../lib/gcc/arm-none-eabi/9.3.1/thumb/v7e-m+fp/hard/crtbegin.o
 .data          0x0000000000000000        0x4 c:/st/stm32cubeide_1.7.0/stm32cubeide/plugins/com.st.stm32cube.ide.mcu.externaltools.gnu-tools-for-stm32.9-2020-q2-update.win32_2.0.0.202105311346/tools/bin/../lib/gcc/arm-none-eabi/9.3.1/thumb/v7e-m+fp/hard/crtbegin.o
 .bss           0x0000000000000000       0x1c c:/st/stm32cubeide_1.7.0/stm32cubeide/plugins/com.st.stm32cube.ide.mcu.externaltools.gnu-tools-for-stm32.9-2020-q2-update.win32_2.0.0.202105311346/tools/bin/../lib/gcc/arm-none-eabi/9.3.1/thumb/v7e-m+fp/hard/crtbegin.o
 .init_array    0x0000000000000000        0x4 c:/st/stm32cubeide_1.7.0/stm32cubeide/plugins/com.st.stm32cube.ide.mcu.externaltools.gnu-tools-for-stm32.9-2020-q2-update.win32_2.0.0.202105311346/tools/bin/../lib/gcc/arm-none-eabi/9.3.1/thumb/v7e-m+fp/hard/crtbegin.o
 .fini_array    0x0000000000000000        0x4 c:/st/stm32cubeide_1.7.0/stm32cubeide/plugins/com.st.stm32cube.ide.mcu.externaltools.gnu-tools-for-stm32.9-2020-q2-update.win32_2.0.0.202105311346/tools/bin/../lib/gcc/arm-none-eabi/9.3.1/thumb/v7e-m+fp/hard/crtbegin.o
 .eh_frame      0x0000000000000000        0x0 c:/st/stm32cubeide_1.7.0/stm32cubeide/plugins/com.st.stm32cube.ide.mcu.externaltools.gnu-tools-for-stm32.9-2020-q2-update.win32_2.0.0.202105311346/tools/bin/../lib/gcc/arm-none-eabi/9.3.1/thumb/v7e-m+fp/hard/crtbegin.o
 .ARM.attributes
                0x0000000000000000       0x34 c:/st/stm32cubeide_1.7.0/stm32cubeide/plugins/com.st.stm32cube.ide.mcu.externaltools.gnu-tools-for-stm32.9-2020-q2-update.win32_2.0.0.202105311346/tools/bin/../lib/gcc/arm-none-eabi/9.3.1/thumb/v7e-m+fp/hard/crtbegin.o
 .text          0x0000000000000000       0x7c c:/st/stm32cubeide_1.7.0/stm32cubeide/plugins/com.st.stm32cube.ide.mcu.externaltools.gnu-tools-for-stm32.9-2020-q2-update.win32_2.0.0.202105311346/tools/bin/../lib/gcc/arm-none-eabi/9.3.1/../../../../arm-none-eabi/lib/thumb/v7e-m+fp/hard/crt0.o
 .data          0x0000000000000000        0x0 c:/st/stm32cubeide_1.7.0/stm32cubeide/plugins/com.st.stm32cube.ide.mcu.externaltools.gnu-tools-for-stm32.9-2020-q2-update.win32_2.0.0.202105311346/tools/bin/../lib/gcc/arm-none-eabi/9.3.1/../../../../arm-none-eabi/lib/thumb/v7e-m+fp/hard/crt0.o
 .bss           0x0000000000000000        0x0 c:/st/stm32cubeide_1.7.0/stm32cubeide/plugins/com.st.stm32cube.ide.mcu.externaltools.gnu-tools-for-stm32.9-2020-q2-update.win32_2.0.0.202105311346/tools/bin/../lib/gcc/arm-none-eabi/9.3.1/../../../../arm-none-eabi/lib/thumb/v7e-m+fp/hard/crt0.o
 .ARM.extab     0x0000000000000000        0x0 c:/st/stm32cubeide_1.7.0/stm32cubeide/plugins/com.st.stm32cube.ide.mcu.externaltools.gnu-tools-for-stm32.9-2020-q2-update.win32_2.0.0.202105311346/tools/bin/../lib/gcc/arm-none-eabi/9.3.1/../../../../arm-none-eabi/lib/thumb/v7e-m+fp/hard/crt0.o
 .ARM.exidx     0x0000000000000000       0x10 c:/st/stm32cubeide_1.7.0/stm32cubeide/plugins/com.st.stm32cube.ide.mcu.externaltools.gnu-tools-for-stm32.9-2020-q2-update.win32_2.0.0.202105311346/tools/bin/../lib/gcc/arm-none-eabi/9.3.1/../../../../arm-none-eabi/lib/thumb/v7e-m+fp/hard/crt0.o
 .ARM.attributes
                0x0000000000000000       0x1c c:/st/stm32cubeide_1.7.0/stm32cubeide/plugins/com.st.stm32cube.ide.mcu.externaltools.gnu-tools-for-stm32.9-2020-q2-update.win32_2.0.0.202105311346/tools/bin/../lib/gcc/arm-none-eabi/9.3.1/../../../../arm-none-eabi/lib/thumb/v7e-m+fp/hard/crt0.o
 .group         0x0000000000000000        0xc ./APP/LED/Core/Led_core.o
 .group         0x0000000000000000        0xc ./APP/LED/Core/Led_core.o
 .group         0x0000000000000000        0xc ./APP/LED/Core/Led_core.o
 .group         0x0000000000000000        0xc ./APP/LED/Core/Led_core.o
 .group         0x0000000000000000        0xc ./APP/LED/Core/Led_core.o
 .group         0x0000000000000000        0xc ./APP/LED/Core/Led_core.o
 .group         0x0000000000000000        0xc ./APP/LED/Core/Led_core.o
 .group         0x0000000000000000        0xc ./APP/LED/Core/Led_core.o
 .group         0x0000000000000000        0xc ./APP/LED/Core/Led_core.o
 .group         0x0000000000000000        0xc ./APP/LED/Core/Led_core.o
 .group         0x0000000000000000        0xc ./APP/LED/Core/Led_core.o
 .text          0x0000000000000000        0x0 ./APP/LED/Core/Led_core.o
 .data          0x0000000000000000        0x0 ./APP/LED/Core/Led_core.o
 .bss           0x0000000000000000        0x0 ./APP/LED/Core/Led_core.o
 .text.LED_TOGGLE
                0x0000000000000000       0x20 ./APP/LED/Core/Led_core.o
 .group         0x0000000000000000        0xc ./MCAL/STM32F303RE_MCAL/BSW/Port/Core/Port_core.o
 .group         0x0000000000000000        0xc ./MCAL/STM32F303RE_MCAL/BSW/Port/Core/Port_core.o
 .group         0x0000000000000000        0xc ./MCAL/STM32F303RE_MCAL/BSW/Port/Core/Port_core.o
 .group         0x0000000000000000        0xc ./MCAL/STM32F303RE_MCAL/BSW/Port/Core/Port_core.o
 .group         0x0000000000000000        0xc ./MCAL/STM32F303RE_MCAL/BSW/Port/Core/Port_core.o
 .group         0x0000000000000000        0xc ./MCAL/STM32F303RE_MCAL/BSW/Port/Core/Port_core.o
 .group         0x0000000000000000        0xc ./MCAL/STM32F303RE_MCAL/BSW/Port/Core/Port_core.o
 .group         0x0000000000000000        0xc ./MCAL/STM32F303RE_MCAL/BSW/Port/Core/Port_core.o
 .group         0x0000000000000000        0xc ./MCAL/STM32F303RE_MCAL/BSW/Port/Core/Port_core.o
 .group         0x0000000000000000        0xc ./MCAL/STM32F303RE_MCAL/BSW/Port/Core/Port_core.o
 .text          0x0000000000000000        0x0 ./MCAL/STM32F303RE_MCAL/BSW/Port/Core/Port_core.o
 .data          0x0000000000000000        0x0 ./MCAL/STM32F303RE_MCAL/BSW/Port/Core/Port_core.o
 .bss           0x0000000000000000        0x0 ./MCAL/STM32F303RE_MCAL/BSW/Port/Core/Port_core.o
 .debug_macro   0x0000000000000000      0xa96 ./MCAL/STM32F303RE_MCAL/BSW/Port/Core/Port_core.o
 .debug_macro   0x0000000000000000       0x22 ./MCAL/STM32F303RE_MCAL/BSW/Port/Core/Port_core.o
 .debug_macro   0x0000000000000000       0x8e ./MCAL/STM32F303RE_MCAL/BSW/Port/Core/Port_core.o
 .debug_macro   0x0000000000000000       0x51 ./MCAL/STM32F303RE_MCAL/BSW/Port/Core/Port_core.o
 .debug_macro   0x0000000000000000      0x103 ./MCAL/STM32F303RE_MCAL/BSW/Port/Core/Port_core.o
 .debug_macro   0x0000000000000000       0x6a ./MCAL/STM32F303RE_MCAL/BSW/Port/Core/Port_core.o
 .debug_macro   0x0000000000000000      0x1df ./MCAL/STM32F303RE_MCAL/BSW/Port/Core/Port_core.o
 .debug_macro   0x0000000000000000      0x886 ./MCAL/STM32F303RE_MCAL/BSW/Port/Core/Port_core.o
 .debug_macro   0x0000000000000000      0x220 ./MCAL/STM32F303RE_MCAL/BSW/Port/Core/Port_core.o
 .debug_macro   0x0000000000000000      0x1f0 ./MCAL/STM32F303RE_MCAL/BSW/Port/Core/Port_core.o
 .group         0x0000000000000000        0xc ./Src/main.o
 .group         0x0000000000000000        0xc ./Src/main.o
 .group         0x0000000000000000        0xc ./Src/main.o
 .group         0x0000000000000000        0xc ./Src/main.o
 .group         0x0000000000000000        0xc ./Src/main.o
 .group         0x0000000000000000        0xc ./Src/main.o
 .group         0x0000000000000000        0xc ./Src/main.o
 .group         0x0000000000000000        0xc ./Src/main.o
 .group         0x0000000000000000        0xc ./Src/main.o
 .group         0x0000000000000000        0xc ./Src/main.o
 .group         0x0000000000000000        0xc ./Src/main.o
 .text          0x0000000000000000        0x0 ./Src/main.o
 .data          0x0000000000000000        0x0 ./Src/main.o
 .bss           0x0000000000000000        0x0 ./Src/main.o
 .debug_macro   0x0000000000000000      0xa96 ./Src/main.o
 .debug_macro   0x0000000000000000       0x22 ./Src/main.o
 .debug_macro   0x0000000000000000       0x8e ./Src/main.o
 .debug_macro   0x0000000000000000       0x51 ./Src/main.o
 .debug_macro   0x0000000000000000      0x103 ./Src/main.o
 .debug_macro   0x0000000000000000       0x6a ./Src/main.o
 .debug_macro   0x0000000000000000      0x1df ./Src/main.o
 .debug_macro   0x0000000000000000      0x1f0 ./Src/main.o
 .group         0x0000000000000000        0xc ./Startup/stm32f303x6_startup.o
 .group         0x0000000000000000        0xc ./Startup/stm32f303x6_startup.o
 .group         0x0000000000000000        0xc ./Startup/stm32f303x6_startup.o
 .group         0x0000000000000000        0xc ./Startup/stm32f303x6_startup.o
 .group         0x0000000000000000        0xc ./Startup/stm32f303x6_startup.o
 .group         0x0000000000000000        0xc ./Startup/stm32f303x6_startup.o
 .group         0x0000000000000000        0xc ./Startup/stm32f303x6_startup.o
 .text          0x0000000000000000        0x0 ./Startup/stm32f303x6_startup.o
 .data          0x0000000000000000        0x0 ./Startup/stm32f303x6_startup.o
 .bss           0x0000000000000000        0x0 ./Startup/stm32f303x6_startup.o
 .debug_macro   0x0000000000000000      0xa96 ./Startup/stm32f303x6_startup.o
 .debug_macro   0x0000000000000000       0x22 ./Startup/stm32f303x6_startup.o
 .debug_macro   0x0000000000000000       0x8e ./Startup/stm32f303x6_startup.o
 .debug_macro   0x0000000000000000       0x51 ./Startup/stm32f303x6_startup.o
 .debug_macro   0x0000000000000000      0x103 ./Startup/stm32f303x6_startup.o
 .debug_macro   0x0000000000000000       0x6a ./Startup/stm32f303x6_startup.o
 .debug_macro   0x0000000000000000      0x1df ./Startup/stm32f303x6_startup.o
 .text          0x0000000000000000        0x0 c:/st/stm32cubeide_1.7.0/stm32cubeide/plugins/com.st.stm32cube.ide.mcu.externaltools.gnu-tools-for-stm32.9-2020-q2-update.win32_2.0.0.202105311346/tools/bin/../lib/gcc/arm-none-eabi/9.3.1/../../../../arm-none-eabi/lib/thumb/v7e-m+fp/hard\libc_nano.a(lib_a-exit.o)
 .data          0x0000000000000000        0x0 c:/st/stm32cubeide_1.7.0/stm32cubeide/plugins/com.st.stm32cube.ide.mcu.externaltools.gnu-tools-for-stm32.9-2020-q2-update.win32_2.0.0.202105311346/tools/bin/../lib/gcc/arm-none-eabi/9.3.1/../../../../arm-none-eabi/lib/thumb/v7e-m+fp/hard\libc_nano.a(lib_a-exit.o)
 .bss           0x0000000000000000        0x0 c:/st/stm32cubeide_1.7.0/stm32cubeide/plugins/com.st.stm32cube.ide.mcu.externaltools.gnu-tools-for-stm32.9-2020-q2-update.win32_2.0.0.202105311346/tools/bin/../lib/gcc/arm-none-eabi/9.3.1/../../../../arm-none-eabi/lib/thumb/v7e-m+fp/hard\libc_nano.a(lib_a-exit.o)
 .text.exit     0x0000000000000000       0x28 c:/st/stm32cubeide_1.7.0/stm32cubeide/plugins/com.st.stm32cube.ide.mcu.externaltools.gnu-tools-for-stm32.9-2020-q2-update.win32_2.0.0.202105311346/tools/bin/../lib/gcc/arm-none-eabi/9.3.1/../../../../arm-none-eabi/lib/thumb/v7e-m+fp/hard\libc_nano.a(lib_a-exit.o)
 .debug_frame   0x0000000000000000       0x28 c:/st/stm32cubeide_1.7.0/stm32cubeide/plugins/com.st.stm32cube.ide.mcu.externaltools.gnu-tools-for-stm32.9-2020-q2-update.win32_2.0.0.202105311346/tools/bin/../lib/gcc/arm-none-eabi/9.3.1/../../../../arm-none-eabi/lib/thumb/v7e-m+fp/hard\libc_nano.a(lib_a-exit.o)
 .ARM.attributes
                0x0000000000000000       0x34 c:/st/stm32cubeide_1.7.0/stm32cubeide/plugins/com.st.stm32cube.ide.mcu.externaltools.gnu-tools-for-stm32.9-2020-q2-update.win32_2.0.0.202105311346/tools/bin/../lib/gcc/arm-none-eabi/9.3.1/../../../../arm-none-eabi/lib/thumb/v7e-m+fp/hard\libc_nano.a(lib_a-exit.o)
 .text          0x0000000000000000        0x0 c:/st/stm32cubeide_1.7.0/stm32cubeide/plugins/com.st.stm32cube.ide.mcu.externaltools.gnu-tools-for-stm32.9-2020-q2-update.win32_2.0.0.202105311346/tools/bin/../lib/gcc/arm-none-eabi/9.3.1/../../../../arm-none-eabi/lib/thumb/v7e-m+fp/hard\libc_nano.a(lib_a-impure.o)
 .data          0x0000000000000000        0x0 c:/st/stm32cubeide_1.7.0/stm32cubeide/plugins/com.st.stm32cube.ide.mcu.externaltools.gnu-tools-for-stm32.9-2020-q2-update.win32_2.0.0.202105311346/tools/bin/../lib/gcc/arm-none-eabi/9.3.1/../../../../arm-none-eabi/lib/thumb/v7e-m+fp/hard\libc_nano.a(lib_a-impure.o)
 .bss           0x0000000000000000        0x0 c:/st/stm32cubeide_1.7.0/stm32cubeide/plugins/com.st.stm32cube.ide.mcu.externaltools.gnu-tools-for-stm32.9-2020-q2-update.win32_2.0.0.202105311346/tools/bin/../lib/gcc/arm-none-eabi/9.3.1/../../../../arm-none-eabi/lib/thumb/v7e-m+fp/hard\libc_nano.a(lib_a-impure.o)
 .data._impure_ptr
                0x0000000000000000        0x4 c:/st/stm32cubeide_1.7.0/stm32cubeide/plugins/com.st.stm32cube.ide.mcu.externaltools.gnu-tools-for-stm32.9-2020-q2-update.win32_2.0.0.202105311346/tools/bin/../lib/gcc/arm-none-eabi/9.3.1/../../../../arm-none-eabi/lib/thumb/v7e-m+fp/hard\libc_nano.a(lib_a-impure.o)
 .data.impure_data
                0x0000000000000000       0x60 c:/st/stm32cubeide_1.7.0/stm32cubeide/plugins/com.st.stm32cube.ide.mcu.externaltools.gnu-tools-for-stm32.9-2020-q2-update.win32_2.0.0.202105311346/tools/bin/../lib/gcc/arm-none-eabi/9.3.1/../../../../arm-none-eabi/lib/thumb/v7e-m+fp/hard\libc_nano.a(lib_a-impure.o)
 .rodata._global_impure_ptr
                0x0000000000000000        0x4 c:/st/stm32cubeide_1.7.0/stm32cubeide/plugins/com.st.stm32cube.ide.mcu.externaltools.gnu-tools-for-stm32.9-2020-q2-update.win32_2.0.0.202105311346/tools/bin/../lib/gcc/arm-none-eabi/9.3.1/../../../../arm-none-eabi/lib/thumb/v7e-m+fp/hard\libc_nano.a(lib_a-impure.o)
 .ARM.attributes
                0x0000000000000000       0x32 c:/st/stm32cubeide_1.7.0/stm32cubeide/plugins/com.st.stm32cube.ide.mcu.externaltools.gnu-tools-for-stm32.9-2020-q2-update.win32_2.0.0.202105311346/tools/bin/../lib/gcc/arm-none-eabi/9.3.1/../../../../arm-none-eabi/lib/thumb/v7e-m+fp/hard\libc_nano.a(lib_a-impure.o)
 .text          0x0000000000000000        0x0 c:/st/stm32cubeide_1.7.0/stm32cubeide/plugins/com.st.stm32cube.ide.mcu.externaltools.gnu-tools-for-stm32.9-2020-q2-update.win32_2.0.0.202105311346/tools/bin/../lib/gcc/arm-none-eabi/9.3.1/../../../../arm-none-eabi/lib/thumb/v7e-m+fp/hard\libc_nano.a(lib_a-init.o)
 .data          0x0000000000000000        0x0 c:/st/stm32cubeide_1.7.0/stm32cubeide/plugins/com.st.stm32cube.ide.mcu.externaltools.gnu-tools-for-stm32.9-2020-q2-update.win32_2.0.0.202105311346/tools/bin/../lib/gcc/arm-none-eabi/9.3.1/../../../../arm-none-eabi/lib/thumb/v7e-m+fp/hard\libc_nano.a(lib_a-init.o)
 .bss           0x0000000000000000        0x0 c:/st/stm32cubeide_1.7.0/stm32cubeide/plugins/com.st.stm32cube.ide.mcu.externaltools.gnu-tools-for-stm32.9-2020-q2-update.win32_2.0.0.202105311346/tools/bin/../lib/gcc/arm-none-eabi/9.3.1/../../../../arm-none-eabi/lib/thumb/v7e-m+fp/hard\libc_nano.a(lib_a-init.o)
 .text.__libc_init_array
                0x0000000000000000       0x48 c:/st/stm32cubeide_1.7.0/stm32cubeide/plugins/com.st.stm32cube.ide.mcu.externaltools.gnu-tools-for-stm32.9-2020-q2-update.win32_2.0.0.202105311346/tools/bin/../lib/gcc/arm-none-eabi/9.3.1/../../../../arm-none-eabi/lib/thumb/v7e-m+fp/hard\libc_nano.a(lib_a-init.o)
 .debug_frame   0x0000000000000000       0x2c c:/st/stm32cubeide_1.7.0/stm32cubeide/plugins/com.st.stm32cube.ide.mcu.externaltools.gnu-tools-for-stm32.9-2020-q2-update.win32_2.0.0.202105311346/tools/bin/../lib/gcc/arm-none-eabi/9.3.1/../../../../arm-none-eabi/lib/thumb/v7e-m+fp/hard\libc_nano.a(lib_a-init.o)
 .ARM.attributes
                0x0000000000000000       0x34 c:/st/stm32cubeide_1.7.0/stm32cubeide/plugins/com.st.stm32cube.ide.mcu.externaltools.gnu-tools-for-stm32.9-2020-q2-update.win32_2.0.0.202105311346/tools/bin/../lib/gcc/arm-none-eabi/9.3.1/../../../../arm-none-eabi/lib/thumb/v7e-m+fp/hard\libc_nano.a(lib_a-init.o)
 .text          0x0000000000000000        0x0 c:/st/stm32cubeide_1.7.0/stm32cubeide/plugins/com.st.stm32cube.ide.mcu.externaltools.gnu-tools-for-stm32.9-2020-q2-update.win32_2.0.0.202105311346/tools/bin/../lib/gcc/arm-none-eabi/9.3.1/../../../../arm-none-eabi/lib/thumb/v7e-m+fp/hard\libc_nano.a(lib_a-memset.o)
 .data          0x0000000000000000        0x0 c:/st/stm32cubeide_1.7.0/stm32cubeide/plugins/com.st.stm32cube.ide.mcu.externaltools.gnu-tools-for-stm32.9-2020-q2-update.win32_2.0.0.202105311346/tools/bin/../lib/gcc/arm-none-eabi/9.3.1/../../../../arm-none-eabi/lib/thumb/v7e-m+fp/hard\libc_nano.a(lib_a-memset.o)
 .bss           0x0000000000000000        0x0 c:/st/stm32cubeide_1.7.0/stm32cubeide/plugins/com.st.stm32cube.ide.mcu.externaltools.gnu-tools-for-stm32.9-2020-q2-update.win32_2.0.0.202105311346/tools/bin/../lib/gcc/arm-none-eabi/9.3.1/../../../../arm-none-eabi/lib/thumb/v7e-m+fp/hard\libc_nano.a(lib_a-memset.o)
 .text.memset   0x0000000000000000       0x10 c:/st/stm32cubeide_1.7.0/stm32cubeide/plugins/com.st.stm32cube.ide.mcu.externaltools.gnu-tools-for-stm32.9-2020-q2-update.win32_2.0.0.202105311346/tools/bin/../lib/gcc/arm-none-eabi/9.3.1/../../../../arm-none-eabi/lib/thumb/v7e-m+fp/hard\libc_nano.a(lib_a-memset.o)
 .debug_frame   0x0000000000000000       0x20 c:/st/stm32cubeide_1.7.0/stm32cubeide/plugins/com.st.stm32cube.ide.mcu.externaltools.gnu-tools-for-stm32.9-2020-q2-update.win32_2.0.0.202105311346/tools/bin/../lib/gcc/arm-none-eabi/9.3.1/../../../../arm-none-eabi/lib/thumb/v7e-m+fp/hard\libc_nano.a(lib_a-memset.o)
 .ARM.attributes
                0x0000000000000000       0x34 c:/st/stm32cubeide_1.7.0/stm32cubeide/plugins/com.st.stm32cube.ide.mcu.externaltools.gnu-tools-for-stm32.9-2020-q2-update.win32_2.0.0.202105311346/tools/bin/../lib/gcc/arm-none-eabi/9.3.1/../../../../arm-none-eabi/lib/thumb/v7e-m+fp/hard\libc_nano.a(lib_a-memset.o)
 .text          0x0000000000000000        0x0 c:/st/stm32cubeide_1.7.0/stm32cubeide/plugins/com.st.stm32cube.ide.mcu.externaltools.gnu-tools-for-stm32.9-2020-q2-update.win32_2.0.0.202105311346/tools/bin/../lib/gcc/arm-none-eabi/9.3.1/../../../../arm-none-eabi/lib/thumb/v7e-m+fp/hard\libnosys.a(_exit.o)
 .data          0x0000000000000000        0x0 c:/st/stm32cubeide_1.7.0/stm32cubeide/plugins/com.st.stm32cube.ide.mcu.externaltools.gnu-tools-for-stm32.9-2020-q2-update.win32_2.0.0.202105311346/tools/bin/../lib/gcc/arm-none-eabi/9.3.1/../../../../arm-none-eabi/lib/thumb/v7e-m+fp/hard\libnosys.a(_exit.o)
 .bss           0x0000000000000000        0x0 c:/st/stm32cubeide_1.7.0/stm32cubeide/plugins/com.st.stm32cube.ide.mcu.externaltools.gnu-tools-for-stm32.9-2020-q2-update.win32_2.0.0.202105311346/tools/bin/../lib/gcc/arm-none-eabi/9.3.1/../../../../arm-none-eabi/lib/thumb/v7e-m+fp/hard\libnosys.a(_exit.o)
 .text._exit    0x0000000000000000        0x2 c:/st/stm32cubeide_1.7.0/stm32cubeide/plugins/com.st.stm32cube.ide.mcu.externaltools.gnu-tools-for-stm32.9-2020-q2-update.win32_2.0.0.202105311346/tools/bin/../lib/gcc/arm-none-eabi/9.3.1/../../../../arm-none-eabi/lib/thumb/v7e-m+fp/hard\libnosys.a(_exit.o)
 .debug_frame   0x0000000000000000       0x20 c:/st/stm32cubeide_1.7.0/stm32cubeide/plugins/com.st.stm32cube.ide.mcu.externaltools.gnu-tools-for-stm32.9-2020-q2-update.win32_2.0.0.202105311346/tools/bin/../lib/gcc/arm-none-eabi/9.3.1/../../../../arm-none-eabi/lib/thumb/v7e-m+fp/hard\libnosys.a(_exit.o)
 .ARM.attributes
                0x0000000000000000       0x34 c:/st/stm32cubeide_1.7.0/stm32cubeide/plugins/com.st.stm32cube.ide.mcu.externaltools.gnu-tools-for-stm32.9-2020-q2-update.win32_2.0.0.202105311346/tools/bin/../lib/gcc/arm-none-eabi/9.3.1/../../../../arm-none-eabi/lib/thumb/v7e-m+fp/hard\libnosys.a(_exit.o)
 .text          0x0000000000000000        0x0 c:/st/stm32cubeide_1.7.0/stm32cubeide/plugins/com.st.stm32cube.ide.mcu.externaltools.gnu-tools-for-stm32.9-2020-q2-update.win32_2.0.0.202105311346/tools/bin/../lib/gcc/arm-none-eabi/9.3.1/thumb/v7e-m+fp/hard/crtend.o
 .data          0x0000000000000000        0x0 c:/st/stm32cubeide_1.7.0/stm32cubeide/plugins/com.st.stm32cube.ide.mcu.externaltools.gnu-tools-for-stm32.9-2020-q2-update.win32_2.0.0.202105311346/tools/bin/../lib/gcc/arm-none-eabi/9.3.1/thumb/v7e-m+fp/hard/crtend.o
 .bss           0x0000000000000000        0x0 c:/st/stm32cubeide_1.7.0/stm32cubeide/plugins/com.st.stm32cube.ide.mcu.externaltools.gnu-tools-for-stm32.9-2020-q2-update.win32_2.0.0.202105311346/tools/bin/../lib/gcc/arm-none-eabi/9.3.1/thumb/v7e-m+fp/hard/crtend.o
 .eh_frame      0x0000000000000000        0x4 c:/st/stm32cubeide_1.7.0/stm32cubeide/plugins/com.st.stm32cube.ide.mcu.externaltools.gnu-tools-for-stm32.9-2020-q2-update.win32_2.0.0.202105311346/tools/bin/../lib/gcc/arm-none-eabi/9.3.1/thumb/v7e-m+fp/hard/crtend.o
 .ARM.attributes
                0x0000000000000000       0x32 c:/st/stm32cubeide_1.7.0/stm32cubeide/plugins/com.st.stm32cube.ide.mcu.externaltools.gnu-tools-for-stm32.9-2020-q2-update.win32_2.0.0.202105311346/tools/bin/../lib/gcc/arm-none-eabi/9.3.1/thumb/v7e-m+fp/hard/crtend.o
 .text          0x0000000000000000        0x0 c:/st/stm32cubeide_1.7.0/stm32cubeide/plugins/com.st.stm32cube.ide.mcu.externaltools.gnu-tools-for-stm32.9-2020-q2-update.win32_2.0.0.202105311346/tools/bin/../lib/gcc/arm-none-eabi/9.3.1/thumb/v7e-m+fp/hard/crtn.o
 .data          0x0000000000000000        0x0 c:/st/stm32cubeide_1.7.0/stm32cubeide/plugins/com.st.stm32cube.ide.mcu.externaltools.gnu-tools-for-stm32.9-2020-q2-update.win32_2.0.0.202105311346/tools/bin/../lib/gcc/arm-none-eabi/9.3.1/thumb/v7e-m+fp/hard/crtn.o
 .bss           0x0000000000000000        0x0 c:/st/stm32cubeide_1.7.0/stm32cubeide/plugins/com.st.stm32cube.ide.mcu.externaltools.gnu-tools-for-stm32.9-2020-q2-update.win32_2.0.0.202105311346/tools/bin/../lib/gcc/arm-none-eabi/9.3.1/thumb/v7e-m+fp/hard/crtn.o
 .init          0x0000000000000000        0x8 c:/st/stm32cubeide_1.7.0/stm32cubeide/plugins/com.st.stm32cube.ide.mcu.externaltools.gnu-tools-for-stm32.9-2020-q2-update.win32_2.0.0.202105311346/tools/bin/../lib/gcc/arm-none-eabi/9.3.1/thumb/v7e-m+fp/hard/crtn.o
 .fini          0x0000000000000000        0x8 c:/st/stm32cubeide_1.7.0/stm32cubeide/plugins/com.st.stm32cube.ide.mcu.externaltools.gnu-tools-for-stm32.9-2020-q2-update.win32_2.0.0.202105311346/tools/bin/../lib/gcc/arm-none-eabi/9.3.1/thumb/v7e-m+fp/hard/crtn.o
 .ARM.attributes
                0x0000000000000000       0x1e c:/st/stm32cubeide_1.7.0/stm32cubeide/plugins/com.st.stm32cube.ide.mcu.externaltools.gnu-tools-for-stm32.9-2020-q2-update.win32_2.0.0.202105311346/tools/bin/../lib/gcc/arm-none-eabi/9.3.1/thumb/v7e-m+fp/hard/crtn.o

Memory Configuration

Name             Origin             Length             Attributes
FLASH            0x0000000008000000 0x0000000000080000 xr
SRAM1            0x0000000010000000 0x0000000000004000 xrw
SRAM2            0x0000000020000000 0x0000000000010000 xrw
*default*        0x0000000000000000 0xffffffffffffffff

Linker script and memory map

LOAD c:/st/stm32cubeide_1.7.0/stm32cubeide/plugins/com.st.stm32cube.ide.mcu.externaltools.gnu-tools-for-stm32.9-2020-q2-update.win32_2.0.0.202105311346/tools/bin/../lib/gcc/arm-none-eabi/9.3.1/thumb/v7e-m+fp/hard/crti.o
LOAD c:/st/stm32cubeide_1.7.0/stm32cubeide/plugins/com.st.stm32cube.ide.mcu.externaltools.gnu-tools-for-stm32.9-2020-q2-update.win32_2.0.0.202105311346/tools/bin/../lib/gcc/arm-none-eabi/9.3.1/thumb/v7e-m+fp/hard/crtbegin.o
LOAD c:/st/stm32cubeide_1.7.0/stm32cubeide/plugins/com.st.stm32cube.ide.mcu.externaltools.gnu-tools-for-stm32.9-2020-q2-update.win32_2.0.0.202105311346/tools/bin/../lib/gcc/arm-none-eabi/9.3.1/../../../../arm-none-eabi/lib/thumb/v7e-m+fp/hard/crt0.o
LOAD ./APP/LED/Core/Led_core.o
LOAD ./MCAL/STM32F303RE_MCAL/BSW/Port/Core/Port_core.o
LOAD ./Src/main.o
LOAD ./Startup/stm32f303x6_startup.o
START GROUP
LOAD c:/st/stm32cubeide_1.7.0/stm32cubeide/plugins/com.st.stm32cube.ide.mcu.externaltools.gnu-tools-for-stm32.9-2020-q2-update.win32_2.0.0.202105311346/tools/bin/../lib/gcc/arm-none-eabi/9.3.1/../../../../arm-none-eabi/lib/thumb/v7e-m+fp/hard\libc_nano.a
LOAD c:/st/stm32cubeide_1.7.0/stm32cubeide/plugins/com.st.stm32cube.ide.mcu.externaltools.gnu-tools-for-stm32.9-2020-q2-update.win32_2.0.0.202105311346/tools/bin/../lib/gcc/arm-none-eabi/9.3.1/../../../../arm-none-eabi/lib/thumb/v7e-m+fp/hard\libm.a
END GROUP
START GROUP
LOAD c:/st/stm32cubeide_1.7.0/stm32cubeide/plugins/com.st.stm32cube.ide.mcu.externaltools.gnu-tools-for-stm32.9-2020-q2-update.win32_2.0.0.202105311346/tools/bin/../lib/gcc/arm-none-eabi/9.3.1/thumb/v7e-m+fp/hard\libgcc.a
LOAD c:/st/stm32cubeide_1.7.0/stm32cubeide/plugins/com.st.stm32cube.ide.mcu.externaltools.gnu-tools-for-stm32.9-2020-q2-update.win32_2.0.0.202105311346/tools/bin/../lib/gcc/arm-none-eabi/9.3.1/../../../../arm-none-eabi/lib/thumb/v7e-m+fp/hard\libc_nano.a
END GROUP
START GROUP
LOAD c:/st/stm32cubeide_1.7.0/stm32cubeide/plugins/com.st.stm32cube.ide.mcu.externaltools.gnu-tools-for-stm32.9-2020-q2-update.win32_2.0.0.202105311346/tools/bin/../lib/gcc/arm-none-eabi/9.3.1/thumb/v7e-m+fp/hard\libgcc.a
LOAD c:/st/stm32cubeide_1.7.0/stm32cubeide/plugins/com.st.stm32cube.ide.mcu.externaltools.gnu-tools-for-stm32.9-2020-q2-update.win32_2.0.0.202105311346/tools/bin/../lib/gcc/arm-none-eabi/9.3.1/../../../../arm-none-eabi/lib/thumb/v7e-m+fp/hard\libc_nano.a
LOAD c:/st/stm32cubeide_1.7.0/stm32cubeide/plugins/com.st.stm32cube.ide.mcu.externaltools.gnu-tools-for-stm32.9-2020-q2-update.win32_2.0.0.202105311346/tools/bin/../lib/gcc/arm-none-eabi/9.3.1/../../../../arm-none-eabi/lib/thumb/v7e-m+fp/hard\libnosys.a
END GROUP
START GROUP
LOAD c:/st/stm32cubeide_1.7.0/stm32cubeide/plugins/com.st.stm32cube.ide.mcu.externaltools.gnu-tools-for-stm32.9-2020-q2-update.win32_2.0.0.202105311346/tools/bin/../lib/gcc/arm-none-eabi/9.3.1/thumb/v7e-m+fp/hard\libgcc.a
LOAD c:/st/stm32cubeide_1.7.0/stm32cubeide/plugins/com.st.stm32cube.ide.mcu.externaltools.gnu-tools-for-stm32.9-2020-q2-update.win32_2.0.0.202105311346/tools/bin/../lib/gcc/arm-none-eabi/9.3.1/../../../../arm-none-eabi/lib/thumb/v7e-m+fp/hard\libc_nano.a
LOAD c:/st/stm32cubeide_1.7.0/stm32cubeide/plugins/com.st.stm32cube.ide.mcu.externaltools.gnu-tools-for-stm32.9-2020-q2-update.win32_2.0.0.202105311346/tools/bin/../lib/gcc/arm-none-eabi/9.3.1/../../../../arm-none-eabi/lib/thumb/v7e-m+fp/hard\libnosys.a
END GROUP
LOAD c:/st/stm32cubeide_1.7.0/stm32cubeide/plugins/com.st.stm32cube.ide.mcu.externaltools.gnu-tools-for-stm32.9-2020-q2-update.win32_2.0.0.202105311346/tools/bin/../lib/gcc/arm-none-eabi/9.3.1/thumb/v7e-m+fp/hard/crtend.o
LOAD c:/st/stm32cubeide_1.7.0/stm32cubeide/plugins/com.st.stm32cube.ide.mcu.externaltools.gnu-tools-for-stm32.9-2020-q2-update.win32_2.0.0.202105311346/tools/bin/../lib/gcc/arm-none-eabi/9.3.1/thumb/v7e-m+fp/hard/crtn.o

.isr.text       0x0000000008000000      0x184
 *(.isr.text)
 .isr.text      0x0000000008000000      0x184 ./Startup/stm32f303x6_startup.o
                0x0000000008000000                vectors
 *(.isr.text)
                0x0000000008000184                . = ALIGN (0x4)

.text           0x0000000008000184      0x38c
                0x0000000008000184                _stext = .
 *(.text)
 *(.text.*)
 .text.LED_ON   0x0000000008000184       0x20 ./APP/LED/Core/Led_core.o
                0x0000000008000184                LED_ON
 .text.LED_OFF  0x00000000080001a4       0x20 ./APP/LED/Core/Led_core.o
                0x00000000080001a4                LED_OFF
 .text.LED_Init
                0x00000000080001c4       0x28 ./APP/LED/Core/Led_core.o
                0x00000000080001c4                LED_Init
 .text.PORT_Init
                0x00000000080001ec       0x68 ./MCAL/STM32F303RE_MCAL/BSW/Port/Core/Port_core.o
                0x00000000080001ec                PORT_Init
 .text.main     0x0000000008000254       0x48 ./Src/main.o
                0x0000000008000254                main
 .text.RESET_HANDLER
                0x000000000800029c       0x80 ./Startup/stm32f303x6_startup.o
                0x000000000800029c                RESET_HANDLER
 .text.NMI_HANDLER
                0x000000000800031c        0x6 ./Startup/stm32f303x6_startup.o
                0x000000000800031c                NMI_HANDLER
 .text.HARDFAULT_HANDLER
                0x0000000008000322        0x6 ./Startup/stm32f303x6_startup.o
                0x0000000008000322                HARDFAULT_HANDLER
 .text.MEMMANGE_HANDLER
                0x0000000008000328        0x6 ./Startup/stm32f303x6_startup.o
                0x0000000008000328                MEMMANGE_HANDLER
 .text.BUSFAULT_HANDLER
                0x000000000800032e        0x6 ./Startup/stm32f303x6_startup.o
                0x000000000800032e                BUSFAULT_HANDLER
 .text.USAGEFAULT_HANDLER
                0x0000000008000334        0x6 ./Startup/stm32f303x6_startup.o
                0x0000000008000334                USAGEFAULT_HANDLER
 .text.SVCALL_HANDLER
                0x000000000800033a        0x6 ./Startup/stm32f303x6_startup.o
                0x000000000800033a                SVCALL_HANDLER
 .text.PENDSV_HANDLER
                0x0000000008000340        0x6 ./Startup/stm32f303x6_startup.o
                0x0000000008000340                PENDSV_HANDLER
 .text.SYSTICK_HANDLER
                0x0000000008000346        0x6 ./Startup/stm32f303x6_startup.o
                0x0000000008000346                SYSTICK_HANDLER
 .text.WWDG_HANDLER
                0x000000000800034c        0x6 ./Startup/stm32f303x6_startup.o
                0x000000000800034c                WWDG_HANDLER
 .text.PVD_HANDLER
                0x0000000008000352        0x6 ./Startup/stm32f303x6_startup.o
                0x0000000008000352                PVD_HANDLER
 .text.TAMPER_STAMP_HANDLER
                0x0000000008000358        0x6 ./Startup/stm32f303x6_startup.o
                0x0000000008000358                TAMPER_STAMP_HANDLER
 .text.RTC_WKUP_HANDLER
                0x000000000800035e        0x6 ./Startup/stm32f303x6_startup.o
                0x000000000800035e                RTC_WKUP_HANDLER
 .text.FLASH_HANDLER
                0x0000000008000364        0x6 ./Startup/stm32f303x6_startup.o
                0x0000000008000364                FLASH_HANDLER
 .text.RCC_HANDLER
                0x000000000800036a        0x6 ./Startup/stm32f303x6_startup.o
                0x000000000800036a                RCC_HANDLER
 .text.EXTI0_HANDLER
                0x0000000008000370        0x6 ./Startup/stm32f303x6_startup.o
                0x0000000008000370                EXTI0_HANDLER
 .text.EXTI1_HANDLER
                0x0000000008000376        0x6 ./Startup/stm32f303x6_startup.o
                0x0000000008000376                EXTI1_HANDLER
 .text.EXTI2_TS_HANDLER
                0x000000000800037c        0x6 ./Startup/stm32f303x6_startup.o
                0x000000000800037c                EXTI2_TS_HANDLER
 .text.EXTI3_HANDLER
                0x0000000008000382        0x6 ./Startup/stm32f303x6_startup.o
                0x0000000008000382                EXTI3_HANDLER
 .text.EXTI4_HANDLER
                0x0000000008000388        0x6 ./Startup/stm32f303x6_startup.o
                0x0000000008000388                EXTI4_HANDLER
 .text.DMA1_CHANNEL1_HANDLER
                0x000000000800038e        0x6 ./Startup/stm32f303x6_startup.o
                0x000000000800038e                DMA1_CHANNEL1_HANDLER
 .text.DMA1_CHANNEL2_HANDLER
                0x0000000008000394        0x6 ./Startup/stm32f303x6_startup.o
                0x0000000008000394                DMA1_CHANNEL2_HANDLER
 .text.DMA1_CHANNEL3_HANDLER
                0x000000000800039a        0x6 ./Startup/stm32f303x6_startup.o
                0x000000000800039a                DMA1_CHANNEL3_HANDLER
 .text.DMA1_CHANNEL4_HANDLER
                0x00000000080003a0        0x6 ./Startup/stm32f303x6_startup.o
                0x00000000080003a0                DMA1_CHANNEL4_HANDLER
 .text.DMA1_CHANNEL5_HANDLER
                0x00000000080003a6        0x6 ./Startup/stm32f303x6_startup.o
                0x00000000080003a6                DMA1_CHANNEL5_HANDLER
 .text.DMA1_CHANNEL6_HANDLER
                0x00000000080003ac        0x6 ./Startup/stm32f303x6_startup.o
                0x00000000080003ac                DMA1_CHANNEL6_HANDLER
 .text.DMA1_CHANNEL7_HANDLER
                0x00000000080003b2        0x6 ./Startup/stm32f303x6_startup.o
                0x00000000080003b2                DMA1_CHANNEL7_HANDLER
 .text.ADC1_ADC2_GLOBAL_HANDLER
                0x00000000080003b8        0x6 ./Startup/stm32f303x6_startup.o
                0x00000000080003b8                ADC1_ADC2_GLOBAL_HANDLER
 .text.USB_HP_CAN_TX_HANDLER
                0x00000000080003be        0x6 ./Startup/stm32f303x6_startup.o
                0x00000000080003be                USB_HP_CAN_TX_HANDLER
 .text.USB_LP_CAN_RX0_HANDLER
                0x00000000080003c4        0x6 ./Startup/stm32f303x6_startup.o
                0x00000000080003c4                USB_LP_CAN_RX0_HANDLER
 .text.CAN_RX1_HANDLER
                0x00000000080003ca        0x6 ./Startup/stm32f303x6_startup.o
                0x00000000080003ca                CAN_RX1_HANDLER
 .text.CAN_SCE_HANDLER
                0x00000000080003d0        0x6 ./Startup/stm32f303x6_startup.o
                0x00000000080003d0                CAN_SCE_HANDLER
 .text.EXTI9_5_HANDLER
                0x00000000080003d6        0x6 ./Startup/stm32f303x6_startup.o
                0x00000000080003d6                EXTI9_5_HANDLER
 .text.TIM1_BRK_TIM15_HANDLER
                0x00000000080003dc        0x6 ./Startup/stm32f303x6_startup.o
                0x00000000080003dc                TIM1_BRK_TIM15_HANDLER
 .text.TIM1_UP_TIM16_HANDLER
                0x00000000080003e2        0x6 ./Startup/stm32f303x6_startup.o
                0x00000000080003e2                TIM1_UP_TIM16_HANDLER
 .text.TIM1_TRG_COM_TIM17_HANDLER
                0x00000000080003e8        0x6 ./Startup/stm32f303x6_startup.o
                0x00000000080003e8                TIM1_TRG_COM_TIM17_HANDLER
 .text.TIM1_CC_HANDLER
                0x00000000080003ee        0x6 ./Startup/stm32f303x6_startup.o
                0x00000000080003ee                TIM1_CC_HANDLER
 .text.TIM2_HANDLER
                0x00000000080003f4        0x6 ./Startup/stm32f303x6_startup.o
                0x00000000080003f4                TIM2_HANDLER
 .text.TIM3_HANDLER
                0x00000000080003fa        0x6 ./Startup/stm32f303x6_startup.o
                0x00000000080003fa                TIM3_HANDLER
 .text.TIM4_HANDLER
                0x0000000008000400        0x6 ./Startup/stm32f303x6_startup.o
                0x0000000008000400                TIM4_HANDLER
 .text.I2C1_EV_HANDLER
                0x0000000008000406        0x6 ./Startup/stm32f303x6_startup.o
                0x0000000008000406                I2C1_EV_HANDLER
 .text.I2C1_ER_HANDLER
                0x000000000800040c        0x6 ./Startup/stm32f303x6_startup.o
                0x000000000800040c                I2C1_ER_HANDLER
 .text.I2C2_EV_HANDLER
                0x0000000008000412        0x6 ./Startup/stm32f303x6_startup.o
                0x0000000008000412                I2C2_EV_HANDLER
 .text.I2C2_ER_HANDLER
                0x0000000008000418        0x6 ./Startup/stm32f303x6_startup.o
                0x0000000008000418                I2C2_ER_HANDLER
 .text.SPI1_HANDLER
                0x000000000800041e        0x6 ./Startup/stm32f303x6_startup.o
                0x000000000800041e                SPI1_HANDLER
 .text.SPI2_HANDLER
                0x0000000008000424        0x6 ./Startup/stm32f303x6_startup.o
                0x0000000008000424                SPI2_HANDLER
 .text.USART1_HANDLER
                0x000000000800042a        0x6 ./Startup/stm32f303x6_startup.o
                0x000000000800042a                USART1_HANDLER
 .text.USART2_HANDLER
                0x0000000008000430        0x6 ./Startup/stm32f303x6_startup.o
                0x0000000008000430                USART2_HANDLER
 .text.USART3_HANDLER
                0x0000000008000436        0x6 ./Startup/stm32f303x6_startup.o
                0x0000000008000436                USART3_HANDLER
 .text.EXTI15_10_HANDLER
                0x000000000800043c        0x6 ./Startup/stm32f303x6_startup.o
                0x000000000800043c                EXTI15_10_HANDLER
 .text.RTC_ALARM_HANDLER
                0x0000000008000442        0x6 ./Startup/stm32f303x6_startup.o
                0x0000000008000442                RTC_ALARM_HANDLER
 .text.USB_WAKEUP_HANDLER
                0x0000000008000448        0x6 ./Startup/stm32f303x6_startup.o
                0x0000000008000448                USB_WAKEUP_HANDLER
 .text.TIM8_BRK_HANDLER
                0x000000000800044e        0x6 ./Startup/stm32f303x6_startup.o
                0x000000000800044e                TIM8_BRK_HANDLER
 .text.TIM8_UP_HANDLER
                0x0000000008000454        0x6 ./Startup/stm32f303x6_startup.o
                0x0000000008000454                TIM8_UP_HANDLER
 .text.TIM8_TRG_COM_HANDLER
                0x000000000800045a        0x6 ./Startup/stm32f303x6_startup.o
                0x000000000800045a                TIM8_TRG_COM_HANDLER
 .text.TIM8_CC_HANDLER
                0x0000000008000460        0x6 ./Startup/stm32f303x6_startup.o
                0x0000000008000460                TIM8_CC_HANDLER
 .text.ADC3_HANDLER
                0x0000000008000466        0x6 ./Startup/stm32f303x6_startup.o
                0x0000000008000466                ADC3_HANDLER
 .text.FMC_HANDLER
                0x000000000800046c        0x6 ./Startup/stm32f303x6_startup.o
                0x000000000800046c                FMC_HANDLER
 .text.SPI3_HANDLER
                0x0000000008000472        0x6 ./Startup/stm32f303x6_startup.o
                0x0000000008000472                SPI3_HANDLER
 .text.UART4_HANDLER
                0x0000000008000478        0x6 ./Startup/stm32f303x6_startup.o
                0x0000000008000478                UART4_HANDLER
 .text.UART5_HANDLER
                0x000000000800047e        0x6 ./Startup/stm32f303x6_startup.o
                0x000000000800047e                UART5_HANDLER
 .text.TIM6_DAC_HANDLER
                0x0000000008000484        0x6 ./Startup/stm32f303x6_startup.o
                0x0000000008000484                TIM6_DAC_HANDLER
 .text.TIM7_HANDLER
                0x000000000800048a        0x6 ./Startup/stm32f303x6_startup.o
                0x000000000800048a                TIM7_HANDLER
 .text.DMA2_CHANNEL1_HANDLER
                0x0000000008000490        0x6 ./Startup/stm32f303x6_startup.o
                0x0000000008000490                DMA2_CHANNEL1_HANDLER
 .text.DMA2_CHANNEL2_HANDLER
                0x0000000008000496        0x6 ./Startup/stm32f303x6_startup.o
                0x0000000008000496                DMA2_CHANNEL2_HANDLER
 .text.DMA2_CHANNEL3_HANDLER
                0x000000000800049c        0x6 ./Startup/stm32f303x6_startup.o
                0x000000000800049c                DMA2_CHANNEL3_HANDLER
 .text.DMA2_CHANNEL4_HANDLER
                0x00000000080004a2        0x6 ./Startup/stm32f303x6_startup.o
                0x00000000080004a2                DMA2_CHANNEL4_HANDLER
 .text.DMA2_CHANNEL5_HANDLER
                0x00000000080004a8        0x6 ./Startup/stm32f303x6_startup.o
                0x00000000080004a8                DMA2_CHANNEL5_HANDLER
 .text.ADC4_HANDLER
                0x00000000080004ae        0x6 ./Startup/stm32f303x6_startup.o
                0x00000000080004ae                ADC4_HANDLER
 .text.COMP1_COMP2_COMP3_HANDLER
                0x00000000080004b4        0x6 ./Startup/stm32f303x6_startup.o
                0x00000000080004b4                COMP1_COMP2_COMP3_HANDLER
 .text.COMP4_COMP5_COMP6_HANDLER
                0x00000000080004ba        0x6 ./Startup/stm32f303x6_startup.o
                0x00000000080004ba                COMP4_COMP5_COMP6_HANDLER
 .text.COMP7_HANDLER
                0x00000000080004c0        0x6 ./Startup/stm32f303x6_startup.o
                0x00000000080004c0                COMP7_HANDLER
 .text.I2C3_EV_HANDLER
                0x00000000080004c6        0x6 ./Startup/stm32f303x6_startup.o
                0x00000000080004c6                I2C3_EV_HANDLER
 .text.I2C3_ER_HANDLER
                0x00000000080004cc        0x6 ./Startup/stm32f303x6_startup.o
                0x00000000080004cc                I2C3_ER_HANDLER
 .text.USB_HP_HANDLER
                0x00000000080004d2        0x6 ./Startup/stm32f303x6_startup.o
                0x00000000080004d2                USB_HP_HANDLER
 .text.USB_HL_HANDLER
                0x00000000080004d8        0x6 ./Startup/stm32f303x6_startup.o
                0x00000000080004d8                USB_HL_HANDLER
 .text.USB_WAKEUP_RMP_HANDLER
                0x00000000080004de        0x6 ./Startup/stm32f303x6_startup.o
                0x00000000080004de                USB_WAKEUP_RMP_HANDLER
 .text.TIM20_BRK_HANDLER
                0x00000000080004e4        0x6 ./Startup/stm32f303x6_startup.o
                0x00000000080004e4                TIM20_BRK_HANDLER
 .text.TIM20_UP_HANDLER
                0x00000000080004ea        0x6 ./Startup/stm32f303x6_startup.o
                0x00000000080004ea                TIM20_UP_HANDLER
 .text.TIM20_TRG_COM_HANDLER
                0x00000000080004f0        0x6 ./Startup/stm32f303x6_startup.o
                0x00000000080004f0                TIM20_TRG_COM_HANDLER
 .text.TIM20_CC_HANDLER
                0x00000000080004f6        0x6 ./Startup/stm32f303x6_startup.o
                0x00000000080004f6                TIM20_CC_HANDLER
 .text.FPU_HANDLER
                0x00000000080004fc        0x6 ./Startup/stm32f303x6_startup.o
                0x00000000080004fc                FPU_HANDLER
 .text.SPI4_HANDLER
                0x0000000008000502        0x6 ./Startup/stm32f303x6_startup.o
                0x0000000008000502                SPI4_HANDLER
 *(.init)
 .init          0x0000000008000508        0x4 c:/st/stm32cubeide_1.7.0/stm32cubeide/plugins/com.st.stm32cube.ide.mcu.externaltools.gnu-tools-for-stm32.9-2020-q2-update.win32_2.0.0.202105311346/tools/bin/../lib/gcc/arm-none-eabi/9.3.1/thumb/v7e-m+fp/hard/crti.o
                0x0000000008000508                _init
 *(.fini)
 .fini          0x000000000800050c        0x4 c:/st/stm32cubeide_1.7.0/stm32cubeide/plugins/com.st.stm32cube.ide.mcu.externaltools.gnu-tools-for-stm32.9-2020-q2-update.win32_2.0.0.202105311346/tools/bin/../lib/gcc/arm-none-eabi/9.3.1/thumb/v7e-m+fp/hard/crti.o
                0x000000000800050c                _fini
 *(.rodata)
 *(.rodata.*)
 *(.glue_7)
 .glue_7        0x0000000008000510        0x0 linker stubs
 *(.glue_7t)
 .glue_7t       0x0000000008000510        0x0 linker stubs
 *(.eh_frame)
                0x0000000008000510                . = ALIGN (0x4)
                0x0000000008000510                _etext = .

.vfp11_veneer   0x0000000008000510        0x0
 .vfp11_veneer  0x0000000008000510        0x0 linker stubs

.v4_bx          0x0000000008000510        0x0
 .v4_bx         0x0000000008000510        0x0 linker stubs

.iplt           0x0000000008000510        0x0
 .iplt          0x0000000008000510        0x0 ./APP/LED/Core/Led_core.o

.rel.dyn        0x0000000008000510        0x0
 .rel.iplt      0x0000000008000510        0x0 ./APP/LED/Core/Led_core.o

.data           0x0000000020000000        0x0 load address 0x0000000008000510
                0x0000000020000000                _sdata = .
 *(.data)
 *(.data.*)
                0x0000000020000000                . = ALIGN (0x4)
                0x0000000020000000                _edata = .

.igot.plt       0x0000000020000000        0x0 load address 0x0000000008000510
 .igot.plt      0x0000000020000000        0x0 ./APP/LED/Core/Led_core.o

.bss            0x0000000020000000        0x0 load address 0x0000000008000510
                0x0000000020000000                _sbss = .
 *(.bss)
 *(.bss.*)
 *(COMMON)
                0x0000000020000000                . = ALIGN (0x4)
                0x0000000020000000                _ebss = .
OUTPUT(NucleoF303RE.elf elf32-littlearm)
LOAD linker stubs

.ARM.attributes
                0x0000000000000000       0x30
 .ARM.attributes
                0x0000000000000000       0x1e c:/st/stm32cubeide_1.7.0/stm32cubeide/plugins/com.st.stm32cube.ide.mcu.externaltools.gnu-tools-for-stm32.9-2020-q2-update.win32_2.0.0.202105311346/tools/bin/../lib/gcc/arm-none-eabi/9.3.1/thumb/v7e-m+fp/hard/crti.o
 .ARM.attributes
                0x000000000000001e       0x34 ./APP/LED/Core/Led_core.o
 .ARM.attributes
                0x0000000000000052       0x34 ./MCAL/STM32F303RE_MCAL/BSW/Port/Core/Port_core.o
 .ARM.attributes
                0x0000000000000086       0x34 ./Src/main.o
 .ARM.attributes
                0x00000000000000ba       0x34 ./Startup/stm32f303x6_startup.o

.comment        0x0000000000000000       0x53
 .comment       0x0000000000000000       0x53 ./APP/LED/Core/Led_core.o
                                         0x54 (size before relaxing)
 .comment       0x0000000000000053       0x54 ./MCAL/STM32F303RE_MCAL/BSW/Port/Core/Port_core.o
 .comment       0x0000000000000053       0x54 ./Src/main.o
 .comment       0x0000000000000053       0x54 ./Startup/stm32f303x6_startup.o

.debug_info     0x0000000000000000      0x998
 .debug_info    0x0000000000000000       0xd0 ./APP/LED/Core/Led_core.o
 .debug_info    0x00000000000000d0       0x9a ./MCAL/STM32F303RE_MCAL/BSW/Port/Core/Port_core.o
 .debug_info    0x000000000000016a       0xac ./Src/main.o
 .debug_info    0x0000000000000216      0x782 ./Startup/stm32f303x6_startup.o

.debug_abbrev   0x0000000000000000      0x1ed
 .debug_abbrev  0x0000000000000000       0x54 ./APP/LED/Core/Led_core.o
 .debug_abbrev  0x0000000000000054       0x54 ./MCAL/STM32F303RE_MCAL/BSW/Port/Core/Port_core.o
 .debug_abbrev  0x00000000000000a8       0x69 ./Src/main.o
 .debug_abbrev  0x0000000000000111       0xdc ./Startup/stm32f303x6_startup.o

.debug_aranges  0x0000000000000000      0x328
 .debug_aranges
                0x0000000000000000       0x38 ./APP/LED/Core/Led_core.o
 .debug_aranges
                0x0000000000000038       0x20 ./MCAL/STM32F303RE_MCAL/BSW/Port/Core/Port_core.o
 .debug_aranges
                0x0000000000000058       0x20 ./Src/main.o
 .debug_aranges
                0x0000000000000078      0x2b0 ./Startup/stm32f303x6_startup.o

.debug_ranges   0x0000000000000000      0x2e8
 .debug_ranges  0x0000000000000000       0x28 ./APP/LED/Core/Led_core.o
 .debug_ranges  0x0000000000000028       0x10 ./MCAL/STM32F303RE_MCAL/BSW/Port/Core/Port_core.o
 .debug_ranges  0x0000000000000038       0x10 ./Src/main.o
 .debug_ranges  0x0000000000000048      0x2a0 ./Startup/stm32f303x6_startup.o

.debug_macro    0x0000000000000000     0x28be
 .debug_macro   0x0000000000000000       0xb7 ./APP/LED/Core/Led_core.o
 .debug_macro   0x00000000000000b7      0xa96 ./APP/LED/Core/Led_core.o
 .debug_macro   0x0000000000000b4d       0x22 ./APP/LED/Core/Led_core.o
 .debug_macro   0x0000000000000b6f       0x8e ./APP/LED/Core/Led_core.o
 .debug_macro   0x0000000000000bfd       0x51 ./APP/LED/Core/Led_core.o
 .debug_macro   0x0000000000000c4e      0x103 ./APP/LED/Core/Led_core.o
 .debug_macro   0x0000000000000d51       0x6a ./APP/LED/Core/Led_core.o
 .debug_macro   0x0000000000000dbb      0x1df ./APP/LED/Core/Led_core.o
 .debug_macro   0x0000000000000f9a      0x886 ./APP/LED/Core/Led_core.o
 .debug_macro   0x0000000000001820      0x220 ./APP/LED/Core/Led_core.o
 .debug_macro   0x0000000000001a40      0x1f0 ./APP/LED/Core/Led_core.o
 .debug_macro   0x0000000000001c30       0x16 ./APP/LED/Core/Led_core.o
 .debug_macro   0x0000000000001c46       0x8a ./MCAL/STM32F303RE_MCAL/BSW/Port/Core/Port_core.o
 .debug_macro   0x0000000000001cd0       0xb1 ./Src/main.o
 .debug_macro   0x0000000000001d81      0x880 ./Src/main.o
 .debug_macro   0x0000000000002601      0x226 ./Src/main.o
 .debug_macro   0x0000000000002827       0x1c ./Src/main.o
 .debug_macro   0x0000000000002843       0x7b ./Startup/stm32f303x6_startup.o

.debug_line     0x0000000000000000     0x1e34
 .debug_line    0x0000000000000000      0x6b9 ./APP/LED/Core/Led_core.o
 .debug_line    0x00000000000006b9      0x4e0 ./MCAL/STM32F303RE_MCAL/BSW/Port/Core/Port_core.o
 .debug_line    0x0000000000000b99      0x696 ./Src/main.o
 .debug_line    0x000000000000122f      0xc05 ./Startup/stm32f303x6_startup.o

.debug_str      0x0000000000000000     0xae4d
 .debug_str     0x0000000000000000     0xa746 ./APP/LED/Core/Led_core.o
                                       0xa8aa (size before relaxing)
 .debug_str     0x000000000000a746       0x3d ./MCAL/STM32F303RE_MCAL/BSW/Port/Core/Port_core.o
                                       0xa7d2 (size before relaxing)
 .debug_str     0x000000000000a783       0x13 ./Src/main.o
                                       0xa87f (size before relaxing)
 .debug_str     0x000000000000a796      0x6b7 ./Startup/stm32f303x6_startup.o
                                       0x436e (size before relaxing)

.debug_frame    0x0000000000000000      0x8d0
 .debug_frame   0x0000000000000000       0x90 ./APP/LED/Core/Led_core.o
 .debug_frame   0x0000000000000090       0x30 ./MCAL/STM32F303RE_MCAL/BSW/Port/Core/Port_core.o
 .debug_frame   0x00000000000000c0       0x30 ./Src/main.o
 .debug_frame   0x00000000000000f0      0x7e0 ./Startup/stm32f303x6_startup.o
