stm32f303x6_startup.c:290:6:RESET_HANDLER	32	static
stm32f303x6_startup.c:331:30:NMI_HANDLER	4	static
stm32f303x6_startup.c:337:30:HARDFAULT_HANDLER	4	static
stm32f303x6_startup.c:343:30:MEMMANGE_HANDLER	4	static
stm32f303x6_startup.c:349:30:BUSFAULT_HANDLER	4	static
stm32f303x6_startup.c:355:30:USAGEFAULT_HANDLER	4	static
stm32f303x6_startup.c:361:30:SVCALL_HANDLER	4	static
stm32f303x6_startup.c:367:30:PENDSV_HANDLER	4	static
stm32f303x6_startup.c:373:30:SYSTICK_HANDLER	4	static
stm32f303x6_startup.c:379:30:WWDG_HANDLER	4	static
stm32f303x6_startup.c:384:30:PVD_HANDLER	4	static
stm32f303x6_startup.c:389:30:TAMPER_STAMP_HANDLER	4	static
stm32f303x6_startup.c:394:30:RTC_WKUP_HANDLER	4	static
stm32f303x6_startup.c:399:30:FLASH_HANDLER	4	static
stm32f303x6_startup.c:404:30:RCC_HANDLER	4	static
stm32f303x6_startup.c:409:30:EXTI0_HANDLER	4	static
stm32f303x6_startup.c:414:30:EXTI1_HANDLER	4	static
stm32f303x6_startup.c:419:30:EXTI2_TS_HANDLER	4	static
stm32f303x6_startup.c:424:30:EXTI3_HANDLER	4	static
stm32f303x6_startup.c:429:30:EXTI4_HANDLER	4	static
stm32f303x6_startup.c:434:30:DMA1_CHANNEL1_HANDLER	4	static
stm32f303x6_startup.c:439:30:DMA1_CHANNEL2_HANDLER	4	static
stm32f303x6_startup.c:444:30:DMA1_CHANNEL3_HANDLER	4	static
stm32f303x6_startup.c:449:30:DMA1_CHANNEL4_HANDLER	4	static
stm32f303x6_startup.c:454:30:DMA1_CHANNEL5_HANDLER	4	static
stm32f303x6_startup.c:459:30:DMA1_CHANNEL6_HANDLER	4	static
stm32f303x6_startup.c:464:30:DMA1_CHANNEL7_HANDLER	4	static
stm32f303x6_startup.c:469:30:ADC1_ADC2_GLOBAL_HANDLER	4	static
stm32f303x6_startup.c:474:30:USB_HP_CAN_TX_HANDLER	4	static
stm32f303x6_startup.c:479:30:USB_LP_CAN_RX0_HANDLER	4	static
stm32f303x6_startup.c:484:30:CAN_RX1_HANDLER	4	static
stm32f303x6_startup.c:489:30:CAN_SCE_HANDLER	4	static
stm32f303x6_startup.c:494:30:EXTI9_5_HANDLER	4	static
stm32f303x6_startup.c:499:30:TIM1_BRK_TIM15_HANDLER	4	static
stm32f303x6_startup.c:504:30:TIM1_UP_TIM16_HANDLER	4	static
stm32f303x6_startup.c:509:30:TIM1_TRG_COM_TIM17_HANDLER	4	static
stm32f303x6_startup.c:514:30:TIM1_CC_HANDLER	4	static
stm32f303x6_startup.c:519:30:TIM2_HANDLER	4	static
stm32f303x6_startup.c:524:30:TIM3_HANDLER	4	static
stm32f303x6_startup.c:529:30:TIM4_HANDLER	4	static
stm32f303x6_startup.c:534:30:I2C1_EV_HANDLER	4	static
stm32f303x6_startup.c:539:30:I2C1_ER_HANDLER	4	static
stm32f303x6_startup.c:544:30:I2C2_EV_HANDLER	4	static
stm32f303x6_startup.c:549:30:I2C2_ER_HANDLER	4	static
stm32f303x6_startup.c:554:30:SPI1_HANDLER	4	static
stm32f303x6_startup.c:559:30:SPI2_HANDLER	4	static
stm32f303x6_startup.c:564:30:USART1_HANDLER	4	static
stm32f303x6_startup.c:569:30:USART2_HANDLER	4	static
stm32f303x6_startup.c:574:30:USART3_HANDLER	4	static
stm32f303x6_startup.c:579:30:EXTI15_10_HANDLER	4	static
stm32f303x6_startup.c:584:30:RTC_ALARM_HANDLER	4	static
stm32f303x6_startup.c:589:30:USB_WAKEUP_HANDLER	4	static
stm32f303x6_startup.c:594:30:TIM8_BRK_HANDLER	4	static
stm32f303x6_startup.c:599:30:TIM8_UP_HANDLER	4	static
stm32f303x6_startup.c:604:30:TIM8_TRG_COM_HANDLER	4	static
stm32f303x6_startup.c:609:30:TIM8_CC_HANDLER	4	static
stm32f303x6_startup.c:614:30:ADC3_HANDLER	4	static
stm32f303x6_startup.c:619:30:FMC_HANDLER	4	static
stm32f303x6_startup.c:624:30:SPI3_HANDLER	4	static
stm32f303x6_startup.c:629:30:UART4_HANDLER	4	static
stm32f303x6_startup.c:634:30:UART5_HANDLER	4	static
stm32f303x6_startup.c:639:30:TIM6_DAC_HANDLER	4	static
stm32f303x6_startup.c:644:30:TIM7_HANDLER	4	static
stm32f303x6_startup.c:649:30:DMA2_CHANNEL1_HANDLER	4	static
stm32f303x6_startup.c:654:30:DMA2_CHANNEL2_HANDLER	4	static
stm32f303x6_startup.c:659:30:DMA2_CHANNEL3_HANDLER	4	static
stm32f303x6_startup.c:664:30:DMA2_CHANNEL4_HANDLER	4	static
stm32f303x6_startup.c:669:30:DMA2_CHANNEL5_HANDLER	4	static
stm32f303x6_startup.c:674:30:ADC4_HANDLER	4	static
stm32f303x6_startup.c:679:30:COMP1_COMP2_COMP3_HANDLER	4	static
stm32f303x6_startup.c:684:30:COMP4_COMP5_COMP6_HANDLER	4	static
stm32f303x6_startup.c:689:30:COMP7_HANDLER	4	static
stm32f303x6_startup.c:694:30:I2C3_EV_HANDLER	4	static
stm32f303x6_startup.c:699:30:I2C3_ER_HANDLER	4	static
stm32f303x6_startup.c:704:30:USB_HP_HANDLER	4	static
stm32f303x6_startup.c:709:30:USB_HL_HANDLER	4	static
stm32f303x6_startup.c:714:30:USB_WAKEUP_RMP_HANDLER	4	static
stm32f303x6_startup.c:719:30:TIM20_BRK_HANDLER	4	static
stm32f303x6_startup.c:724:30:TIM20_UP_HANDLER	4	static
stm32f303x6_startup.c:729:30:TIM20_TRG_COM_HANDLER	4	static
stm32f303x6_startup.c:734:30:TIM20_CC_HANDLER	4	static
stm32f303x6_startup.c:739:30:FPU_HANDLER	4	static
stm32f303x6_startup.c:744:30:SPI4_HANDLER	4	static
